<html>
<body>
<pre>
<h1>µVision Build Log</h1>
<h2>Tool Versions:</h2>
IDE-Version: ¦ÌVision V5.29.0.0
Copyright (C) 2019 ARM Ltd and ARM Germany GmbH. All rights reserved.
License Information: Administrator,  , LIC=47GU5-GQLMK-DY8V3-A0MUC-I2FWP-VULZ1
 
Tool Versions:
Toolchain:       MDK-ARM Plus  Version: 5.27.0.0
Toolchain Path:  C:\Keil_v5\ARM\ARMCC\Bin
C Compiler:      Armcc.exe V5.06 update 6 (build 750)
Assembler:       Armasm.exe V5.06 update 6 (build 750)
Linker/Locator:  ArmLink.exe V5.06 update 6 (build 750)
Library Manager: ArmAr.exe V5.06 update 6 (build 750)
Hex Converter:   FromElf.exe V5.06 update 6 (build 750)
CPU DLL:         SARMCM3.DLL V5.27.0.0
Dialog DLL:      DARMCM1.DLL V1.19.2.0
Target DLL:      CMSIS_AGDI.dll V1.31.9.0
Dialog DLL:      TARMCM1.DLL V1.14.1.0
 
<h2>Project:</h2>
H:\Github\MR-Z-Mini-oscilloscope\Single_module_development\15.sensor\Example\STM32G0_BMX160\MDK-ARM\STM32G0_BMX160.uvprojx
Project File Date:  09/04/2021

<h2>Output:</h2>
*** Using Compiler 'V5.06 update 6 (build 750)', folder: 'C:\Keil_v5\ARM\ARMCC\Bin'
Build target 'STM32G0_BMX160'
compiling main.c...
..\BMX160\BMX160_use.h(64): warning:  #1-D: last line of file ends without a newline
  #endif /* __BMX160_use_H__ */
../Core/Src/main.c: 1 warning, 0 errors
compiling BMX160_Algorithm.c...
..\BMX160\BMX160_use.h(64): warning:  #1-D: last line of file ends without a newline
  #endif /* __BMX160_use_H__ */
..\BMX160\BMX160_Algorithm.c(21): warning:  #111-D: statement is unreachable
          return RE_NUM;
..\BMX160\BMX160_Algorithm.c(82): warning:  #1-D: last line of file ends without a newline
  }
..\BMX160\BMX160_Algorithm.c: 3 warnings, 0 errors
compiling BMX160_use.c...
..\BMX160\BMX160_use.h(64): warning:  #1-D: last line of file ends without a newline
  #endif /* __BMX160_use_H__ */
..\BMX160\BMX160_use.c(130): warning:  #940-D: missing return statement at end of non-void function "BMX160_Get_MAG" 
  }
..\BMX160\BMX160_use.c(718): warning:  #940-D: missing return statement at end of non-void function "BMX160_MAG_Sampling_Mode" 
  }
..\BMX160\BMX160_use.c(944): warning:  #1-D: last line of file ends without a newline
  }
..\BMX160\BMX160_use.c: 4 warnings, 0 errors
linking...
Program Size: Code=18192 RO-data=488 RW-data=24 ZI-data=1408  
FromELF: creating hex file...
"STM32G0_BMX160\STM32G0_BMX160.axf" - 0 Error(s), 8 Warning(s).

<h2>Software Packages used:</h2>

Package Vendor: ARM
                http://www.keil.com/pack/ARM.CMSIS.5.4.0.pack
                ARM.CMSIS.5.4.0
                CMSIS (Cortex Microcontroller Software Interface Standard)
   * Component: CORE Version: 5.1.2

Package Vendor: Keil
                http://www.keil.com/pack/Keil.STM32G0xx_DFP.1.3.0.pack
                Keil.STM32G0xx_DFP.1.3.0
                STMicroelectronics STM32G0 Series Device Support

<h2>Collection of Component include folders:</h2>
  .\RTE\_STM32G0_BMX160
  C:\Keil_v5\ARM\PACK\ARM\CMSIS\5.4.0\CMSIS\Core\Include
  C:\Keil_v5\ARM\PACK\Keil\STM32G0xx_DFP\1.3.0\Drivers\CMSIS\Device\ST\STM32G0xx\Include

<h2>Collection of Component Files used:</h2>

   * Component: ARM::CMSIS:CORE:5.1.2
Build Time Elapsed:  00:00:03
</pre>
</body>
</html>
