Component: ARM Compiler 5.06 update 6 (build 750) Tool: armlink [4d35ed]

==============================================================================

Section Cross References

    startup_stm32g071xx.o(RESET) refers to startup_stm32g071xx.o(STACK) for __initial_sp
    startup_stm32g071xx.o(RESET) refers to startup_stm32g071xx.o(.text) for Reset_Handler
    startup_stm32g071xx.o(RESET) refers to stm32g0xx_it.o(i.NMI_Handler) for NMI_Handler
    startup_stm32g071xx.o(RESET) refers to stm32g0xx_it.o(i.HardFault_Handler) for HardFault_Handler
    startup_stm32g071xx.o(RESET) refers to stm32g0xx_it.o(i.SVC_Handler) for SVC_Handler
    startup_stm32g071xx.o(RESET) refers to stm32g0xx_it.o(i.PendSV_Handler) for PendSV_Handler
    startup_stm32g071xx.o(RESET) refers to stm32g0xx_it.o(i.SysTick_Handler) for SysTick_Handler
    startup_stm32g071xx.o(.text) refers to system_stm32g0xx.o(i.SystemInit) for SystemInit
    startup_stm32g071xx.o(.text) refers to entry.o(.ARM.Collect$$$$00000000) for __main
    main.o(i.SystemClock_Config) refers to memseta.o(.text) for __aeabi_memclr4
    main.o(i.SystemClock_Config) refers to stm32g0xx_hal_pwr_ex.o(i.HAL_PWREx_ControlVoltageScaling) for HAL_PWREx_ControlVoltageScaling
    main.o(i.SystemClock_Config) refers to stm32g0xx_hal_rcc.o(i.HAL_RCC_OscConfig) for HAL_RCC_OscConfig
    main.o(i.SystemClock_Config) refers to stm32g0xx_hal_rcc.o(i.HAL_RCC_ClockConfig) for HAL_RCC_ClockConfig
    main.o(i.SystemClock_Config) refers to stm32g0xx_hal_rcc_ex.o(i.HAL_RCCEx_PeriphCLKConfig) for HAL_RCCEx_PeriphCLKConfig
    main.o(i.main) refers to stm32g0xx_hal.o(i.HAL_Init) for HAL_Init
    main.o(i.main) refers to main.o(i.SystemClock_Config) for SystemClock_Config
    main.o(i.main) refers to gpio.o(i.MX_GPIO_Init) for MX_GPIO_Init
    main.o(i.main) refers to i2c.o(i.MX_I2C1_Init) for MX_I2C1_Init
    main.o(i.main) refers to usart.o(i.MX_USART2_UART_Init) for MX_USART2_UART_Init
    main.o(i.main) refers to bme280.o(i.BME280_Init) for BME280_Init
    i2c.o(i.HAL_I2C_MspDeInit) refers to stm32g0xx_hal_gpio.o(i.HAL_GPIO_DeInit) for HAL_GPIO_DeInit
    i2c.o(i.HAL_I2C_MspInit) refers to memseta.o(.text) for __aeabi_memclr4
    i2c.o(i.HAL_I2C_MspInit) refers to stm32g0xx_hal_gpio.o(i.HAL_GPIO_Init) for HAL_GPIO_Init
    i2c.o(i.MX_I2C1_Init) refers to stm32g0xx_hal_i2c.o(i.HAL_I2C_Init) for HAL_I2C_Init
    i2c.o(i.MX_I2C1_Init) refers to main.o(i.Error_Handler) for Error_Handler
    i2c.o(i.MX_I2C1_Init) refers to stm32g0xx_hal_i2c_ex.o(i.HAL_I2CEx_ConfigAnalogFilter) for HAL_I2CEx_ConfigAnalogFilter
    i2c.o(i.MX_I2C1_Init) refers to stm32g0xx_hal_i2c_ex.o(i.HAL_I2CEx_ConfigDigitalFilter) for HAL_I2CEx_ConfigDigitalFilter
    i2c.o(i.MX_I2C1_Init) refers to i2c.o(.bss) for .bss
    usart.o(i.HAL_UART_MspDeInit) refers to stm32g0xx_hal_gpio.o(i.HAL_GPIO_DeInit) for HAL_GPIO_DeInit
    usart.o(i.HAL_UART_MspInit) refers to memseta.o(.text) for __aeabi_memclr4
    usart.o(i.HAL_UART_MspInit) refers to stm32g0xx_hal_gpio.o(i.HAL_GPIO_Init) for HAL_GPIO_Init
    usart.o(i.MX_USART2_UART_Init) refers to stm32g0xx_hal_uart.o(i.HAL_UART_Init) for HAL_UART_Init
    usart.o(i.MX_USART2_UART_Init) refers to main.o(i.Error_Handler) for Error_Handler
    usart.o(i.MX_USART2_UART_Init) refers to stm32g0xx_hal_uart_ex.o(i.HAL_UARTEx_SetTxFifoThreshold) for HAL_UARTEx_SetTxFifoThreshold
    usart.o(i.MX_USART2_UART_Init) refers to stm32g0xx_hal_uart_ex.o(i.HAL_UARTEx_SetRxFifoThreshold) for HAL_UARTEx_SetRxFifoThreshold
    usart.o(i.MX_USART2_UART_Init) refers to stm32g0xx_hal_uart_ex.o(i.HAL_UARTEx_DisableFifoMode) for HAL_UARTEx_DisableFifoMode
    usart.o(i.MX_USART2_UART_Init) refers to usart.o(.bss) for .bss
    usart.o(i.Usart_SendString) refers to stm32g0xx_hal_uart.o(i.HAL_UART_Transmit) for HAL_UART_Transmit
    usart.o(i.Usart_SendString) refers to usart.o(.bss) for .bss
    usart.o(i.fgetc) refers to stm32g0xx_hal_uart.o(i.HAL_UART_Receive) for HAL_UART_Receive
    usart.o(i.fgetc) refers to usart.o(.bss) for .bss
    usart.o(i.fputc) refers to stm32g0xx_hal_uart.o(i.HAL_UART_Transmit) for HAL_UART_Transmit
    usart.o(i.fputc) refers to usart.o(.bss) for .bss
    stm32g0xx_it.o(i.SysTick_Handler) refers to stm32g0xx_hal.o(i.HAL_IncTick) for HAL_IncTick
    stm32g0xx_hal_msp.o(i.HAL_MspInit) refers to stm32g0xx_hal.o(i.HAL_SYSCFG_StrobeDBattpinsConfig) for HAL_SYSCFG_StrobeDBattpinsConfig
    bme280.o(i.BME280_Configuration) refers to bme280.o(i.Bit_Modification) for Bit_Modification
    bme280.o(i.BME280_Configuration) refers to bme280.o(i.BME280_Write) for BME280_Write
    bme280.o(i.BME280_Get_DIG) refers to bme280.o(i.BME280_Read) for BME280_Read
    bme280.o(i.BME280_Get_DIG) refers to memseta.o(.text) for __aeabi_memclr4
    bme280.o(i.BME280_Get_HUM) refers to bme280.o(i.BME280_Read) for BME280_Read
    bme280.o(i.BME280_Get_HUM) refers to dfltui.o(.text) for __aeabi_ui2d
    bme280.o(i.BME280_Get_HUM) refers to dadd.o(.text) for __aeabi_dsub
[...]
    Removing usart.o(i.fgetc), (36 bytes).
    Removing stm32g0xx_it.o(.rev16_text), (4 bytes).
    Removing stm32g0xx_it.o(.revsh_text), (4 bytes).
    Removing stm32g0xx_hal_msp.o(.rev16_text), (4 bytes).
    Removing stm32g0xx_hal_msp.o(.revsh_text), (4 bytes).
    Removing bme280.o(.rev16_text), (4 bytes).
    Removing bme280.o(.revsh_text), (4 bytes).
    Removing bme280.o(i.BME280_Get_HUM), (372 bytes).
    Removing bme280.o(i.BME280_Get_Press), (564 bytes).
    Removing bme280.o(i.BME280_Get_Temp), (256 bytes).
    Removing bme280.o(i.BME280_SPI_Read), (2 bytes).
    Removing bme280.o(i.BME280_SPI_Write), (2 bytes).
    Removing bme280.o(i.Binary_To_Decimal), (116 bytes).
    Removing bme280.o(i.Extract_text), (44 bytes).
    Removing stm32g0xx_hal_i2c.o(.rev16_text), (4 bytes).
    Removing stm32g0xx_hal_i2c.o(.revsh_text), (4 bytes).
    Removing stm32g0xx_hal_i2c.o(i.HAL_I2C_AbortCpltCallback), (2 bytes).
    Removing stm32g0xx_hal_i2c.o(i.HAL_I2C_AddrCallback), (2 bytes).
    Removing stm32g0xx_hal_i2c.o(i.HAL_I2C_DeInit), (52 bytes).
    Removing stm32g0xx_hal_i2c.o(i.HAL_I2C_DisableListen_IT), (50 bytes).
    Removing stm32g0xx_hal_i2c.o(i.HAL_I2C_ER_IRQHandler), (94 bytes).
    Removing stm32g0xx_hal_i2c.o(i.HAL_I2C_EV_IRQHandler), (16 bytes).
    Removing stm32g0xx_hal_i2c.o(i.HAL_I2C_EnableListen_IT), (40 bytes).
    Removing stm32g0xx_hal_i2c.o(i.HAL_I2C_ErrorCallback), (2 bytes).
    Removing stm32g0xx_hal_i2c.o(i.HAL_I2C_GetError), (4 bytes).
    Removing stm32g0xx_hal_i2c.o(i.HAL_I2C_GetMode), (6 bytes).
    Removing stm32g0xx_hal_i2c.o(i.HAL_I2C_GetState), (6 bytes).
    Removing stm32g0xx_hal_i2c.o(i.HAL_I2C_IsDeviceReady), (288 bytes).
    Removing stm32g0xx_hal_i2c.o(i.HAL_I2C_ListenCpltCallback), (2 bytes).
    Removing stm32g0xx_hal_i2c.o(i.HAL_I2C_MasterRxCpltCallback), (2 bytes).
    Removing stm32g0xx_hal_i2c.o(i.HAL_I2C_MasterTxCpltCallback), (2 bytes).
    Removing stm32g0xx_hal_i2c.o(i.HAL_I2C_Master_Abort_IT), (112 bytes).
    Removing stm32g0xx_hal_i2c.o(i.HAL_I2C_Master_Receive_DMA), (280 bytes).
    Removing stm32g0xx_hal_i2c.o(i.HAL_I2C_Master_Receive_IT), (128 bytes).
    Removing stm32g0xx_hal_i2c.o(i.HAL_I2C_Master_Seq_Receive_DMA), (316 bytes).
    Removing stm32g0xx_hal_i2c.o(i.HAL_I2C_Master_Seq_Receive_IT), (156 bytes).
    Removing stm32g0xx_hal_i2c.o(i.HAL_I2C_Master_Seq_Transmit_DMA), (312 bytes).
    Removing stm32g0xx_hal_i2c.o(i.HAL_I2C_Master_Seq_Transmit_IT), (156 bytes).
    Removing stm32g0xx_hal_i2c.o(i.HAL_I2C_Master_Transmit_DMA), (284 bytes).
    Removing stm32g0xx_hal_i2c.o(i.HAL_I2C_Master_Transmit_IT), (128 bytes).
    Removing stm32g0xx_hal_i2c.o(i.HAL_I2C_MemRxCpltCallback), (2 bytes).
    Removing stm32g0xx_hal_i2c.o(i.HAL_I2C_MemTxCpltCallback), (2 bytes).
    Removing stm32g0xx_hal_i2c.o(i.HAL_I2C_Mem_Read), (340 bytes).
    Removing stm32g0xx_hal_i2c.o(i.HAL_I2C_Mem_Read_DMA), (288 bytes).
    Removing stm32g0xx_hal_i2c.o(i.HAL_I2C_Mem_Read_IT), (188 bytes).
    Removing stm32g0xx_hal_i2c.o(i.HAL_I2C_Mem_Write), (332 bytes).
    Removing stm32g0xx_hal_i2c.o(i.HAL_I2C_Mem_Write_DMA), (280 bytes).
    Removing stm32g0xx_hal_i2c.o(i.HAL_I2C_Mem_Write_IT), (180 bytes).
    Removing stm32g0xx_hal_i2c.o(i.HAL_I2C_MspDeInit), (2 bytes).
    Removing stm32g0xx_hal_i2c.o(i.HAL_I2C_MspInit), (2 bytes).
    Removing stm32g0xx_hal_i2c.o(i.HAL_I2C_SlaveRxCpltCallback), (2 bytes).
    Removing stm32g0xx_hal_i2c.o(i.HAL_I2C_SlaveTxCpltCallback), (2 bytes).
    Removing stm32g0xx_hal_i2c.o(i.HAL_I2C_Slave_Receive), (276 bytes).
    Removing stm32g0xx_hal_i2c.o(i.HAL_I2C_Slave_Receive_DMA), (200 bytes).
    Removing stm32g0xx_hal_i2c.o(i.HAL_I2C_Slave_Receive_IT), (88 bytes).
    Removing stm32g0xx_hal_i2c.o(i.HAL_I2C_Slave_Seq_Receive_DMA), (364 bytes).
    Removing stm32g0xx_hal_i2c.o(i.HAL_I2C_Slave_Seq_Receive_IT), (204 bytes).
    Removing stm32g0xx_hal_i2c.o(i.HAL_I2C_Slave_Seq_Transmit_DMA), (368 bytes).
    Removing stm32g0xx_hal_i2c.o(i.HAL_I2C_Slave_Seq_Transmit_IT), (208 bytes).
    Removing stm32g0xx_hal_i2c.o(i.HAL_I2C_Slave_Transmit), (294 bytes).
    Removing stm32g0xx_hal_i2c.o(i.HAL_I2C_Slave_Transmit_DMA), (196 bytes).
    Removing stm32g0xx_hal_i2c.o(i.HAL_I2C_Slave_Transmit_IT), (88 bytes).
    Removing stm32g0xx_hal_i2c.o(i.I2C_ConvertOtherXferOptions), (28 bytes).
    Removing stm32g0xx_hal_i2c.o(i.I2C_DMAAbort), (28 bytes).
    Removing stm32g0xx_hal_i2c.o(i.I2C_DMAError), (24 bytes).
    Removing stm32g0xx_hal_i2c.o(i.I2C_DMAMasterReceiveCplt), (84 bytes).
    Removing stm32g0xx_hal_i2c.o(i.I2C_DMAMasterTransmitCplt), (84 bytes).
    Removing stm32g0xx_hal_i2c.o(i.I2C_DMASlaveReceiveCplt), (42 bytes).
    Removing stm32g0xx_hal_i2c.o(i.I2C_DMASlaveTransmitCplt), (36 bytes).
    Removing stm32g0xx_hal_i2c.o(i.I2C_Disable_IRQ), (82 bytes).
    Removing stm32g0xx_hal_i2c.o(i.I2C_Enable_IRQ), (92 bytes).
    Removing stm32g0xx_hal_i2c.o(i.I2C_ITAddrCplt), (124 bytes).
    Removing stm32g0xx_hal_i2c.o(i.I2C_ITError), (236 bytes).
    Removing stm32g0xx_hal_i2c.o(i.I2C_ITListenCplt), (104 bytes).
    Removing stm32g0xx_hal_i2c.o(i.I2C_ITMasterCplt), (216 bytes).
    Removing stm32g0xx_hal_i2c.o(i.I2C_ITMasterSeqCplt), (70 bytes).
    Removing stm32g0xx_hal_i2c.o(i.I2C_ITSlaveCplt), (316 bytes).
    Removing stm32g0xx_hal_i2c.o(i.I2C_ITSlaveSeqCplt), (106 bytes).
    Removing stm32g0xx_hal_i2c.o(i.I2C_Master_ISR_DMA), (268 bytes).
    Removing stm32g0xx_hal_i2c.o(i.I2C_Master_ISR_IT), (304 bytes).
    Removing stm32g0xx_hal_i2c.o(i.I2C_RequestMemoryRead), (96 bytes).
    Removing stm32g0xx_hal_i2c.o(i.I2C_RequestMemoryWrite), (96 bytes).
    Removing stm32g0xx_hal_i2c.o(i.I2C_Slave_ISR_DMA), (274 bytes).
    Removing stm32g0xx_hal_i2c.o(i.I2C_Slave_ISR_IT), (304 bytes).
    Removing stm32g0xx_hal_i2c.o(i.I2C_TreatErrorCallback), (38 bytes).
    Removing stm32g0xx_hal_i2c_ex.o(.rev16_text), (4 bytes).
    Removing stm32g0xx_hal_i2c_ex.o(.revsh_text), (4 bytes).
    Removing stm32g0xx_hal_i2c_ex.o(i.HAL_I2CEx_DisableFastModePlus), (36 bytes).
    Removing stm32g0xx_hal_i2c_ex.o(i.HAL_I2CEx_DisableWakeUp), (66 bytes).
    Removing stm32g0xx_hal_i2c_ex.o(i.HAL_I2CEx_EnableFastModePlus), (36 bytes).
    Removing stm32g0xx_hal_i2c_ex.o(i.HAL_I2CEx_EnableWakeUp), (66 bytes).
    Removing stm32g0xx_hal_rcc.o(.rev16_text), (4 bytes).
    Removing stm32g0xx_hal_rcc.o(.revsh_text), (4 bytes).
    Removing stm32g0xx_hal_rcc.o(i.HAL_RCC_CSSCallback), (2 bytes).
    Removing stm32g0xx_hal_rcc.o(i.HAL_RCC_DeInit), (164 bytes).
    Removing stm32g0xx_hal_rcc.o(i.HAL_RCC_DisableLSECSS), (16 bytes).
    Removing stm32g0xx_hal_rcc.o(i.HAL_RCC_EnableCSS), (20 bytes).
    Removing stm32g0xx_hal_rcc.o(i.HAL_RCC_EnableLSECSS), (16 bytes).
    Removing stm32g0xx_hal_rcc.o(i.HAL_RCC_GetClockConfig), (56 bytes).
    Removing stm32g0xx_hal_rcc.o(i.HAL_RCC_GetHCLKFreq), (12 bytes).
    Removing stm32g0xx_hal_rcc.o(i.HAL_RCC_GetOscConfig), (188 bytes).
    Removing stm32g0xx_hal_rcc.o(i.HAL_RCC_LSECSSCallback), (2 bytes).
    Removing stm32g0xx_hal_rcc.o(i.HAL_RCC_MCOConfig), (80 bytes).
    Removing stm32g0xx_hal_rcc.o(i.HAL_RCC_NMI_IRQHandler), (36 bytes).
    Removing stm32g0xx_hal_rcc_ex.o(.rev16_text), (4 bytes).
    Removing stm32g0xx_hal_rcc_ex.o(.revsh_text), (4 bytes).
    Removing stm32g0xx_hal_rcc_ex.o(i.HAL_RCCEx_DisableLSCO), (92 bytes).
    Removing stm32g0xx_hal_rcc_ex.o(i.HAL_RCCEx_EnableLSCO), (140 bytes).
    Removing stm32g0xx_hal_rcc_ex.o(i.HAL_RCCEx_GetPeriphCLKConfig), (120 bytes).
    Removing stm32g0xx_hal_rcc_ex.o(i.HAL_RCCEx_GetPeriphCLKFreq), (668 bytes).
    Removing stm32g0xx_hal_flash.o(.rev16_text), (4 bytes).
    Removing stm32g0xx_hal_flash.o(.revsh_text), (4 bytes).
    Removing stm32g0xx_hal_flash.o(i.FLASH_Program_DoubleWord), (28 bytes).
    Removing stm32g0xx_hal_flash.o(i.FLASH_Program_Fast), (52 bytes).
    Removing stm32g0xx_hal_flash.o(i.FLASH_WaitForLastOperation), (100 bytes).
    Removing stm32g0xx_hal_flash.o(i.HAL_FLASH_EndOfOperationCallback), (2 bytes).
    Removing stm32g0xx_hal_flash.o(i.HAL_FLASH_GetError), (12 bytes).
    Removing stm32g0xx_hal_flash.o(i.HAL_FLASH_IRQHandler), (144 bytes).
    Removing stm32g0xx_hal_flash.o(i.HAL_FLASH_Lock), (28 bytes).
    Removing stm32g0xx_hal_flash.o(i.HAL_FLASH_OB_Launch), (20 bytes).
    Removing stm32g0xx_hal_flash.o(i.HAL_FLASH_OB_Lock), (28 bytes).
    Removing stm32g0xx_hal_flash.o(i.HAL_FLASH_OB_Unlock), (40 bytes).
    Removing stm32g0xx_hal_flash.o(i.HAL_FLASH_OperationErrorCallback), (2 bytes).
    Removing stm32g0xx_hal_flash.o(i.HAL_FLASH_Program), (96 bytes).
    Removing stm32g0xx_hal_flash.o(i.HAL_FLASH_Program_IT), (104 bytes).
    Removing stm32g0xx_hal_flash.o(i.HAL_FLASH_Unlock), (40 bytes).
    Removing stm32g0xx_hal_flash.o(.bss), (28 bytes).
    Removing stm32g0xx_hal_flash_ex.o(.rev16_text), (4 bytes).
    Removing stm32g0xx_hal_flash_ex.o(.revsh_text), (4 bytes).
    Removing stm32g0xx_hal_flash_ex.o(i.FLASH_FlushCaches), (44 bytes).
    Removing stm32g0xx_hal_flash_ex.o(i.FLASH_MassErase), (20 bytes).
    Removing stm32g0xx_hal_flash_ex.o(i.FLASH_OB_GetRDP), (24 bytes).
    Removing stm32g0xx_hal_flash_ex.o(i.FLASH_OB_GetUser), (20 bytes).
    Removing stm32g0xx_hal_flash_ex.o(i.FLASH_OB_OptrConfig), (24 bytes).
    Removing stm32g0xx_hal_flash_ex.o(i.FLASH_PageErase), (32 bytes).
    Removing stm32g0xx_hal_flash_ex.o(i.HAL_FLASHEx_DisableDebugger), (20 bytes).
    Removing stm32g0xx_hal_flash_ex.o(i.HAL_FLASHEx_EnableDebugger), (20 bytes).
    Removing stm32g0xx_hal_flash_ex.o(i.HAL_FLASHEx_EnableSecMemProtection), (16 bytes).
    Removing stm32g0xx_hal_flash_ex.o(i.HAL_FLASHEx_Erase), (136 bytes).
    Removing stm32g0xx_hal_flash_ex.o(i.HAL_FLASHEx_Erase_IT), (108 bytes).
    Removing stm32g0xx_hal_flash_ex.o(i.HAL_FLASHEx_FlashEmptyCheck), (16 bytes).
    Removing stm32g0xx_hal_flash_ex.o(i.HAL_FLASHEx_ForceFlashEmpty), (20 bytes).
    Removing stm32g0xx_hal_flash_ex.o(i.HAL_FLASHEx_OBGetConfig), (160 bytes).
    Removing stm32g0xx_hal_flash_ex.o(i.HAL_FLASHEx_OBProgram), (268 bytes).
    Removing stm32g0xx_hal_gpio.o(.rev16_text), (4 bytes).
    Removing stm32g0xx_hal_gpio.o(.revsh_text), (4 bytes).
    Removing stm32g0xx_hal_gpio.o(i.HAL_GPIO_DeInit), (212 bytes).
    Removing stm32g0xx_hal_gpio.o(i.HAL_GPIO_EXTI_Falling_Callback), (2 bytes).
    Removing stm32g0xx_hal_gpio.o(i.HAL_GPIO_EXTI_IRQHandler), (40 bytes).
    Removing stm32g0xx_hal_gpio.o(i.HAL_GPIO_EXTI_Rising_Callback), (2 bytes).
    Removing stm32g0xx_hal_gpio.o(i.HAL_GPIO_LockPin), (36 bytes).
    Removing stm32g0xx_hal_gpio.o(i.HAL_GPIO_ReadPin), (10 bytes).
    Removing stm32g0xx_hal_gpio.o(i.HAL_GPIO_TogglePin), (16 bytes).
    Removing stm32g0xx_hal_gpio.o(i.HAL_GPIO_WritePin), (12 bytes).
    Removing stm32g0xx_hal_dma.o(.rev16_text), (4 bytes).
    Removing stm32g0xx_hal_dma.o(.revsh_text), (4 bytes).
    Removing stm32g0xx_hal_dma.o(i.DMA_CalcDMAMUXChannelBaseAndMask), (48 bytes).
    Removing stm32g0xx_hal_dma.o(i.DMA_CalcDMAMUXRequestGenBaseAndMask), (40 bytes).
    Removing stm32g0xx_hal_dma.o(i.DMA_SetConfig), (72 bytes).
    Removing stm32g0xx_hal_dma.o(i.HAL_DMA_Abort), (116 bytes).
    Removing stm32g0xx_hal_dma.o(i.HAL_DMA_Abort_IT), (124 bytes).
    Removing stm32g0xx_hal_dma.o(i.HAL_DMA_DeInit), (132 bytes).
    Removing stm32g0xx_hal_dma.o(i.HAL_DMA_GetError), (4 bytes).
    Removing stm32g0xx_hal_dma.o(i.HAL_DMA_GetState), (6 bytes).
    Removing stm32g0xx_hal_dma.o(i.HAL_DMA_IRQHandler), (184 bytes).
    Removing stm32g0xx_hal_dma.o(i.HAL_DMA_Init), (164 bytes).
    Removing stm32g0xx_hal_dma.o(i.HAL_DMA_PollForTransfer), (272 bytes).
    Removing stm32g0xx_hal_dma.o(i.HAL_DMA_RegisterCallback), (72 bytes).
    Removing stm32g0xx_hal_dma.o(i.HAL_DMA_Start), (78 bytes).
    Removing stm32g0xx_hal_dma.o(i.HAL_DMA_Start_IT), (140 bytes).
    Removing stm32g0xx_hal_dma.o(i.HAL_DMA_UnRegisterCallback), (78 bytes).
    Removing stm32g0xx_hal_dma_ex.o(.rev16_text), (4 bytes).
    Removing stm32g0xx_hal_dma_ex.o(.revsh_text), (4 bytes).
    Removing stm32g0xx_hal_dma_ex.o(i.HAL_DMAEx_ConfigMuxRequestGenerator), (74 bytes).
    Removing stm32g0xx_hal_dma_ex.o(i.HAL_DMAEx_ConfigMuxSync), (80 bytes).
    Removing stm32g0xx_hal_dma_ex.o(i.HAL_DMAEx_DisableMuxRequestGenerator), (32 bytes).
    Removing stm32g0xx_hal_dma_ex.o(i.HAL_DMAEx_EnableMuxRequestGenerator), (32 bytes).
    Removing stm32g0xx_hal_dma_ex.o(i.HAL_DMAEx_MUX_IRQHandler), (104 bytes).
    Removing stm32g0xx_hal_pwr.o(.rev16_text), (4 bytes).
    Removing stm32g0xx_hal_pwr.o(.revsh_text), (4 bytes).
    Removing stm32g0xx_hal_pwr.o(i.HAL_PWR_DeInit), (24 bytes).
    Removing stm32g0xx_hal_pwr.o(i.HAL_PWR_DisableBkUpAccess), (16 bytes).
    Removing stm32g0xx_hal_pwr.o(i.HAL_PWR_DisableSEVOnPend), (16 bytes).
    Removing stm32g0xx_hal_pwr.o(i.HAL_PWR_DisableSleepOnExit), (16 bytes).
    Removing stm32g0xx_hal_pwr.o(i.HAL_PWR_DisableWakeUpPin), (20 bytes).
    Removing stm32g0xx_hal_pwr.o(i.HAL_PWR_EnableBkUpAccess), (16 bytes).
    Removing stm32g0xx_hal_pwr.o(i.HAL_PWR_EnableSEVOnPend), (16 bytes).
    Removing stm32g0xx_hal_pwr.o(i.HAL_PWR_EnableSleepOnExit), (16 bytes).
    Removing stm32g0xx_hal_pwr.o(i.HAL_PWR_EnableWakeUpPin), (28 bytes).
    Removing stm32g0xx_hal_pwr.o(i.HAL_PWR_EnterSLEEPMode), (68 bytes).
    Removing stm32g0xx_hal_pwr.o(i.HAL_PWR_EnterSTANDBYMode), (36 bytes).
    Removing stm32g0xx_hal_pwr.o(i.HAL_PWR_EnterSTOPMode), (64 bytes).
    Removing stm32g0xx_hal_pwr_ex.o(.rev16_text), (4 bytes).
    Removing stm32g0xx_hal_pwr_ex.o(.revsh_text), (4 bytes).
    Removing stm32g0xx_hal_pwr_ex.o(i.HAL_PWREx_ConfigPVD), (112 bytes).
    Removing stm32g0xx_hal_pwr_ex.o(i.HAL_PWREx_DisableBatteryCharging), (16 bytes).
    Removing stm32g0xx_hal_pwr_ex.o(i.HAL_PWREx_DisableFlashPowerDown), (16 bytes).
    Removing stm32g0xx_hal_pwr_ex.o(i.HAL_PWREx_DisableGPIOPullDown), (80 bytes).
    Removing stm32g0xx_hal_pwr_ex.o(i.HAL_PWREx_DisableGPIOPullUp), (80 bytes).
    Removing stm32g0xx_hal_pwr_ex.o(i.HAL_PWREx_DisableInternalWakeUpLine), (16 bytes).
    Removing stm32g0xx_hal_pwr_ex.o(i.HAL_PWREx_DisableLowPowerRunMode), (64 bytes).
    Removing stm32g0xx_hal_pwr_ex.o(i.HAL_PWREx_DisablePORMonitorSampling), (16 bytes).
    Removing stm32g0xx_hal_pwr_ex.o(i.HAL_PWREx_DisablePVD), (16 bytes).
    Removing stm32g0xx_hal_pwr_ex.o(i.HAL_PWREx_DisablePullUpPullDownConfig), (16 bytes).
    Removing stm32g0xx_hal_pwr_ex.o(i.HAL_PWREx_DisableSRAMRetention), (16 bytes).
    Removing stm32g0xx_hal_pwr_ex.o(i.HAL_PWREx_EnableBatteryCharging), (24 bytes).
    Removing stm32g0xx_hal_pwr_ex.o(i.HAL_PWREx_EnableFlashPowerDown), (16 bytes).
    Removing stm32g0xx_hal_pwr_ex.o(i.HAL_PWREx_EnableGPIOPullDown), (116 bytes).
    Removing stm32g0xx_hal_pwr_ex.o(i.HAL_PWREx_EnableGPIOPullUp), (116 bytes).
    Removing stm32g0xx_hal_pwr_ex.o(i.HAL_PWREx_EnableInternalWakeUpLine), (16 bytes).
    Removing stm32g0xx_hal_pwr_ex.o(i.HAL_PWREx_EnableLowPowerRunMode), (16 bytes).
    Removing stm32g0xx_hal_pwr_ex.o(i.HAL_PWREx_EnablePORMonitorSampling), (16 bytes).
    Removing stm32g0xx_hal_pwr_ex.o(i.HAL_PWREx_EnablePVD), (16 bytes).
    Removing stm32g0xx_hal_pwr_ex.o(i.HAL_PWREx_EnablePullUpPullDownConfig), (16 bytes).
    Removing stm32g0xx_hal_pwr_ex.o(i.HAL_PWREx_EnableSRAMRetention), (16 bytes).
    Removing stm32g0xx_hal_pwr_ex.o(i.HAL_PWREx_EnterSHUTDOWNMode), (36 bytes).
    Removing stm32g0xx_hal_pwr_ex.o(i.HAL_PWREx_GetVoltageRange), (16 bytes).
    Removing stm32g0xx_hal_pwr_ex.o(i.HAL_PWREx_PVD_Falling_Callback), (2 bytes).
    Removing stm32g0xx_hal_pwr_ex.o(i.HAL_PWREx_PVD_IRQHandler), (40 bytes).
    Removing stm32g0xx_hal_pwr_ex.o(i.HAL_PWREx_PVD_Rising_Callback), (2 bytes).
    Removing stm32g0xx_hal_cortex.o(.rev16_text), (4 bytes).
    Removing stm32g0xx_hal_cortex.o(.revsh_text), (4 bytes).
    Removing stm32g0xx_hal_cortex.o(i.HAL_MPU_ConfigRegion), (84 bytes).
    Removing stm32g0xx_hal_cortex.o(i.HAL_MPU_Disable), (16 bytes).
    Removing stm32g0xx_hal_cortex.o(i.HAL_MPU_Enable), (24 bytes).
    Removing stm32g0xx_hal_cortex.o(i.HAL_NVIC_ClearPendingIRQ), (24 bytes).
    Removing stm32g0xx_hal_cortex.o(i.HAL_NVIC_DisableIRQ), (32 bytes).
    Removing stm32g0xx_hal_cortex.o(i.HAL_NVIC_EnableIRQ), (24 bytes).
    Removing stm32g0xx_hal_cortex.o(i.HAL_NVIC_GetPendingIRQ), (32 bytes).
    Removing stm32g0xx_hal_cortex.o(i.HAL_NVIC_GetPriority), (52 bytes).
    Removing stm32g0xx_hal_cortex.o(i.HAL_NVIC_SetPendingIRQ), (24 bytes).
    Removing stm32g0xx_hal_cortex.o(i.HAL_NVIC_SystemReset), (28 bytes).
    Removing stm32g0xx_hal_cortex.o(i.HAL_SYSTICK_CLKSourceConfig), (24 bytes).
    Removing stm32g0xx_hal_cortex.o(i.HAL_SYSTICK_Callback), (2 bytes).
    Removing stm32g0xx_hal_cortex.o(i.HAL_SYSTICK_IRQHandler), (8 bytes).
    Removing stm32g0xx_hal.o(.rev16_text), (4 bytes).
    Removing stm32g0xx_hal.o(.revsh_text), (4 bytes).
    Removing stm32g0xx_hal.o(i.HAL_DBGMCU_DisableDBGStandbyMode), (16 bytes).
    Removing stm32g0xx_hal.o(i.HAL_DBGMCU_DisableDBGStopMode), (16 bytes).
    Removing stm32g0xx_hal.o(i.HAL_DBGMCU_EnableDBGStandbyMode), (16 bytes).
    Removing stm32g0xx_hal.o(i.HAL_DBGMCU_EnableDBGStopMode), (16 bytes).
    Removing stm32g0xx_hal.o(i.HAL_DeInit), (40 bytes).
    Removing stm32g0xx_hal.o(i.HAL_GetDEVID), (16 bytes).
    Removing stm32g0xx_hal.o(i.HAL_GetHalVersion), (8 bytes).
    Removing stm32g0xx_hal.o(i.HAL_GetREVID), (12 bytes).
    Removing stm32g0xx_hal.o(i.HAL_GetTickFreq), (12 bytes).
    Removing stm32g0xx_hal.o(i.HAL_GetTickPrio), (12 bytes).
    Removing stm32g0xx_hal.o(i.HAL_GetUIDw0), (12 bytes).
    Removing stm32g0xx_hal.o(i.HAL_GetUIDw1), (12 bytes).
    Removing stm32g0xx_hal.o(i.HAL_GetUIDw2), (12 bytes).
    Removing stm32g0xx_hal.o(i.HAL_MspDeInit), (2 bytes).
    Removing stm32g0xx_hal.o(i.HAL_MspInit), (2 bytes).
    Removing stm32g0xx_hal.o(i.HAL_ResumeTick), (16 bytes).
    Removing stm32g0xx_hal.o(i.HAL_SYSCFG_DisableIOAnalogSwitchBooster), (16 bytes).
    Removing stm32g0xx_hal.o(i.HAL_SYSCFG_DisableRemap), (16 bytes).
    Removing stm32g0xx_hal.o(i.HAL_SYSCFG_DisableVREFBUF), (16 bytes).
    Removing stm32g0xx_hal.o(i.HAL_SYSCFG_EnableIOAnalogSwitchBooster), (16 bytes).
    Removing stm32g0xx_hal.o(i.HAL_SYSCFG_EnableRemap), (16 bytes).
    Removing stm32g0xx_hal.o(i.HAL_SYSCFG_EnableVREFBUF), (48 bytes).
    Removing stm32g0xx_hal.o(i.HAL_SYSCFG_VREFBUF_HighImpedanceConfig), (20 bytes).
    Removing stm32g0xx_hal.o(i.HAL_SYSCFG_VREFBUF_TrimmingConfig), (20 bytes).
    Removing stm32g0xx_hal.o(i.HAL_SYSCFG_VREFBUF_VoltageScalingConfig), (20 bytes).
    Removing stm32g0xx_hal.o(i.HAL_SetTickFreq), (36 bytes).
    Removing stm32g0xx_hal.o(i.HAL_SuspendTick), (16 bytes).
    Removing stm32g0xx_hal_exti.o(.rev16_text), (4 bytes).
    Removing stm32g0xx_hal_exti.o(.revsh_text), (4 bytes).
    Removing stm32g0xx_hal_exti.o(i.HAL_EXTI_ClearConfigLine), (120 bytes).
    Removing stm32g0xx_hal_exti.o(i.HAL_EXTI_ClearPending), (40 bytes).
    Removing stm32g0xx_hal_exti.o(i.HAL_EXTI_GenerateSWI), (28 bytes).
    Removing stm32g0xx_hal_exti.o(i.HAL_EXTI_GetConfigLine), (168 bytes).
    Removing stm32g0xx_hal_exti.o(i.HAL_EXTI_GetHandle), (14 bytes).
    Removing stm32g0xx_hal_exti.o(i.HAL_EXTI_GetPending), (44 bytes).
    Removing stm32g0xx_hal_exti.o(i.HAL_EXTI_IRQHandler), (68 bytes).
    Removing stm32g0xx_hal_exti.o(i.HAL_EXTI_RegisterCallback), (30 bytes).
    Removing stm32g0xx_hal_exti.o(i.HAL_EXTI_SetConfigLine), (172 bytes).
    Removing stm32g0xx_hal_tim.o(.rev16_text), (4 bytes).
    Removing stm32g0xx_hal_tim.o(.revsh_text), (4 bytes).
    Removing stm32g0xx_hal_tim_ex.o(.rev16_text), (4 bytes).
    Removing stm32g0xx_hal_tim_ex.o(.revsh_text), (4 bytes).
    Removing stm32g0xx_hal_uart.o(.rev16_text), (4 bytes).
    Removing stm32g0xx_hal_uart.o(.revsh_text), (4 bytes).
    Removing stm32g0xx_hal_uart.o(i.HAL_HalfDuplex_EnableReceiver), (54 bytes).
    Removing stm32g0xx_hal_uart.o(i.HAL_HalfDuplex_EnableTransmitter), (54 bytes).
    Removing stm32g0xx_hal_uart.o(i.HAL_HalfDuplex_Init), (118 bytes).
    Removing stm32g0xx_hal_uart.o(i.HAL_LIN_Init), (146 bytes).
    Removing stm32g0xx_hal_uart.o(i.HAL_LIN_SendBreak), (42 bytes).
    Removing stm32g0xx_hal_uart.o(i.HAL_MultiProcessor_DisableMuteMode), (46 bytes).
    Removing stm32g0xx_hal_uart.o(i.HAL_MultiProcessor_EnableMuteMode), (46 bytes).
    Removing stm32g0xx_hal_uart.o(i.HAL_MultiProcessor_EnterMuteMode), (12 bytes).
    Removing stm32g0xx_hal_uart.o(i.HAL_MultiProcessor_Init), (144 bytes).
    Removing stm32g0xx_hal_uart.o(i.HAL_UARTEx_RxEventCallback), (2 bytes).
    Removing stm32g0xx_hal_uart.o(i.HAL_UART_Abort), (204 bytes).
    Removing stm32g0xx_hal_uart.o(i.HAL_UART_AbortCpltCallback), (2 bytes).
    Removing stm32g0xx_hal_uart.o(i.HAL_UART_AbortReceive), (136 bytes).
    Removing stm32g0xx_hal_uart.o(i.HAL_UART_AbortReceiveCpltCallback), (2 bytes).
    Removing stm32g0xx_hal_uart.o(i.HAL_UART_AbortReceive_IT), (152 bytes).
    Removing stm32g0xx_hal_uart.o(i.HAL_UART_AbortTransmit), (116 bytes).
    Removing stm32g0xx_hal_uart.o(i.HAL_UART_AbortTransmitCpltCallback), (2 bytes).
    Removing stm32g0xx_hal_uart.o(i.HAL_UART_AbortTransmit_IT), (128 bytes).
    Removing stm32g0xx_hal_uart.o(i.HAL_UART_Abort_IT), (248 bytes).
    Removing stm32g0xx_hal_uart.o(i.HAL_UART_DMAPause), (94 bytes).
    Removing stm32g0xx_hal_uart.o(i.HAL_UART_DMAResume), (86 bytes).
    Removing stm32g0xx_hal_uart.o(i.HAL_UART_DMAStop), (126 bytes).
    Removing stm32g0xx_hal_uart.o(i.HAL_UART_DeInit), (64 bytes).
    Removing stm32g0xx_hal_uart.o(i.HAL_UART_DisableReceiverTimeout), (64 bytes).
    Removing stm32g0xx_hal_uart.o(i.HAL_UART_EnableReceiverTimeout), (64 bytes).
    Removing stm32g0xx_hal_uart.o(i.HAL_UART_ErrorCallback), (2 bytes).
    Removing stm32g0xx_hal_uart.o(i.HAL_UART_GetError), (6 bytes).
    Removing stm32g0xx_hal_uart.o(i.HAL_UART_GetState), (12 bytes).
    Removing stm32g0xx_hal_uart.o(i.HAL_UART_IRQHandler), (612 bytes).
    Removing stm32g0xx_hal_uart.o(i.HAL_UART_MspDeInit), (2 bytes).
    Removing stm32g0xx_hal_uart.o(i.HAL_UART_MspInit), (2 bytes).
    Removing stm32g0xx_hal_uart.o(i.HAL_UART_Receive), (276 bytes).
    Removing stm32g0xx_hal_uart.o(i.HAL_UART_Receive_DMA), (68 bytes).
    Removing stm32g0xx_hal_uart.o(i.HAL_UART_Receive_IT), (68 bytes).
    Removing stm32g0xx_hal_uart.o(i.HAL_UART_ReceiverTimeout_Config), (24 bytes).
    Removing stm32g0xx_hal_uart.o(i.HAL_UART_RxCpltCallback), (2 bytes).
    Removing stm32g0xx_hal_uart.o(i.HAL_UART_RxHalfCpltCallback), (2 bytes).
    Removing stm32g0xx_hal_uart.o(i.HAL_UART_Transmit_DMA), (172 bytes).
    Removing stm32g0xx_hal_uart.o(i.HAL_UART_Transmit_IT), (168 bytes).
    Removing stm32g0xx_hal_uart.o(i.HAL_UART_TxCpltCallback), (2 bytes).
    Removing stm32g0xx_hal_uart.o(i.HAL_UART_TxHalfCpltCallback), (2 bytes).
    Removing stm32g0xx_hal_uart.o(i.UART_DMAAbortOnError), (20 bytes).
    Removing stm32g0xx_hal_uart.o(i.UART_DMAError), (78 bytes).
    Removing stm32g0xx_hal_uart.o(i.UART_DMAReceiveCplt), (96 bytes).
    Removing stm32g0xx_hal_uart.o(i.UART_DMARxAbortCallback), (64 bytes).
    Removing stm32g0xx_hal_uart.o(i.UART_DMARxHalfCplt), (28 bytes).
    Removing stm32g0xx_hal_uart.o(i.UART_DMARxOnlyAbortCallback), (40 bytes).
    Removing stm32g0xx_hal_uart.o(i.UART_DMATransmitCplt), (48 bytes).
    Removing stm32g0xx_hal_uart.o(i.UART_DMATxAbortCallback), (74 bytes).
    Removing stm32g0xx_hal_uart.o(i.UART_DMATxHalfCplt), (10 bytes).
    Removing stm32g0xx_hal_uart.o(i.UART_DMATxOnlyAbortCallback), (42 bytes).
    Removing stm32g0xx_hal_uart.o(i.UART_EndRxTransfer), (56 bytes).
    Removing stm32g0xx_hal_uart.o(i.UART_EndTxTransfer), (30 bytes).
    Removing stm32g0xx_hal_uart.o(i.UART_RxISR_16BIT), (122 bytes).
    Removing stm32g0xx_hal_uart.o(i.UART_RxISR_16BIT_FIFOEN), (316 bytes).
    Removing stm32g0xx_hal_uart.o(i.UART_RxISR_8BIT), (122 bytes).
    Removing stm32g0xx_hal_uart.o(i.UART_RxISR_8BIT_FIFOEN), (316 bytes).
    Removing stm32g0xx_hal_uart.o(i.UART_Start_Receive_DMA), (132 bytes).
    Removing stm32g0xx_hal_uart.o(i.UART_Start_Receive_IT), (224 bytes).
    Removing stm32g0xx_hal_uart.o(i.UART_TxISR_16BIT), (66 bytes).
    Removing stm32g0xx_hal_uart.o(i.UART_TxISR_16BIT_FIFOEN), (88 bytes).
    Removing stm32g0xx_hal_uart.o(i.UART_TxISR_8BIT), (62 bytes).
    Removing stm32g0xx_hal_uart.o(i.UART_TxISR_8BIT_FIFOEN), (84 bytes).
    Removing stm32g0xx_hal_uart_ex.o(.rev16_text), (4 bytes).
    Removing stm32g0xx_hal_uart_ex.o(.revsh_text), (4 bytes).
    Removing stm32g0xx_hal_uart_ex.o(i.HAL_MultiProcessorEx_AddressLength_Set), (54 bytes).
    Removing stm32g0xx_hal_uart_ex.o(i.HAL_RS485Ex_Init), (144 bytes).
    Removing stm32g0xx_hal_uart_ex.o(i.HAL_UARTEx_DisableStopMode), (34 bytes).
    Removing stm32g0xx_hal_uart_ex.o(i.HAL_UARTEx_EnableFifoMode), (62 bytes).
    Removing stm32g0xx_hal_uart_ex.o(i.HAL_UARTEx_EnableStopMode), (34 bytes).
    Removing stm32g0xx_hal_uart_ex.o(i.HAL_UARTEx_ReceiveToIdle), (340 bytes).
    Removing stm32g0xx_hal_uart_ex.o(i.HAL_UARTEx_ReceiveToIdle_DMA), (92 bytes).
    Removing stm32g0xx_hal_uart_ex.o(i.HAL_UARTEx_ReceiveToIdle_IT), (92 bytes).
    Removing stm32g0xx_hal_uart_ex.o(i.HAL_UARTEx_RxFifoFullCallback), (2 bytes).
    Removing stm32g0xx_hal_uart_ex.o(i.HAL_UARTEx_StopModeWakeUpSourceConfig), (152 bytes).
    Removing stm32g0xx_hal_uart_ex.o(i.HAL_UARTEx_TxFifoEmptyCallback), (2 bytes).
    Removing stm32g0xx_hal_uart_ex.o(i.HAL_UARTEx_WakeupCallback), (2 bytes).
    Removing system_stm32g0xx.o(.rev16_text), (4 bytes).
    Removing system_stm32g0xx.o(.revsh_text), (4 bytes).
    Removing system_stm32g0xx.o(i.SystemCoreClockUpdate), (144 bytes).
    Removing dflti.o(.text), (40 bytes).
    Removing dsqrt.o(.text), (162 bytes).
    Removing stm32g0xx_hal_dma.o(i.__ARM_common_switch8), (26 bytes).

376 unused section(s) (total 27134 bytes) removed from the image.

==============================================================================

Image Symbol Table

    Local Symbols

    Symbol Name                              Value     Ov Type        Size  Object(Section)

    ../Core/Src/gpio.c                       0x00000000   Number         0  gpio.o ABSOLUTE
    ../Core/Src/i2c.c                        0x00000000   Number         0  i2c.o ABSOLUTE
    ../Core/Src/main.c                       0x00000000   Number         0  main.o ABSOLUTE
    ../Core/Src/stm32g0xx_hal_msp.c          0x00000000   Number         0  stm32g0xx_hal_msp.o ABSOLUTE
    ../Core/Src/stm32g0xx_it.c               0x00000000   Number         0  stm32g0xx_it.o ABSOLUTE
    ../Core/Src/system_stm32g0xx.c           0x00000000   Number         0  system_stm32g0xx.o ABSOLUTE
    ../Core/Src/usart.c                      0x00000000   Number         0  usart.o ABSOLUTE
    ../Drivers/STM32G0xx_HAL_Driver/Src/stm32g0xx_hal.c 0x00000000   Number         0  stm32g0xx_hal.o ABSOLUTE
    ../Drivers/STM32G0xx_HAL_Driver/Src/stm32g0xx_hal_cortex.c 0x00000000   Number         0  stm32g0xx_hal_cortex.o ABSOLUTE
    ../Drivers/STM32G0xx_HAL_Driver/Src/stm32g0xx_hal_dma.c 0x00000000   Number         0  stm32g0xx_hal_dma.o ABSOLUTE
    ../Drivers/STM32G0xx_HAL_Driver/Src/stm32g0xx_hal_dma_ex.c 0x00000000   Number         0  stm32g0xx_hal_dma_ex.o ABSOLUTE
    ../Drivers/STM32G0xx_HAL_Driver/Src/stm32g0xx_hal_exti.c 0x00000000   Number         0  stm32g0xx_hal_exti.o ABSOLUTE
    ../Drivers/STM32G0xx_HAL_Driver/Src/stm32g0xx_hal_flash.c 0x00000000   Number         0  stm32g0xx_hal_flash.o ABSOLUTE
    ../Drivers/STM32G0xx_HAL_Driver/Src/stm32g0xx_hal_flash_ex.c 0x00000000   Number         0  stm32g0xx_hal_flash_ex.o ABSOLUTE
    ../Drivers/STM32G0xx_HAL_Driver/Src/stm32g0xx_hal_gpio.c 0x00000000   Number         0  stm32g0xx_hal_gpio.o ABSOLUTE
    ../Drivers/STM32G0xx_HAL_Driver/Src/stm32g0xx_hal_i2c.c 0x00000000   Number         0  stm32g0xx_hal_i2c.o ABSOLUTE
    ../Drivers/STM32G0xx_HAL_Driver/Src/stm32g0xx_hal_i2c_ex.c 0x00000000   Number         0  stm32g0xx_hal_i2c_ex.o ABSOLUTE
    ../Drivers/STM32G0xx_HAL_Driver/Src/stm32g0xx_hal_pwr.c 0x00000000   Number         0  stm32g0xx_hal_pwr.o ABSOLUTE
    ../Drivers/STM32G0xx_HAL_Driver/Src/stm32g0xx_hal_pwr_ex.c 0x00000000   Number         0  stm32g0xx_hal_pwr_ex.o ABSOLUTE
    ../Drivers/STM32G0xx_HAL_Driver/Src/stm32g0xx_hal_rcc.c 0x00000000   Number         0  stm32g0xx_hal_rcc.o ABSOLUTE
    ../Drivers/STM32G0xx_HAL_Driver/Src/stm32g0xx_hal_rcc_ex.c 0x00000000   Number         0  stm32g0xx_hal_rcc_ex.o ABSOLUTE
    ../Drivers/STM32G0xx_HAL_Driver/Src/stm32g0xx_hal_tim.c 0x00000000   Number         0  stm32g0xx_hal_tim.o ABSOLUTE
    ../Drivers/STM32G0xx_HAL_Driver/Src/stm32g0xx_hal_tim_ex.c 0x00000000   Number         0  stm32g0xx_hal_tim_ex.o ABSOLUTE
    ../Drivers/STM32G0xx_HAL_Driver/Src/stm32g0xx_hal_uart.c 0x00000000   Number         0  stm32g0xx_hal_uart.o ABSOLUTE
    ../Drivers/STM32G0xx_HAL_Driver/Src/stm32g0xx_hal_uart_ex.c 0x00000000   Number         0  stm32g0xx_hal_uart_ex.o ABSOLUTE
    ../Drivers/STM32G0xx_HAL_Driver/Src/stm32g0xx_ll_dma.c 0x00000000   Number         0  stm32g0xx_ll_dma.o ABSOLUTE
    ../Drivers/STM32G0xx_HAL_Driver/Src/stm32g0xx_ll_rcc.c 0x00000000   Number         0  stm32g0xx_ll_rcc.o ABSOLUTE
    ../clib/microlib/division.c              0x00000000   Number         0  uldiv.o ABSOLUTE
    ../clib/microlib/division.c              0x00000000   Number         0  uidiv.o ABSOLUTE
    ../clib/microlib/errno.c                 0x00000000   Number         0  errno.o ABSOLUTE
    ../clib/microlib/init/entry.s            0x00000000   Number         0  entry2.o ABSOLUTE
    ../clib/microlib/init/entry.s            0x00000000   Number         0  entry5.o ABSOLUTE
    ../clib/microlib/init/entry.s            0x00000000   Number         0  entry9a.o ABSOLUTE
    ../clib/microlib/init/entry.s            0x00000000   Number         0  entry7a.o ABSOLUTE
    ../clib/microlib/init/entry.s            0x00000000   Number         0  entry7b.o ABSOLUTE
    ../clib/microlib/init/entry.s            0x00000000   Number         0  entry8a.o ABSOLUTE
    ../clib/microlib/init/entry.s            0x00000000   Number         0  entry8b.o ABSOLUTE
    ../clib/microlib/init/entry.s            0x00000000   Number         0  entry11a.o ABSOLUTE
    ../clib/microlib/init/entry.s            0x00000000   Number         0  entry9b.o ABSOLUTE
    ../clib/microlib/init/entry.s            0x00000000   Number         0  entry10b.o ABSOLUTE
    ../clib/microlib/init/entry.s            0x00000000   Number         0  entry10a.o ABSOLUTE
    ../clib/microlib/init/entry.s            0x00000000   Number         0  entry.o ABSOLUTE
    ../clib/microlib/init/entry.s            0x00000000   Number         0  entry11b.o ABSOLUTE
    ../clib/microlib/longlong.c              0x00000000   Number         0  llsshr.o ABSOLUTE
    ../clib/microlib/longlong.c              0x00000000   Number         0  llushr.o ABSOLUTE
    ../clib/microlib/longlong.c              0x00000000   Number         0  llshl.o ABSOLUTE
    ../clib/microlib/printf/printf.c         0x00000000   Number         0  printf0.o ABSOLUTE
    ../clib/microlib/printf/printf.c         0x00000000   Number         0  printfa.o ABSOLUTE
    ../clib/microlib/printf/printf.c         0x00000000   Number         0  printf2.o ABSOLUTE
    ../clib/microlib/printf/printf.c         0x00000000   Number         0  printf8.o ABSOLUTE
    ../clib/microlib/printf/printf.c         0x00000000   Number         0  printf1.o ABSOLUTE
    ../clib/microlib/printf/printf.c         0x00000000   Number         0  printf3.o ABSOLUTE
    ../clib/microlib/printf/printf.c         0x00000000   Number         0  printf4.o ABSOLUTE
    ../clib/microlib/printf/printf.c         0x00000000   Number         0  printfb.o ABSOLUTE
    ../clib/microlib/printf/printf.c         0x00000000   Number         0  printf7.o ABSOLUTE
    ../clib/microlib/printf/printf.c         0x00000000   Number         0  printf5.o ABSOLUTE
    ../clib/microlib/printf/printf.c         0x00000000   Number         0  printf6.o ABSOLUTE
    ../clib/microlib/printf/stubs.s          0x00000000   Number         0  stubs.o ABSOLUTE
    ../clib/microlib/stdio/streams.c         0x00000000   Number         0  stdout.o ABSOLUTE
    ../clib/microlib/string/memcpy.c         0x00000000   Number         0  memcpya.o ABSOLUTE
    ../clib/microlib/string/memcpy.c         0x00000000   Number         0  memcpyb.o ABSOLUTE
    ../clib/microlib/string/memset.c         0x00000000   Number         0  memseta.o ABSOLUTE
    ../clib/microlib/stubs.s                 0x00000000   Number         0  iusefp.o ABSOLUTE
    ../fplib/microlib/d2f.c                  0x00000000   Number         0  d2f.o ABSOLUTE
    ../fplib/microlib/f2d.c                  0x00000000   Number         0  f2d.o ABSOLUTE
    ../fplib/microlib/fpadd.c                0x00000000   Number         0  dadd.o ABSOLUTE
    ../fplib/microlib/fpdiv.c                0x00000000   Number         0  ddiv.o ABSOLUTE
    ../fplib/microlib/fpepilogue.c           0x00000000   Number         0  depilogue.o ABSOLUTE
    ../fplib/microlib/fpepilogue.c           0x00000000   Number         0  fepilogue.o ABSOLUTE
    ../fplib/microlib/fpfix.c                0x00000000   Number         0  dfixul.o ABSOLUTE
    ../fplib/microlib/fpfix.c                0x00000000   Number         0  dfixui.o ABSOLUTE
    ../fplib/microlib/fpflt.c                0x00000000   Number         0  dflti.o ABSOLUTE
    ../fplib/microlib/fpflt.c                0x00000000   Number         0  dfltui.o ABSOLUTE
    ../fplib/microlib/fpmul.c                0x00000000   Number         0  dmul.o ABSOLUTE
    ../fplib/microlib/fpscalb.c              0x00000000   Number         0  dscalb.o ABSOLUTE
    ../fplib/microlib/fpsqrt.c               0x00000000   Number         0  dsqrt.o ABSOLUTE
    ../mathlib/dunder.c                      0x00000000   Number         0  dunder.o ABSOLUTE
    ../mathlib/fpclassify.c                  0x00000000   Number         0  fpclassify.o ABSOLUTE
    ../mathlib/poly.c                        0x00000000   Number         0  poly.o ABSOLUTE
    ../mathlib/pow.c                         0x00000000   Number         0  pow.o ABSOLUTE
    ../mathlib/pow.c                         0x00000000   Number         0  pow_x.o ABSOLUTE
    ../mathlib/qnan.c                        0x00000000   Number         0  qnan.o ABSOLUTE
    ../mathlib/sqrt.c                        0x00000000   Number         0  sqrt_x.o ABSOLUTE
    ../mathlib/sqrt.c                        0x00000000   Number         0  sqrt.o ABSOLUTE
    ..\Core\Src\BME280.c                     0x00000000   Number         0  bme280.o ABSOLUTE
    ..\Core\Src\gpio.c                       0x00000000   Number         0  gpio.o ABSOLUTE
    ..\Core\Src\i2c.c                        0x00000000   Number         0  i2c.o ABSOLUTE
    ..\Core\Src\main.c                       0x00000000   Number         0  main.o ABSOLUTE
    ..\Core\Src\stm32g0xx_hal_msp.c          0x00000000   Number         0  stm32g0xx_hal_msp.o ABSOLUTE
    ..\Core\Src\stm32g0xx_it.c               0x00000000   Number         0  stm32g0xx_it.o ABSOLUTE
    ..\Core\Src\system_stm32g0xx.c           0x00000000   Number         0  system_stm32g0xx.o ABSOLUTE
    ..\Core\Src\usart.c                      0x00000000   Number         0  usart.o ABSOLUTE
    ..\Drivers\STM32G0xx_HAL_Driver\Src\stm32g0xx_hal.c 0x00000000   Number         0  stm32g0xx_hal.o ABSOLUTE
    ..\Drivers\STM32G0xx_HAL_Driver\Src\stm32g0xx_hal_cortex.c 0x00000000   Number         0  stm32g0xx_hal_cortex.o ABSOLUTE
    ..\Drivers\STM32G0xx_HAL_Driver\Src\stm32g0xx_hal_dma.c 0x00000000   Number         0  stm32g0xx_hal_dma.o ABSOLUTE
    ..\Drivers\STM32G0xx_HAL_Driver\Src\stm32g0xx_hal_dma_ex.c 0x00000000   Number         0  stm32g0xx_hal_dma_ex.o ABSOLUTE
    ..\Drivers\STM32G0xx_HAL_Driver\Src\stm32g0xx_hal_exti.c 0x00000000   Number         0  stm32g0xx_hal_exti.o ABSOLUTE
    ..\Drivers\STM32G0xx_HAL_Driver\Src\stm32g0xx_hal_flash.c 0x00000000   Number         0  stm32g0xx_hal_flash.o ABSOLUTE
    ..\Drivers\STM32G0xx_HAL_Driver\Src\stm32g0xx_hal_flash_ex.c 0x00000000   Number         0  stm32g0xx_hal_flash_ex.o ABSOLUTE
    ..\Drivers\STM32G0xx_HAL_Driver\Src\stm32g0xx_hal_gpio.c 0x00000000   Number         0  stm32g0xx_hal_gpio.o ABSOLUTE
    ..\Drivers\STM32G0xx_HAL_Driver\Src\stm32g0xx_hal_i2c.c 0x00000000   Number         0  stm32g0xx_hal_i2c.o ABSOLUTE
    ..\Drivers\STM32G0xx_HAL_Driver\Src\stm32g0xx_hal_i2c_ex.c 0x00000000   Number         0  stm32g0xx_hal_i2c_ex.o ABSOLUTE
    ..\Drivers\STM32G0xx_HAL_Driver\Src\stm32g0xx_hal_pwr.c 0x00000000   Number         0  stm32g0xx_hal_pwr.o ABSOLUTE
    ..\Drivers\STM32G0xx_HAL_Driver\Src\stm32g0xx_hal_pwr_ex.c 0x00000000   Number         0  stm32g0xx_hal_pwr_ex.o ABSOLUTE
    ..\Drivers\STM32G0xx_HAL_Driver\Src\stm32g0xx_hal_rcc.c 0x00000000   Number         0  stm32g0xx_hal_rcc.o ABSOLUTE
    ..\Drivers\STM32G0xx_HAL_Driver\Src\stm32g0xx_hal_rcc_ex.c 0x00000000   Number         0  stm32g0xx_hal_rcc_ex.o ABSOLUTE
    ..\Drivers\STM32G0xx_HAL_Driver\Src\stm32g0xx_hal_tim.c 0x00000000   Number         0  stm32g0xx_hal_tim.o ABSOLUTE
    ..\Drivers\STM32G0xx_HAL_Driver\Src\stm32g0xx_hal_tim_ex.c 0x00000000   Number         0  stm32g0xx_hal_tim_ex.o ABSOLUTE
    ..\Drivers\STM32G0xx_HAL_Driver\Src\stm32g0xx_hal_uart.c 0x00000000   Number         0  stm32g0xx_hal_uart.o ABSOLUTE
    ..\Drivers\STM32G0xx_HAL_Driver\Src\stm32g0xx_hal_uart_ex.c 0x00000000   Number         0  stm32g0xx_hal_uart_ex.o ABSOLUTE
    ..\\Core\\Src\\BME280.c                  0x00000000   Number         0  bme280.o ABSOLUTE
    cdcmple.s                                0x00000000   Number         0  cdcmple.o ABSOLUTE
    cdrcmple.s                               0x00000000   Number         0  cdrcmple.o ABSOLUTE
    dc.s                                     0x00000000   Number         0  dc.o ABSOLUTE
    handlers.s                               0x00000000   Number         0  handlers.o ABSOLUTE
    init.s                                   0x00000000   Number         0  init.o ABSOLUTE
    startup_stm32g071xx.s                    0x00000000   Number         0  startup_stm32g071xx.o ABSOLUTE
    RESET                                    0x08000000   Section      188  startup_stm32g071xx.o(RESET)
    .ARM.Collect$$$$00000000                 0x080000bc   Section        0  entry.o(.ARM.Collect$$$$00000000)
    .ARM.Collect$$$$00000001                 0x080000bc   Section        4  entry2.o(.ARM.Collect$$$$00000001)
    .ARM.Collect$$$$00000004                 0x080000c0   Section        4  entry5.o(.ARM.Collect$$$$00000004)
    .ARM.Collect$$$$00000008                 0x080000c4   Section        0  entry7b.o(.ARM.Collect$$$$00000008)
    .ARM.Collect$$$$0000000A                 0x080000c4   Section        0  entry8b.o(.ARM.Collect$$$$0000000A)
    .ARM.Collect$$$$0000000B                 0x080000c4   Section        8  entry9a.o(.ARM.Collect$$$$0000000B)
    .ARM.Collect$$$$0000000D                 0x080000cc   Section        0  entry10a.o(.ARM.Collect$$$$0000000D)
    .ARM.Collect$$$$0000000F                 0x080000cc   Section        0  entry11a.o(.ARM.Collect$$$$0000000F)
    .ARM.Collect$$$$00002712                 0x080000cc   Section        4  entry2.o(.ARM.Collect$$$$00002712)
    __lit__00000000                          0x080000cc   Data           4  entry2.o(.ARM.Collect$$$$00002712)
    .text                                    0x080000d0   Section       28  startup_stm32g071xx.o(.text)
    .text                                    0x080000ec   Section        0  uidiv.o(.text)
    .text                                    0x08000118   Section        0  uldiv.o(.text)
    .text                                    0x08000178   Section        0  memcpya.o(.text)
    .text                                    0x0800019c   Section        0  memseta.o(.text)
    .text                                    0x080001c0   Section        0  dadd.o(.text)
    .text                                    0x08000324   Section        0  dmul.o(.text)
    .text                                    0x080003f4   Section        0  ddiv.o(.text)
    .text                                    0x080004e4   Section        0  dscalb.o(.text)
    .text                                    0x08000510   Section        0  dfltui.o(.text)
    .text                                    0x0800052c   Section        0  dfixui.o(.text)
    .text                                    0x08000568   Section        0  f2d.o(.text)
    .text                                    0x08000590   Section       40  cdcmple.o(.text)
    .text                                    0x080005b8   Section       40  cdrcmple.o(.text)
    .text                                    0x080005e0   Section        0  d2f.o(.text)
    .text                                    0x08000618   Section        0  llshl.o(.text)
    .text                                    0x08000638   Section        0  llushr.o(.text)
    .text                                    0x0800065a   Section        0  llsshr.o(.text)
    .text                                    0x08000680   Section        0  fepilogue.o(.text)
    .text                                    0x08000680   Section        0  iusefp.o(.text)
    .text                                    0x08000702   Section        0  depilogue.o(.text)
    .text                                    0x080007c0   Section        0  dfixul.o(.text)
    .text                                    0x08000800   Section       36  init.o(.text)
    i.BME280_Configuration                   0x08000824   Section        0  bme280.o(i.BME280_Configuration)
    i.BME280_Get_DIG                         0x0800096e   Section        0  bme280.o(i.BME280_Get_DIG)
    i.BME280_Get_OLL                         0x08000aac   Section        0  bme280.o(i.BME280_Get_OLL)
    i.BME280_ID                              0x08000f00   Section        0  bme280.o(i.BME280_ID)
    i.BME280_IIC_Read                        0x08000f14   Section        0  bme280.o(i.BME280_IIC_Read)
    i.BME280_IIC_Write                       0x08000f52   Section        0  bme280.o(i.BME280_IIC_Write)
    i.BME280_Init                            0x08000f7c   Section        0  bme280.o(i.BME280_Init)
    i.BME280_Read                            0x080010e8   Section        0  bme280.o(i.BME280_Read)
    i.BME280_Reset                           0x080010f6   Section        0  bme280.o(i.BME280_Reset)
    i.BME280_Sleep                           0x08001108   Section        0  bme280.o(i.BME280_Sleep)
    i.BME280_UP                              0x08001120   Section        0  bme280.o(i.BME280_UP)
    i.BME280_Write                           0x08001138   Section        0  bme280.o(i.BME280_Write)
    i.Bit_Modification                       0x08001148   Section        0  bme280.o(i.Bit_Modification)
    i.Error_Handler                          0x08001170   Section        0  main.o(i.Error_Handler)
    i.HAL_Delay                              0x08001174   Section        0  stm32g0xx_hal.o(i.HAL_Delay)
    i.HAL_GPIO_Init                          0x08001198   Section        0  stm32g0xx_hal_gpio.o(i.HAL_GPIO_Init)
    i.HAL_GetTick                            0x080012f4   Section        0  stm32g0xx_hal.o(i.HAL_GetTick)
    i.HAL_I2CEx_ConfigAnalogFilter           0x08001300   Section        0  stm32g0xx_hal_i2c_ex.o(i.HAL_I2CEx_ConfigAnalogFilter)
    i.HAL_I2CEx_ConfigDigitalFilter          0x0800134a   Section        0  stm32g0xx_hal_i2c_ex.o(i.HAL_I2CEx_ConfigDigitalFilter)
    i.HAL_I2C_Init                           0x08001394   Section        0  stm32g0xx_hal_i2c.o(i.HAL_I2C_Init)
    i.HAL_I2C_Master_Receive                 0x08001448   Section        0  stm32g0xx_hal_i2c.o(i.HAL_I2C_Master_Receive)
    i.HAL_I2C_Master_Transmit                0x08001558   Section        0  stm32g0xx_hal_i2c.o(i.HAL_I2C_Master_Transmit)
    i.HAL_I2C_MspInit                        0x08001668   Section        0  i2c.o(i.HAL_I2C_MspInit)
    i.HAL_IncTick                            0x080016c8   Section        0  stm32g0xx_hal.o(i.HAL_IncTick)
    i.HAL_Init                               0x080016d8   Section        0  stm32g0xx_hal.o(i.HAL_Init)
    i.HAL_InitTick                           0x08001700   Section        0  stm32g0xx_hal.o(i.HAL_InitTick)
    i.HAL_MspInit                            0x08001748   Section        0  stm32g0xx_hal_msp.o(i.HAL_MspInit)
    i.HAL_NVIC_SetPriority                   0x0800177c   Section        0  stm32g0xx_hal_cortex.o(i.HAL_NVIC_SetPriority)
    i.HAL_PWREx_ControlVoltageScaling        0x08001784   Section        0  stm32g0xx_hal_pwr_ex.o(i.HAL_PWREx_ControlVoltageScaling)
    i.HAL_RCCEx_PeriphCLKConfig              0x080017d0   Section        0  stm32g0xx_hal_rcc_ex.o(i.HAL_RCCEx_PeriphCLKConfig)
    i.HAL_RCC_ClockConfig                    0x080019b0   Section        0  stm32g0xx_hal_rcc.o(i.HAL_RCC_ClockConfig)
    i.HAL_RCC_GetPCLK1Freq                   0x08001b08   Section        0  stm32g0xx_hal_rcc.o(i.HAL_RCC_GetPCLK1Freq)
    i.HAL_RCC_GetSysClockFreq                0x08001b30   Section        0  stm32g0xx_hal_rcc.o(i.HAL_RCC_GetSysClockFreq)
    i.HAL_RCC_OscConfig                      0x08001bbc   Section        0  stm32g0xx_hal_rcc.o(i.HAL_RCC_OscConfig)
    i.HAL_SYSCFG_StrobeDBattpinsConfig       0x08001fac   Section        0  stm32g0xx_hal.o(i.HAL_SYSCFG_StrobeDBattpinsConfig)
    i.HAL_SYSTICK_Config                     0x08001fc0   Section        0  stm32g0xx_hal_cortex.o(i.HAL_SYSTICK_Config)
    i.HAL_UARTEx_DisableFifoMode             0x08001ff0   Section        0  stm32g0xx_hal_uart_ex.o(i.HAL_UARTEx_DisableFifoMode)
    i.HAL_UARTEx_SetRxFifoThreshold          0x0800202c   Section        0  stm32g0xx_hal_uart_ex.o(i.HAL_UARTEx_SetRxFifoThreshold)
    i.HAL_UARTEx_SetTxFifoThreshold          0x08002074   Section        0  stm32g0xx_hal_uart_ex.o(i.HAL_UARTEx_SetTxFifoThreshold)
    i.HAL_UART_Init                          0x080020ba   Section        0  stm32g0xx_hal_uart.o(i.HAL_UART_Init)
    i.HAL_UART_MspInit                       0x08002128   Section        0  usart.o(i.HAL_UART_MspInit)
    i.HAL_UART_Transmit                      0x08002188   Section        0  stm32g0xx_hal_uart.o(i.HAL_UART_Transmit)
    i.HardFault_Handler                      0x08002260   Section        0  stm32g0xx_it.o(i.HardFault_Handler)
    i.I2C_Flush_TXDR                         0x08002262   Section        0  stm32g0xx_hal_i2c.o(i.I2C_Flush_TXDR)
    I2C_Flush_TXDR                           0x08002263   Thumb Code    34  stm32g0xx_hal_i2c.o(i.I2C_Flush_TXDR)
    i.I2C_IsAcknowledgeFailed                0x08002284   Section        0  stm32g0xx_hal_i2c.o(i.I2C_IsAcknowledgeFailed)
    I2C_IsAcknowledgeFailed                  0x08002285   Thumb Code   108  stm32g0xx_hal_i2c.o(i.I2C_IsAcknowledgeFailed)
    i.I2C_TransferConfig                     0x080022f4   Section        0  stm32g0xx_hal_i2c.o(i.I2C_TransferConfig)
    I2C_TransferConfig                       0x080022f5   Thumb Code    34  stm32g0xx_hal_i2c.o(i.I2C_TransferConfig)
    i.I2C_WaitOnFlagUntilTimeout             0x0800231c   Section        0  stm32g0xx_hal_i2c.o(i.I2C_WaitOnFlagUntilTimeout)
    I2C_WaitOnFlagUntilTimeout               0x0800231d   Thumb Code    78  stm32g0xx_hal_i2c.o(i.I2C_WaitOnFlagUntilTimeout)
    i.I2C_WaitOnRXNEFlagUntilTimeout         0x0800236c   Section        0  stm32g0xx_hal_i2c.o(i.I2C_WaitOnRXNEFlagUntilTimeout)
    I2C_WaitOnRXNEFlagUntilTimeout           0x0800236d   Thumb Code   122  stm32g0xx_hal_i2c.o(i.I2C_WaitOnRXNEFlagUntilTimeout)
    i.I2C_WaitOnSTOPFlagUntilTimeout         0x080023ec   Section        0  stm32g0xx_hal_i2c.o(i.I2C_WaitOnSTOPFlagUntilTimeout)
    I2C_WaitOnSTOPFlagUntilTimeout           0x080023ed   Thumb Code    76  stm32g0xx_hal_i2c.o(i.I2C_WaitOnSTOPFlagUntilTimeout)
    i.I2C_WaitOnTXISFlagUntilTimeout         0x08002438   Section        0  stm32g0xx_hal_i2c.o(i.I2C_WaitOnTXISFlagUntilTimeout)
    I2C_WaitOnTXISFlagUntilTimeout           0x08002439   Thumb Code    80  stm32g0xx_hal_i2c.o(i.I2C_WaitOnTXISFlagUntilTimeout)
    i.MX_GPIO_Init                           0x08002488   Section        0  gpio.o(i.MX_GPIO_Init)
    i.MX_I2C1_Init                           0x080024cc   Section        0  i2c.o(i.MX_I2C1_Init)
    i.MX_USART2_UART_Init                    0x08002524   Section        0  usart.o(i.MX_USART2_UART_Init)
    i.NMI_Handler                            0x0800258c   Section        0  stm32g0xx_it.o(i.NMI_Handler)
    i.PendSV_Handler                         0x0800258e   Section        0  stm32g0xx_it.o(i.PendSV_Handler)
    i.SVC_Handler                            0x08002590   Section        0  stm32g0xx_it.o(i.SVC_Handler)
    i.SysTick_Handler                        0x08002592   Section        0  stm32g0xx_it.o(i.SysTick_Handler)
    i.SystemClock_Config                     0x0800259a   Section        0  main.o(i.SystemClock_Config)
    i.SystemInit                             0x08002628   Section        0  system_stm32g0xx.o(i.SystemInit)
    i.UARTEx_SetNbDataToProcess              0x08002638   Section        0  stm32g0xx_hal_uart_ex.o(i.UARTEx_SetNbDataToProcess)
    UARTEx_SetNbDataToProcess                0x08002639   Thumb Code    80  stm32g0xx_hal_uart_ex.o(i.UARTEx_SetNbDataToProcess)
    i.UART_AdvFeatureConfig                  0x08002698   Section        0  stm32g0xx_hal_uart.o(i.UART_AdvFeatureConfig)
    i.UART_CheckIdleState                    0x08002764   Section        0  stm32g0xx_hal_uart.o(i.UART_CheckIdleState)
    i.UART_SetConfig                         0x080027c8   Section        0  stm32g0xx_hal_uart.o(i.UART_SetConfig)
    i.UART_WaitOnFlagUntilTimeout            0x08002a04   Section        0  stm32g0xx_hal_uart.o(i.UART_WaitOnFlagUntilTimeout)
    i.__0printf                              0x08002aa0   Section        0  printfa.o(i.__0printf)
    i.__ARM_clz                              0x08002ac0   Section        0  depilogue.o(i.__ARM_clz)
    i.__NVIC_SetPriority                     0x08002af0   Section        0  stm32g0xx_hal_cortex.o(i.__NVIC_SetPriority)
    __NVIC_SetPriority                       0x08002af1   Thumb Code    60  stm32g0xx_hal_cortex.o(i.__NVIC_SetPriority)
    i.__scatterload_copy                     0x08002b34   Section       14  handlers.o(i.__scatterload_copy)
    i.__scatterload_null                     0x08002b42   Section        2  handlers.o(i.__scatterload_null)
    i.__scatterload_zeroinit                 0x08002b44   Section       14  handlers.o(i.__scatterload_zeroinit)
    i._fp_digits                             0x08002b54   Section        0  printfa.o(i._fp_digits)
    _fp_digits                               0x08002b55   Thumb Code   344  printfa.o(i._fp_digits)
    i._printf_core                           0x08002cc8   Section        0  printfa.o(i._printf_core)
    _printf_core                             0x08002cc9   Thumb Code  1754  printfa.o(i._printf_core)
    i._printf_post_padding                   0x080033b4   Section        0  printfa.o(i._printf_post_padding)
    _printf_post_padding                     0x080033b5   Thumb Code    32  printfa.o(i._printf_post_padding)
    i._printf_pre_padding                    0x080033d4   Section        0  printfa.o(i._printf_pre_padding)
    _printf_pre_padding                      0x080033d5   Thumb Code    44  printfa.o(i._printf_pre_padding)
    i.fputc                                  0x08003400   Section        0  usart.o(i.fputc)
    i.main                                   0x08003418   Section        0  main.o(i.main)
    .constdata                               0x08003432   Section       24  stm32g0xx_hal_uart.o(.constdata)
    .constdata                               0x0800344c   Section       64  system_stm32g0xx.o(.constdata)
    .constdata                               0x0800348c   Section       32  system_stm32g0xx.o(.constdata)
    .data                                    0x20000000   Section       12  stm32g0xx_hal.o(.data)
    .data                                    0x2000000c   Section        4  system_stm32g0xx.o(.data)
    .data                                    0x20000010   Section        4  stdout.o(.data)
    .bss                                     0x20000014   Section       76  i2c.o(.bss)
    .bss                                     0x20000060   Section      144  usart.o(.bss)
    .bss                                     0x200000f0   Section      208  bme280.o(.bss)
    STACK                                    0x200001c0   Section     1024  startup_stm32g071xx.o(STACK)

    Global Symbols

    Symbol Name                              Value     Ov Type        Size  Object(Section)

    BuildAttributes$$THM_ISAv3M$S$PE$A:L22$X:L11$S22$IEEE1$IW$USESV6$~STKCKD$USESV7$~SHL$OTIME$ROPI$IEEEX$EBA8$MICROLIB$REQ8$PRES8$EABIv2 0x00000000   Number         0  anon$$obj.o ABSOLUTE
    __ARM_use_no_argv                        0x00000000   Number         0  main.o ABSOLUTE
    _printf_a                                0x00000000   Number         0  stubs.o ABSOLUTE
    _printf_c                                0x00000000   Number         0  stubs.o ABSOLUTE
    _printf_charcount                        0x00000000   Number         0  stubs.o ABSOLUTE
    _printf_d                                0x00000000   Number         0  stubs.o ABSOLUTE
    _printf_e                                0x00000000   Number         0  stubs.o ABSOLUTE
    _printf_f                                0x00000000   Number         0  stubs.o ABSOLUTE
    _printf_flags                            0x00000000   Number         0  stubs.o ABSOLUTE
    _printf_fp_dec                           0x00000000   Number         0  stubs.o ABSOLUTE
    _printf_fp_hex                           0x00000000   Number         0  stubs.o ABSOLUTE
    _printf_g                                0x00000000   Number         0  stubs.o ABSOLUTE
    _printf_i                                0x00000000   Number         0  stubs.o ABSOLUTE
    _printf_int_dec                          0x00000000   Number         0  stubs.o ABSOLUTE
    _printf_l                                0x00000000   Number         0  stubs.o ABSOLUTE
    _printf_lc                               0x00000000   Number         0  stubs.o ABSOLUTE
    _printf_ll                               0x00000000   Number         0  stubs.o ABSOLUTE
    _printf_lld                              0x00000000   Number         0  stubs.o ABSOLUTE
    _printf_lli                              0x00000000   Number         0  stubs.o ABSOLUTE
    _printf_llo                              0x00000000   Number         0  stubs.o ABSOLUTE
    _printf_llu                              0x00000000   Number         0  stubs.o ABSOLUTE
    _printf_llx                              0x00000000   Number         0  stubs.o ABSOLUTE
    _printf_longlong_dec                     0x00000000   Number         0  stubs.o ABSOLUTE
    _printf_longlong_hex                     0x00000000   Number         0  stubs.o ABSOLUTE
    _printf_longlong_oct                     0x00000000   Number         0  stubs.o ABSOLUTE
    _printf_ls                               0x00000000   Number         0  stubs.o ABSOLUTE
    _printf_mbtowc                           0x00000000   Number         0  stubs.o ABSOLUTE
    _printf_n                                0x00000000   Number         0  stubs.o ABSOLUTE
    _printf_o                                0x00000000   Number         0  stubs.o ABSOLUTE
    _printf_p                                0x00000000   Number         0  stubs.o ABSOLUTE
    _printf_percent                          0x00000000   Number         0  stubs.o ABSOLUTE
    _printf_pre_padding                      0x00000000   Number         0  stubs.o ABSOLUTE
    _printf_return_value                     0x00000000   Number         0  stubs.o ABSOLUTE
    _printf_s                                0x00000000   Number         0  stubs.o ABSOLUTE
    _printf_sizespec                         0x00000000   Number         0  stubs.o ABSOLUTE
    _printf_str                              0x00000000   Number         0  stubs.o ABSOLUTE
    _printf_truncate_signed                  0x00000000   Number         0  stubs.o ABSOLUTE
    _printf_truncate_unsigned                0x00000000   Number         0  stubs.o ABSOLUTE
    _printf_u                                0x00000000   Number         0  stubs.o ABSOLUTE
    _printf_wc                               0x00000000   Number         0  stubs.o ABSOLUTE
    _printf_wctomb                           0x00000000   Number         0  stubs.o ABSOLUTE
    _printf_widthprec                        0x00000000   Number         0  stubs.o ABSOLUTE
    _printf_x                                0x00000000   Number         0  stubs.o ABSOLUTE
    __cpp_initialize__aeabi_                  - Undefined Weak Reference
    __cxa_finalize                            - Undefined Weak Reference
    __decompress                              - Undefined Weak Reference
    _clock_init                               - Undefined Weak Reference
    _microlib_exit                            - Undefined Weak Reference
    __Vectors_Size                           0x000000bc   Number         0  startup_stm32g071xx.o ABSOLUTE
    __Vectors                                0x08000000   Data           4  startup_stm32g071xx.o(RESET)
    __Vectors_End                            0x080000bc   Data           0  startup_stm32g071xx.o(RESET)
    __main                                   0x080000bd   Thumb Code     0  entry.o(.ARM.Collect$$$$00000000)
    _main_stk                                0x080000bd   Thumb Code     0  entry2.o(.ARM.Collect$$$$00000001)
    _main_scatterload                        0x080000c1   Thumb Code     0  entry5.o(.ARM.Collect$$$$00000004)
    __main_after_scatterload                 0x080000c5   Thumb Code     0  entry5.o(.ARM.Collect$$$$00000004)
    _main_clock                              0x080000c5   Thumb Code     0  entry7b.o(.ARM.Collect$$$$00000008)
    _main_cpp_init                           0x080000c5   Thumb Code     0  entry8b.o(.ARM.Collect$$$$0000000A)
    _main_init                               0x080000c5   Thumb Code     0  entry9a.o(.ARM.Collect$$$$0000000B)
    __rt_final_cpp                           0x080000cd   Thumb Code     0  entry10a.o(.ARM.Collect$$$$0000000D)
    __rt_final_exit                          0x080000cd   Thumb Code     0  entry11a.o(.ARM.Collect$$$$0000000F)
    Reset_Handler                            0x080000d1   Thumb Code     8  startup_stm32g071xx.o(.text)
    ADC1_COMP_IRQHandler                     0x080000e3   Thumb Code     0  startup_stm32g071xx.o(.text)
    CEC_IRQHandler                           0x080000e3   Thumb Code     0  startup_stm32g071xx.o(.text)
    DMA1_Ch4_7_DMAMUX1_OVR_IRQHandler        0x080000e3   Thumb Code     0  startup_stm32g071xx.o(.text)
    DMA1_Channel1_IRQHandler                 0x080000e3   Thumb Code     0  startup_stm32g071xx.o(.text)
    DMA1_Channel2_3_IRQHandler               0x080000e3   Thumb Code     0  startup_stm32g071xx.o(.text)
    EXTI0_1_IRQHandler                       0x080000e3   Thumb Code     0  startup_stm32g071xx.o(.text)
    EXTI2_3_IRQHandler                       0x080000e3   Thumb Code     0  startup_stm32g071xx.o(.text)
    EXTI4_15_IRQHandler                      0x080000e3   Thumb Code     0  startup_stm32g071xx.o(.text)
    FLASH_IRQHandler                         0x080000e3   Thumb Code     0  startup_stm32g071xx.o(.text)
    I2C1_IRQHandler                          0x080000e3   Thumb Code     0  startup_stm32g071xx.o(.text)
    I2C2_IRQHandler                          0x080000e3   Thumb Code     0  startup_stm32g071xx.o(.text)
    PVD_IRQHandler                           0x080000e3   Thumb Code     0  startup_stm32g071xx.o(.text)
    RCC_IRQHandler                           0x080000e3   Thumb Code     0  startup_stm32g071xx.o(.text)
    RTC_TAMP_IRQHandler                      0x080000e3   Thumb Code     0  startup_stm32g071xx.o(.text)
    SPI1_IRQHandler                          0x080000e3   Thumb Code     0  startup_stm32g071xx.o(.text)
    SPI2_IRQHandler                          0x080000e3   Thumb Code     0  startup_stm32g071xx.o(.text)
    TIM14_IRQHandler                         0x080000e3   Thumb Code     0  startup_stm32g071xx.o(.text)
    TIM15_IRQHandler                         0x080000e3   Thumb Code     0  startup_stm32g071xx.o(.text)
    TIM16_IRQHandler                         0x080000e3   Thumb Code     0  startup_stm32g071xx.o(.text)
    TIM17_IRQHandler                         0x080000e3   Thumb Code     0  startup_stm32g071xx.o(.text)
    TIM1_BRK_UP_TRG_COM_IRQHandler           0x080000e3   Thumb Code     0  startup_stm32g071xx.o(.text)
    TIM1_CC_IRQHandler                       0x080000e3   Thumb Code     0  startup_stm32g071xx.o(.text)
    TIM2_IRQHandler                          0x080000e3   Thumb Code     0  startup_stm32g071xx.o(.text)
    TIM3_IRQHandler                          0x080000e3   Thumb Code     0  startup_stm32g071xx.o(.text)
    TIM6_DAC_LPTIM1_IRQHandler               0x080000e3   Thumb Code     0  startup_stm32g071xx.o(.text)
    TIM7_LPTIM2_IRQHandler                   0x080000e3   Thumb Code     0  startup_stm32g071xx.o(.text)
    UCPD1_2_IRQHandler                       0x080000e3   Thumb Code     0  startup_stm32g071xx.o(.text)
    USART1_IRQHandler                        0x080000e3   Thumb Code     0  startup_stm32g071xx.o(.text)
    USART2_IRQHandler                        0x080000e3   Thumb Code     0  startup_stm32g071xx.o(.text)
    USART3_4_LPUART1_IRQHandler              0x080000e3   Thumb Code     0  startup_stm32g071xx.o(.text)
    WWDG_IRQHandler                          0x080000e3   Thumb Code     0  startup_stm32g071xx.o(.text)
    __aeabi_uidiv                            0x080000ed   Thumb Code     0  uidiv.o(.text)
    __aeabi_uidivmod                         0x080000ed   Thumb Code    44  uidiv.o(.text)
    __aeabi_uldivmod                         0x08000119   Thumb Code    96  uldiv.o(.text)
    __aeabi_memcpy                           0x08000179   Thumb Code    36  memcpya.o(.text)
    __aeabi_memcpy4                          0x08000179   Thumb Code     0  memcpya.o(.text)
    __aeabi_memcpy8                          0x08000179   Thumb Code     0  memcpya.o(.text)
    __aeabi_memset                           0x0800019d   Thumb Code    14  memseta.o(.text)
    __aeabi_memset4                          0x0800019d   Thumb Code     0  memseta.o(.text)
    __aeabi_memset8                          0x0800019d   Thumb Code     0  memseta.o(.text)
    __aeabi_memclr                           0x080001ab   Thumb Code     4  memseta.o(.text)
    __aeabi_memclr4                          0x080001ab   Thumb Code     0  memseta.o(.text)
    __aeabi_memclr8                          0x080001ab   Thumb Code     0  memseta.o(.text)
    _memset$wrapper                          0x080001af   Thumb Code    18  memseta.o(.text)
    __aeabi_dadd                             0x080001c1   Thumb Code   328  dadd.o(.text)
    __aeabi_dsub                             0x08000309   Thumb Code    12  dadd.o(.text)
    __aeabi_drsub                            0x08000315   Thumb Code    12  dadd.o(.text)
    __aeabi_dmul                             0x08000325   Thumb Code   202  dmul.o(.text)
    __aeabi_ddiv                             0x080003f5   Thumb Code   234  ddiv.o(.text)
    __ARM_scalbn                             0x080004e5   Thumb Code    44  dscalb.o(.text)
    scalbn                                   0x080004e5   Thumb Code     0  dscalb.o(.text)
    __aeabi_ui2d                             0x08000511   Thumb Code    24  dfltui.o(.text)
    __aeabi_d2uiz                            0x0800052d   Thumb Code    50  dfixui.o(.text)
    __aeabi_f2d                              0x08000569   Thumb Code    40  f2d.o(.text)
    __aeabi_cdcmpeq                          0x08000591   Thumb Code     0  cdcmple.o(.text)
    __aeabi_cdcmple                          0x08000591   Thumb Code    38  cdcmple.o(.text)
    __aeabi_cdrcmple                         0x080005b9   Thumb Code    38  cdrcmple.o(.text)
    __aeabi_d2f                              0x080005e1   Thumb Code    56  d2f.o(.text)
    __aeabi_llsl                             0x08000619   Thumb Code    32  llshl.o(.text)
    _ll_shift_l                              0x08000619   Thumb Code     0  llshl.o(.text)
    __aeabi_llsr                             0x08000639   Thumb Code    34  llushr.o(.text)
    _ll_ushift_r                             0x08000639   Thumb Code     0  llushr.o(.text)
    __aeabi_lasr                             0x0800065b   Thumb Code    38  llsshr.o(.text)
    _ll_sshift_r                             0x0800065b   Thumb Code     0  llsshr.o(.text)
    __I$use$fp                               0x08000681   Thumb Code     0  iusefp.o(.text)
    _float_round                             0x08000681   Thumb Code    16  fepilogue.o(.text)
    _float_epilogue                          0x08000691   Thumb Code   114  fepilogue.o(.text)
    _double_round                            0x08000703   Thumb Code    26  depilogue.o(.text)
    _double_epilogue                         0x0800071d   Thumb Code   164  depilogue.o(.text)
    __aeabi_d2ulz                            0x080007c1   Thumb Code    54  dfixul.o(.text)
    __scatterload                            0x08000801   Thumb Code    28  init.o(.text)
    __scatterload_rt2                        0x08000801   Thumb Code     0  init.o(.text)
    BME280_Configuration                     0x08000825   Thumb Code   330  bme280.o(i.BME280_Configuration)
    BME280_Get_DIG                           0x0800096f   Thumb Code   318  bme280.o(i.BME280_Get_DIG)
    BME280_Get_OLL                           0x08000aad   Thumb Code  1080  bme280.o(i.BME280_Get_OLL)
    BME280_ID                                0x08000f01   Thumb Code    20  bme280.o(i.BME280_ID)
    BME280_IIC_Read                          0x08000f15   Thumb Code    62  bme280.o(i.BME280_IIC_Read)
    BME280_IIC_Write                         0x08000f53   Thumb Code    42  bme280.o(i.BME280_IIC_Write)
    BME280_Init                              0x08000f7d   Thumb Code   284  bme280.o(i.BME280_Init)
    BME280_Read                              0x080010e9   Thumb Code    14  bme280.o(i.BME280_Read)
    BME280_Reset                             0x080010f7   Thumb Code    18  bme280.o(i.BME280_Reset)
    BME280_Sleep                             0x08001109   Thumb Code    20  bme280.o(i.BME280_Sleep)
    BME280_UP                                0x08001121   Thumb Code    20  bme280.o(i.BME280_UP)
    BME280_Write                             0x08001139   Thumb Code    14  bme280.o(i.BME280_Write)
    Bit_Modification                         0x08001149   Thumb Code    34  bme280.o(i.Bit_Modification)
    Error_Handler                            0x08001171   Thumb Code     4  main.o(i.Error_Handler)
    HAL_Delay                                0x08001175   Thumb Code    32  stm32g0xx_hal.o(i.HAL_Delay)
    HAL_GPIO_Init                            0x08001199   Thumb Code   330  stm32g0xx_hal_gpio.o(i.HAL_GPIO_Init)
    HAL_GetTick                              0x080012f5   Thumb Code     6  stm32g0xx_hal.o(i.HAL_GetTick)
    HAL_I2CEx_ConfigAnalogFilter             0x08001301   Thumb Code    74  stm32g0xx_hal_i2c_ex.o(i.HAL_I2CEx_ConfigAnalogFilter)
    HAL_I2CEx_ConfigDigitalFilter            0x0800134b   Thumb Code    72  stm32g0xx_hal_i2c_ex.o(i.HAL_I2CEx_ConfigDigitalFilter)
    HAL_I2C_Init                             0x08001395   Thumb Code   176  stm32g0xx_hal_i2c.o(i.HAL_I2C_Init)
    HAL_I2C_Master_Receive                   0x08001449   Thumb Code   262  stm32g0xx_hal_i2c.o(i.HAL_I2C_Master_Receive)
    HAL_I2C_Master_Transmit                  0x08001559   Thumb Code   262  stm32g0xx_hal_i2c.o(i.HAL_I2C_Master_Transmit)
    HAL_I2C_MspInit                          0x08001669   Thumb Code    88  i2c.o(i.HAL_I2C_MspInit)
    HAL_IncTick                              0x080016c9   Thumb Code    12  stm32g0xx_hal.o(i.HAL_IncTick)
    HAL_Init                                 0x080016d9   Thumb Code    36  stm32g0xx_hal.o(i.HAL_Init)
    HAL_InitTick                             0x08001701   Thumb Code    64  stm32g0xx_hal.o(i.HAL_InitTick)
    HAL_MspInit                              0x08001749   Thumb Code    46  stm32g0xx_hal_msp.o(i.HAL_MspInit)
    HAL_NVIC_SetPriority                     0x0800177d   Thumb Code     8  stm32g0xx_hal_cortex.o(i.HAL_NVIC_SetPriority)
    HAL_PWREx_ControlVoltageScaling          0x08001785   Thumb Code    62  stm32g0xx_hal_pwr_ex.o(i.HAL_PWREx_ControlVoltageScaling)
    HAL_RCCEx_PeriphCLKConfig                0x080017d1   Thumb Code   460  stm32g0xx_hal_rcc_ex.o(i.HAL_RCCEx_PeriphCLKConfig)
    HAL_RCC_ClockConfig                      0x080019b1   Thumb Code   318  stm32g0xx_hal_rcc.o(i.HAL_RCC_ClockConfig)
    HAL_RCC_GetPCLK1Freq                     0x08001b09   Thumb Code    26  stm32g0xx_hal_rcc.o(i.HAL_RCC_GetPCLK1Freq)
    HAL_RCC_GetSysClockFreq                  0x08001b31   Thumb Code   130  stm32g0xx_hal_rcc.o(i.HAL_RCC_GetSysClockFreq)
    HAL_RCC_OscConfig                        0x08001bbd   Thumb Code   970  stm32g0xx_hal_rcc.o(i.HAL_RCC_OscConfig)
    HAL_SYSCFG_StrobeDBattpinsConfig         0x08001fad   Thumb Code    16  stm32g0xx_hal.o(i.HAL_SYSCFG_StrobeDBattpinsConfig)
    HAL_SYSTICK_Config                       0x08001fc1   Thumb Code    38  stm32g0xx_hal_cortex.o(i.HAL_SYSTICK_Config)
    HAL_UARTEx_DisableFifoMode               0x08001ff1   Thumb Code    60  stm32g0xx_hal_uart_ex.o(i.HAL_UARTEx_DisableFifoMode)
    HAL_UARTEx_SetRxFifoThreshold            0x0800202d   Thumb Code    72  stm32g0xx_hal_uart_ex.o(i.HAL_UARTEx_SetRxFifoThreshold)
    HAL_UARTEx_SetTxFifoThreshold            0x08002075   Thumb Code    70  stm32g0xx_hal_uart_ex.o(i.HAL_UARTEx_SetTxFifoThreshold)
    HAL_UART_Init                            0x080020bb   Thumb Code   108  stm32g0xx_hal_uart.o(i.HAL_UART_Init)
    HAL_UART_MspInit                         0x08002129   Thumb Code    82  usart.o(i.HAL_UART_MspInit)
    HAL_UART_Transmit                        0x08002189   Thumb Code   216  stm32g0xx_hal_uart.o(i.HAL_UART_Transmit)
    HardFault_Handler                        0x08002261   Thumb Code     2  stm32g0xx_it.o(i.HardFault_Handler)
    MX_GPIO_Init                             0x08002489   Thumb Code    62  gpio.o(i.MX_GPIO_Init)
    MX_I2C1_Init                             0x080024cd   Thumb Code    76  i2c.o(i.MX_I2C1_Init)
    MX_USART2_UART_Init                      0x08002525   Thumb Code    96  usart.o(i.MX_USART2_UART_Init)
    NMI_Handler                              0x0800258d   Thumb Code     2  stm32g0xx_it.o(i.NMI_Handler)
    PendSV_Handler                           0x0800258f   Thumb Code     2  stm32g0xx_it.o(i.PendSV_Handler)
    SVC_Handler                              0x08002591   Thumb Code     2  stm32g0xx_it.o(i.SVC_Handler)
    SysTick_Handler                          0x08002593   Thumb Code     8  stm32g0xx_it.o(i.SysTick_Handler)
    SystemClock_Config                       0x0800259b   Thumb Code   140  main.o(i.SystemClock_Config)
    SystemInit                               0x08002629   Thumb Code    10  system_stm32g0xx.o(i.SystemInit)
    UART_AdvFeatureConfig                    0x08002699   Thumb Code   202  stm32g0xx_hal_uart.o(i.UART_AdvFeatureConfig)
    UART_CheckIdleState                      0x08002765   Thumb Code    94  stm32g0xx_hal_uart.o(i.UART_CheckIdleState)
    UART_SetConfig                           0x080027c9   Thumb Code   522  stm32g0xx_hal_uart.o(i.UART_SetConfig)
    UART_WaitOnFlagUntilTimeout              0x08002a05   Thumb Code   156  stm32g0xx_hal_uart.o(i.UART_WaitOnFlagUntilTimeout)
    __0printf                                0x08002aa1   Thumb Code    24  printfa.o(i.__0printf)
    __1printf                                0x08002aa1   Thumb Code     0  printfa.o(i.__0printf)
    __2printf                                0x08002aa1   Thumb Code     0  printfa.o(i.__0printf)
    __c89printf                              0x08002aa1   Thumb Code     0  printfa.o(i.__0printf)
    printf                                   0x08002aa1   Thumb Code     0  printfa.o(i.__0printf)
    __ARM_clz                                0x08002ac1   Thumb Code    46  depilogue.o(i.__ARM_clz)
    __scatterload_copy                       0x08002b35   Thumb Code    14  handlers.o(i.__scatterload_copy)
    __scatterload_null                       0x08002b43   Thumb Code     2  handlers.o(i.__scatterload_null)
    __scatterload_zeroinit                   0x08002b45   Thumb Code    14  handlers.o(i.__scatterload_zeroinit)
    fputc                                    0x08003401   Thumb Code    20  usart.o(i.fputc)
    main                                     0x08003419   Thumb Code    26  main.o(i.main)
    UARTPrescTable                           0x08003432   Data          24  stm32g0xx_hal_uart.o(.constdata)
    AHBPrescTable                            0x0800344c   Data          64  system_stm32g0xx.o(.constdata)
    APBPrescTable                            0x0800348c   Data          32  system_stm32g0xx.o(.constdata)
    Region$$Table$$Base                      0x080034ac   Number         0  anon$$obj.o(Region$$Table)
    Region$$Table$$Limit                     0x080034cc   Number         0  anon$$obj.o(Region$$Table)
    uwTickFreq                               0x20000000   Data           1  stm32g0xx_hal.o(.data)
    uwTickPrio                               0x20000004   Data           4  stm32g0xx_hal.o(.data)
    uwTick                                   0x20000008   Data           4  stm32g0xx_hal.o(.data)
    SystemCoreClock                          0x2000000c   Data           4  system_stm32g0xx.o(.data)
    __stdout                                 0x20000010   Data           4  stdout.o(.data)
    hi2c1                                    0x20000014   Data          76  i2c.o(.bss)
    huart2                                   0x20000060   Data         144  usart.o(.bss)
    BME280_1                                 0x200000f0   Data         208  bme280.o(.bss)
    __initial_sp                             0x200005c0   Data           0  startup_stm32g071xx.o(STACK)



==============================================================================

Memory Map of the image

  Image Entry point : 0x080000bd

  Load Region LR_IROM1 (Base: 0x08000000, Size: 0x000034e0, Max: 0x00020000, ABSOLUTE)

    Execution Region ER_IROM1 (Exec base: 0x08000000, Load base: 0x08000000, Size: 0x000034cc, Max: 0x00020000, ABSOLUTE)

    Exec Addr    Load Addr    Size         Type   Attr      Idx    E Section Name        Object

    0x08000000   0x08000000   0x000000bc   Data   RO            3    RESET               startup_stm32g071xx.o
    0x080000bc   0x080000bc   0x00000000   Code   RO         2817  * .ARM.Collect$$$$00000000  mc_p.l(entry.o)
    0x080000bc   0x080000bc   0x00000004   Code   RO         3138    .ARM.Collect$$$$00000001  mc_p.l(entry2.o)
    0x080000c0   0x080000c0   0x00000004   Code   RO         3141    .ARM.Collect$$$$00000004  mc_p.l(entry5.o)
    0x080000c4   0x080000c4   0x00000000   Code   RO         3143    .ARM.Collect$$$$00000008  mc_p.l(entry7b.o)
    0x080000c4   0x080000c4   0x00000000   Code   RO         3145    .ARM.Collect$$$$0000000A  mc_p.l(entry8b.o)
    0x080000c4   0x080000c4   0x00000008   Code   RO         3146    .ARM.Collect$$$$0000000B  mc_p.l(entry9a.o)
    0x080000cc   0x080000cc   0x00000000   Code   RO         3148    .ARM.Collect$$$$0000000D  mc_p.l(entry10a.o)
    0x080000cc   0x080000cc   0x00000000   Code   RO         3150    .ARM.Collect$$$$0000000F  mc_p.l(entry11a.o)
    0x080000cc   0x080000cc   0x00000004   Code   RO         3139    .ARM.Collect$$$$00002712  mc_p.l(entry2.o)
    0x080000d0   0x080000d0   0x0000001c   Code   RO            4    .text               startup_stm32g071xx.o
    0x080000ec   0x080000ec   0x0000002c   Code   RO         2820    .text               mc_p.l(uidiv.o)
    0x08000118   0x08000118   0x00000060   Code   RO         2822    .text               mc_p.l(uldiv.o)
    0x08000178   0x08000178   0x00000024   Code   RO         2824    .text               mc_p.l(memcpya.o)
    0x0800019c   0x0800019c   0x00000024   Code   RO         2826    .text               mc_p.l(memseta.o)
    0x080001c0   0x080001c0   0x00000164   Code   RO         3091    .text               mf_p.l(dadd.o)
    0x08000324   0x08000324   0x000000d0   Code   RO         3093    .text               mf_p.l(dmul.o)
    0x080003f4   0x080003f4   0x000000f0   Code   RO         3095    .text               mf_p.l(ddiv.o)
    0x080004e4   0x080004e4   0x0000002c   Code   RO         3097    .text               mf_p.l(dscalb.o)
    0x08000510   0x08000510   0x0000001c   Code   RO         3099    .text               mf_p.l(dfltui.o)
    0x0800052c   0x0800052c   0x0000003c   Code   RO         3101    .text               mf_p.l(dfixui.o)
    0x08000568   0x08000568   0x00000028   Code   RO         3103    .text               mf_p.l(f2d.o)
    0x08000590   0x08000590   0x00000028   Code   RO         3105    .text               mf_p.l(cdcmple.o)
    0x080005b8   0x080005b8   0x00000028   Code   RO         3107    .text               mf_p.l(cdrcmple.o)
    0x080005e0   0x080005e0   0x00000038   Code   RO         3109    .text               mf_p.l(d2f.o)
    0x08000618   0x08000618   0x00000020   Code   RO         3153    .text               mc_p.l(llshl.o)
    0x08000638   0x08000638   0x00000022   Code   RO         3155    .text               mc_p.l(llushr.o)
    0x0800065a   0x0800065a   0x00000026   Code   RO         3157    .text               mc_p.l(llsshr.o)
    0x08000680   0x08000680   0x00000000   Code   RO         3166    .text               mc_p.l(iusefp.o)
    0x08000680   0x08000680   0x00000082   Code   RO         3167    .text               mf_p.l(fepilogue.o)
    0x08000702   0x08000702   0x000000be   Code   RO         3169    .text               mf_p.l(depilogue.o)
    0x080007c0   0x080007c0   0x00000040   Code   RO         3175    .text               mf_p.l(dfixul.o)
    0x08000800   0x08000800   0x00000024   Code   RO         3177    .text               mc_p.l(init.o)
    0x08000824   0x08000824   0x0000014a   Code   RO          350    i.BME280_Configuration  bme280.o
    0x0800096e   0x0800096e   0x0000013e   Code   RO          351    i.BME280_Get_DIG    bme280.o
    0x08000aac   0x08000aac   0x00000454   Code   RO          353    i.BME280_Get_OLL    bme280.o
    0x08000f00   0x08000f00   0x00000014   Code   RO          356    i.BME280_ID         bme280.o
    0x08000f14   0x08000f14   0x0000003e   Code   RO          357    i.BME280_IIC_Read   bme280.o
    0x08000f52   0x08000f52   0x0000002a   Code   RO          358    i.BME280_IIC_Write  bme280.o
    0x08000f7c   0x08000f7c   0x0000016c   Code   RO          359    i.BME280_Init       bme280.o
    0x080010e8   0x080010e8   0x0000000e   Code   RO          360    i.BME280_Read       bme280.o
    0x080010f6   0x080010f6   0x00000012   Code   RO          361    i.BME280_Reset      bme280.o
    0x08001108   0x08001108   0x00000018   Code   RO          364    i.BME280_Sleep      bme280.o
    0x08001120   0x08001120   0x00000018   Code   RO          365    i.BME280_UP         bme280.o
    0x08001138   0x08001138   0x0000000e   Code   RO          366    i.BME280_Write      bme280.o
    0x08001146   0x08001146   0x00000002   PAD
    0x08001148   0x08001148   0x00000028   Code   RO          368    i.Bit_Modification  bme280.o
    0x08001170   0x08001170   0x00000004   Code   RO           12    i.Error_Handler     main.o
    0x08001174   0x08001174   0x00000024   Code   RO         1943    i.HAL_Delay         stm32g0xx_hal.o
    0x08001198   0x08001198   0x0000015c   Code   RO         1350    i.HAL_GPIO_Init     stm32g0xx_hal_gpio.o
    0x080012f4   0x080012f4   0x0000000c   Code   RO         1947    i.HAL_GetTick       stm32g0xx_hal.o
    0x08001300   0x08001300   0x0000004a   Code   RO          937    i.HAL_I2CEx_ConfigAnalogFilter  stm32g0xx_hal_i2c_ex.o
    0x0800134a   0x0800134a   0x00000048   Code   RO          938    i.HAL_I2CEx_ConfigDigitalFilter  stm32g0xx_hal_i2c_ex.o
    0x08001392   0x08001392   0x00000002   PAD
    0x08001394   0x08001394   0x000000b4   Code   RO          490    i.HAL_I2C_Init      stm32g0xx_hal_i2c.o
    0x08001448   0x08001448   0x00000110   Code   RO          496    i.HAL_I2C_Master_Receive  stm32g0xx_hal_i2c.o
    0x08001558   0x08001558   0x00000110   Code   RO          503    i.HAL_I2C_Master_Transmit  stm32g0xx_hal_i2c.o
    0x08001668   0x08001668   0x00000060   Code   RO          190    i.HAL_I2C_MspInit   i2c.o
    0x080016c8   0x080016c8   0x00000010   Code   RO         1953    i.HAL_IncTick       stm32g0xx_hal.o
    0x080016d8   0x080016d8   0x00000028   Code   RO         1954    i.HAL_Init          stm32g0xx_hal.o
    0x08001700   0x08001700   0x00000048   Code   RO         1955    i.HAL_InitTick      stm32g0xx_hal.o
    0x08001748   0x08001748   0x00000034   Code   RO          330    i.HAL_MspInit       stm32g0xx_hal_msp.o
    0x0800177c   0x0800177c   0x00000008   Code   RO         1835    i.HAL_NVIC_SetPriority  stm32g0xx_hal_cortex.o
    0x08001784   0x08001784   0x0000004c   Code   RO         1651    i.HAL_PWREx_ControlVoltageScaling  stm32g0xx_hal_pwr_ex.o
    0x080017d0   0x080017d0   0x000001e0   Code   RO         1098    i.HAL_RCCEx_PeriphCLKConfig  stm32g0xx_hal_rcc_ex.o
    0x080019b0   0x080019b0   0x00000158   Code   RO          988    i.HAL_RCC_ClockConfig  stm32g0xx_hal_rcc.o
    0x08001b08   0x08001b08   0x00000028   Code   RO          996    i.HAL_RCC_GetPCLK1Freq  stm32g0xx_hal_rcc.o
    0x08001b30   0x08001b30   0x0000008c   Code   RO          997    i.HAL_RCC_GetSysClockFreq  stm32g0xx_hal_rcc.o
    0x08001bbc   0x08001bbc   0x000003f0   Code   RO         1001    i.HAL_RCC_OscConfig  stm32g0xx_hal_rcc.o
    0x08001fac   0x08001fac   0x00000014   Code   RO         1965    i.HAL_SYSCFG_StrobeDBattpinsConfig  stm32g0xx_hal.o
    0x08001fc0   0x08001fc0   0x00000030   Code   RO         1839    i.HAL_SYSTICK_Config  stm32g0xx_hal_cortex.o
    0x08001ff0   0x08001ff0   0x0000003c   Code   RO         2668    i.HAL_UARTEx_DisableFifoMode  stm32g0xx_hal_uart_ex.o
    0x0800202c   0x0800202c   0x00000048   Code   RO         2676    i.HAL_UARTEx_SetRxFifoThreshold  stm32g0xx_hal_uart_ex.o
    0x08002074   0x08002074   0x00000046   Code   RO         2677    i.HAL_UARTEx_SetTxFifoThreshold  stm32g0xx_hal_uart_ex.o
    0x080020ba   0x080020ba   0x0000006c   Code   RO         2281    i.HAL_UART_Init     stm32g0xx_hal_uart.o
    0x08002126   0x08002126   0x00000002   PAD
    0x08002128   0x08002128   0x00000060   Code   RO          228    i.HAL_UART_MspInit  usart.o
    0x08002188   0x08002188   0x000000d8   Code   RO         2290    i.HAL_UART_Transmit  stm32g0xx_hal_uart.o
    0x08002260   0x08002260   0x00000002   Code   RO          283    i.HardFault_Handler  stm32g0xx_it.o
    0x08002262   0x08002262   0x00000022   Code   RO          537    i.I2C_Flush_TXDR    stm32g0xx_hal_i2c.o
    0x08002284   0x08002284   0x00000070   Code   RO          545    i.I2C_IsAcknowledgeFailed  stm32g0xx_hal_i2c.o
    0x080022f4   0x080022f4   0x00000028   Code   RO          552    i.I2C_TransferConfig  stm32g0xx_hal_i2c.o
    0x0800231c   0x0800231c   0x0000004e   Code   RO          554    i.I2C_WaitOnFlagUntilTimeout  stm32g0xx_hal_i2c.o
    0x0800236a   0x0800236a   0x00000002   PAD
    0x0800236c   0x0800236c   0x00000080   Code   RO          555    i.I2C_WaitOnRXNEFlagUntilTimeout  stm32g0xx_hal_i2c.o
    0x080023ec   0x080023ec   0x0000004c   Code   RO          556    i.I2C_WaitOnSTOPFlagUntilTimeout  stm32g0xx_hal_i2c.o
    0x08002438   0x08002438   0x00000050   Code   RO          557    i.I2C_WaitOnTXISFlagUntilTimeout  stm32g0xx_hal_i2c.o
    0x08002488   0x08002488   0x00000044   Code   RO          169    i.MX_GPIO_Init      gpio.o
    0x080024cc   0x080024cc   0x00000058   Code   RO          191    i.MX_I2C1_Init      i2c.o
    0x08002524   0x08002524   0x00000068   Code   RO          229    i.MX_USART2_UART_Init  usart.o
    0x0800258c   0x0800258c   0x00000002   Code   RO          284    i.NMI_Handler       stm32g0xx_it.o
    0x0800258e   0x0800258e   0x00000002   Code   RO          285    i.PendSV_Handler    stm32g0xx_it.o
    0x08002590   0x08002590   0x00000002   Code   RO          286    i.SVC_Handler       stm32g0xx_it.o
    0x08002592   0x08002592   0x00000008   Code   RO          287    i.SysTick_Handler   stm32g0xx_it.o
    0x0800259a   0x0800259a   0x0000008c   Code   RO           13    i.SystemClock_Config  main.o
    0x08002626   0x08002626   0x00000002   PAD
    0x08002628   0x08002628   0x00000010   Code   RO         2776    i.SystemInit        system_stm32g0xx.o
    0x08002638   0x08002638   0x00000060   Code   RO         2681    i.UARTEx_SetNbDataToProcess  stm32g0xx_hal_uart_ex.o
    0x08002698   0x08002698   0x000000ca   Code   RO         2295    i.UART_AdvFeatureConfig  stm32g0xx_hal_uart.o
    0x08002762   0x08002762   0x00000002   PAD
    0x08002764   0x08002764   0x00000064   Code   RO         2296    i.UART_CheckIdleState  stm32g0xx_hal_uart.o
    0x080027c8   0x080027c8   0x0000023c   Code   RO         2313    i.UART_SetConfig    stm32g0xx_hal_uart.o
    0x08002a04   0x08002a04   0x0000009c   Code   RO         2320    i.UART_WaitOnFlagUntilTimeout  stm32g0xx_hal_uart.o
    0x08002aa0   0x08002aa0   0x00000020   Code   RO         3063    i.__0printf         mc_p.l(printfa.o)
    0x08002ac0   0x08002ac0   0x0000002e   Code   RO         3171    i.__ARM_clz         mf_p.l(depilogue.o)
    0x08002aee   0x08002aee   0x00000002   PAD
    0x08002af0   0x08002af0   0x00000044   Code   RO         1841    i.__NVIC_SetPriority  stm32g0xx_hal_cortex.o
    0x08002b34   0x08002b34   0x0000000e   Code   RO         3183    i.__scatterload_copy  mc_p.l(handlers.o)
    0x08002b42   0x08002b42   0x00000002   Code   RO         3184    i.__scatterload_null  mc_p.l(handlers.o)
    0x08002b44   0x08002b44   0x0000000e   Code   RO         3185    i.__scatterload_zeroinit  mc_p.l(handlers.o)
    0x08002b52   0x08002b52   0x00000002   PAD
    0x08002b54   0x08002b54   0x00000174   Code   RO         3070    i._fp_digits        mc_p.l(printfa.o)
    0x08002cc8   0x08002cc8   0x000006ec   Code   RO         3071    i._printf_core      mc_p.l(printfa.o)
    0x080033b4   0x080033b4   0x00000020   Code   RO         3072    i._printf_post_padding  mc_p.l(printfa.o)
    0x080033d4   0x080033d4   0x0000002c   Code   RO         3073    i._printf_pre_padding  mc_p.l(printfa.o)
    0x08003400   0x08003400   0x00000018   Code   RO          232    i.fputc             usart.o
    0x08003418   0x08003418   0x0000001a   Code   RO           14    i.main              main.o
    0x08003432   0x08003432   0x00000018   Data   RO         2321    .constdata          stm32g0xx_hal_uart.o
    0x0800344a   0x0800344a   0x00000002   PAD
    0x0800344c   0x0800344c   0x00000040   Data   RO         2777    .constdata          system_stm32g0xx.o
    0x0800348c   0x0800348c   0x00000020   Data   RO         2778    .constdata          system_stm32g0xx.o
    0x080034ac   0x080034ac   0x00000020   Data   RO         3181    Region$$Table       anon$$obj.o


    Execution Region RW_IRAM1 (Exec base: 0x20000000, Load base: 0x080034cc, Size: 0x000005c0, Max: 0x00009000, ABSOLUTE)

    Exec Addr    Load Addr    Size         Type   Attr      Idx    E Section Name        Object

    0x20000000   0x080034cc   0x0000000c   Data   RW         1971    .data               stm32g0xx_hal.o
    0x2000000c   0x080034d8   0x00000004   Data   RW         2779    .data               system_stm32g0xx.o
    0x20000010   0x080034dc   0x00000004   Data   RW         3152    .data               mc_p.l(stdout.o)
    0x20000014        -       0x0000004c   Zero   RW          192    .bss                i2c.o
    0x20000060        -       0x00000090   Zero   RW          233    .bss                usart.o
    0x200000f0        -       0x000000d0   Zero   RW          370    .bss                bme280.o
    0x200001c0        -       0x00000400   Zero   RW            1    STACK               startup_stm32g071xx.o


==============================================================================

Image component sizes


      Code (inc. data)   RO Data    RW Data    ZI Data      Debug   Object Name

      2378        122          0          0        208      10660   bme280.o
        68          6          0          0          0        919   gpio.o
       184         20          0          0         76       1789   i2c.o
       170          0          0          0          0     443397   main.o
        28          8        188          0       1024        668   startup_stm32g071xx.o
       196         30          0         12          0      19388   stm32g0xx_hal.o
       124         18          0          0          0      11588   stm32g0xx_hal_cortex.o
       348         18          0          0          0       1720   stm32g0xx_hal_gpio.o
      1272         40          0          0          0      10782   stm32g0xx_hal_i2c.o
       146          0          0          0          0       2015   stm32g0xx_hal_i2c_ex.o
        52          6          0          0          0        910   stm32g0xx_hal_msp.o
        76         14          0          0          0        778   stm32g0xx_hal_pwr_ex.o
      1532         88          0          0          0      23725   stm32g0xx_hal_rcc.o
       480         20          0          0          0       1820   stm32g0xx_hal_rcc_ex.o
      1354         56         24          0          0      25718   stm32g0xx_hal_uart.o
       298         16          0          0          0       3825   stm32g0xx_hal_uart_ex.o
        16          0          0          0          0       2323   stm32g0xx_it.o
        16          6         96          4          0       1255   system_stm32g0xx.o
       224         26          0          0        144       2358   usart.o

    ----------------------------------------------------------------------
      8974        494        342         16       1452     565638   Object Totals
         0          0         32          0          0          0   (incl. Generated)
        12          0          2          0          0          0   (incl. Padding)

    ----------------------------------------------------------------------

      Code (inc. data)   RO Data    RW Data    ZI Data      Debug   Library Member Name

         0          0          0          0          0          0   entry.o
         0          0          0          0          0          0   entry10a.o
         0          0          0          0          0          0   entry11a.o
         8          4          0          0          0          0   entry2.o
         4          0          0          0          0          0   entry5.o
         0          0          0          0          0          0   entry7b.o
         0          0          0          0          0          0   entry8b.o
         8          4          0          0          0          0   entry9a.o
        30          0          0          0          0          0   handlers.o
        36          8          0          0          0         68   init.o
         0          0          0          0          0          0   iusefp.o
        32          0          0          0          0         68   llshl.o
        38          0          0          0          0         68   llsshr.o
        34          0          0          0          0         68   llushr.o
        36          0          0          0          0         60   memcpya.o
        36          0          0          0          0        100   memseta.o
      2252         98          0          0          0        412   printfa.o
         0          0          0          4          0          0   stdout.o
        44          0          0          0          0         72   uidiv.o
        96          0          0          0          0         84   uldiv.o
        40          2          0          0          0         68   cdcmple.o
        40          2          0          0          0         68   cdrcmple.o
        56          0          0          0          0         68   d2f.o
       356          4          0          0          0        140   dadd.o
       240          6          0          0          0         84   ddiv.o
       236          0          0          0          0        216   depilogue.o
        60         10          0          0          0         68   dfixui.o
        64         10          0          0          0         68   dfixul.o
        28          4          0          0          0         68   dfltui.o
       208          6          0          0          0         88   dmul.o
        44          0          0          0          0         72   dscalb.o
        40          0          0          0          0         60   f2d.o
       130          0          0          0          0        144   fepilogue.o

    ----------------------------------------------------------------------
      4200        158          0          4          0       2212   Library Totals
         4          0          0          0          0          0   (incl. Padding)

    ----------------------------------------------------------------------

      Code (inc. data)   RO Data    RW Data    ZI Data      Debug   Library Name

      2654        114          0          4          0       1000   mc_p.l
      1542         44          0          0          0       1212   mf_p.l

    ----------------------------------------------------------------------
      4200        158          0          4          0       2212   Library Totals

    ----------------------------------------------------------------------

==============================================================================


      Code (inc. data)   RO Data    RW Data    ZI Data      Debug   

     13174        652        342         20       1452     564026   Grand Totals
     13174        652        342         20       1452     564026   ELF Image Totals
     13174        652        342         20          0          0   ROM Totals

==============================================================================

    Total RO  Size (Code + RO Data)                13516 (  13.20kB)
    Total RW  Size (RW Data + ZI Data)              1472 (   1.44kB)
    Total ROM Size (Code + RO Data + RW Data)      13536 (  13.22kB)

==============================================================================

