Component: ARM Compiler 5.06 update 6 (build 750) Tool: armlink [4d35ed]

==============================================================================

Section Cross References

    startup_stm32g071xx.o(RESET) refers to startup_stm32g071xx.o(STACK) for __initial_sp
    startup_stm32g071xx.o(RESET) refers to startup_stm32g071xx.o(.text) for Reset_Handler
    startup_stm32g071xx.o(RESET) refers to stm32g0xx_it.o(i.NMI_Handler) for NMI_Handler
    startup_stm32g071xx.o(RESET) refers to stm32g0xx_it.o(i.HardFault_Handler) for HardFault_Handler
    startup_stm32g071xx.o(RESET) refers to stm32g0xx_it.o(i.SVC_Handler) for SVC_Handler
    startup_stm32g071xx.o(RESET) refers to stm32g0xx_it.o(i.PendSV_Handler) for PendSV_Handler
    startup_stm32g071xx.o(RESET) refers to stm32g0xx_it.o(i.SysTick_Handler) for SysTick_Handler
    startup_stm32g071xx.o(RESET) refers to stm32g0xx_it.o(i.EXTI0_1_IRQHandler) for EXTI0_1_IRQHandler
    startup_stm32g071xx.o(.text) refers to system_stm32g0xx.o(i.SystemInit) for SystemInit
    startup_stm32g071xx.o(.text) refers to entry.o(.ARM.Collect$$$$00000000) for __main
    opt3001.o(i.Binary_To_Decimal) refers to printfa.o(i.__0printf) for __2printf
    opt3001.o(i.Binary_To_Decimal) refers to memseta.o(.text) for __aeabi_memclr4
    opt3001.o(i.Binary_To_Decimal) refers to opt3001.o(i.Extract_text) for Extract_text
    opt3001.o(i.Binary_To_Decimal) refers to dflti.o(.text) for __aeabi_i2d
    opt3001.o(i.Binary_To_Decimal) refers to pow.o(i.pow) for pow
    opt3001.o(i.Binary_To_Decimal) refers to dmul.o(.text) for __aeabi_dmul
    opt3001.o(i.Binary_To_Decimal) refers to dadd.o(.text) for __aeabi_dadd
    opt3001.o(i.Binary_To_Decimal) refers to dfixi.o(.text) for __aeabi_d2iz
    opt3001.o(i.Extract_text) refers to printfa.o(i.__0printf) for __2printf
    opt3001.o(i.OPT3001_IIC_Read) refers to stm32g0xx_hal_i2c.o(i.HAL_I2C_Master_Transmit) for HAL_I2C_Master_Transmit
    opt3001.o(i.OPT3001_IIC_Read) refers to stm32g0xx_hal_i2c.o(i.HAL_I2C_Master_Receive) for HAL_I2C_Master_Receive
    opt3001.o(i.OPT3001_IIC_Write) refers to stm32g0xx_hal_i2c.o(i.HAL_I2C_Master_Transmit) for HAL_I2C_Master_Transmit
    opt3001.o(i.OPT3001_INT) refers to opt3001.o(i.OPT3001_Read_Configuration) for OPT3001_Read_Configuration
    opt3001.o(i.OPT3001_INT) refers to printfa.o(i.__0printf) for __2printf
    opt3001.o(i.OPT3001_Init) refers to memcpya.o(.text) for __aeabi_memcpy4
    opt3001.o(i.OPT3001_Init) refers to opt3001.o(i.OPT3001_Reset) for OPT3001_Reset
    opt3001.o(i.OPT3001_Init) refers to opt3001.o(i.OPT3001_Read_Manufacturer_ID) for OPT3001_Read_Manufacturer_ID
    opt3001.o(i.OPT3001_Init) refers to opt3001.o(i.OPT3001_Read_Device_ID) for OPT3001_Read_Device_ID
    opt3001.o(i.OPT3001_Init) refers to stm32g0xx_hal.o(i.HAL_Delay) for HAL_Delay
    opt3001.o(i.OPT3001_Init) refers to printfa.o(i.__0printf) for __2printf
    opt3001.o(i.OPT3001_Init) refers to opt3001.o(i.OPT3001_Write_Configuration) for OPT3001_Write_Configuration
    opt3001.o(i.OPT3001_Init) refers to opt3001.o(i.OPT3001_Write_High_Limit) for OPT3001_Write_High_Limit
    opt3001.o(i.OPT3001_Init) refers to opt3001.o(i.OPT3001_Write_Low_Limit) for OPT3001_Write_Low_Limit
    opt3001.o(i.OPT3001_Init) refers to opt3001.o(.bss) for .bss
    opt3001.o(i.OPT3001_Init) refers to i2c.o(.bss) for hi2c1
    opt3001.o(i.OPT3001_Read_Brightness) refers to opt3001.o(i.OPT3001_IIC_Read) for OPT3001_IIC_Read
    opt3001.o(i.OPT3001_Read_Brightness) refers to opt3001.o(i.Binary_To_Decimal) for Binary_To_Decimal
    opt3001.o(i.OPT3001_Read_Brightness) refers to dflti.o(.text) for __aeabi_i2d
    opt3001.o(i.OPT3001_Read_Brightness) refers to pow.o(i.pow) for pow
    opt3001.o(i.OPT3001_Read_Brightness) refers to dmul.o(.text) for __aeabi_dmul
    opt3001.o(i.OPT3001_Read_Brightness) refers to d2f.o(.text) for __aeabi_d2f
    opt3001.o(i.OPT3001_Read_Configuration) refers to opt3001.o(i.OPT3001_IIC_Read) for OPT3001_IIC_Read
    opt3001.o(i.OPT3001_Read_Configuration) refers to opt3001.o(i.Extract_text) for Extract_text
    opt3001.o(i.OPT3001_Read_Device_ID) refers to opt3001.o(i.OPT3001_IIC_Read) for OPT3001_IIC_Read
    opt3001.o(i.OPT3001_Read_Device_ID) refers to opt3001.o(.bss) for .bss
    opt3001.o(i.OPT3001_Read_Manufacturer_ID) refers to opt3001.o(i.OPT3001_IIC_Read) for OPT3001_IIC_Read
    opt3001.o(i.OPT3001_Read_Manufacturer_ID) refers to opt3001.o(.bss) for .bss
    opt3001.o(i.OPT3001_Reset) refers to stm32g0xx_hal_i2c.o(i.HAL_I2C_Master_Transmit) for HAL_I2C_Master_Transmit
    opt3001.o(i.OPT3001_Write_Configuration) refers to opt3001.o(i.Bit_Modification) for Bit_Modification
    opt3001.o(i.OPT3001_Write_Configuration) refers to opt3001.o(i.OPT3001_IIC_Write) for OPT3001_IIC_Write
    opt3001.o(i.OPT3001_Write_High_Limit) refers to opt3001.o(i.OPT3001_IIC_Write) for OPT3001_IIC_Write
    opt3001.o(i.OPT3001_Write_Low_Limit) refers to opt3001.o(i.OPT3001_IIC_Write) for OPT3001_IIC_Write
[...]
    Removing stm32g0xx_hal_flash.o(.rev16_text), (4 bytes).
    Removing stm32g0xx_hal_flash.o(.revsh_text), (4 bytes).
    Removing stm32g0xx_hal_flash.o(i.FLASH_Program_DoubleWord), (28 bytes).
    Removing stm32g0xx_hal_flash.o(i.FLASH_Program_Fast), (52 bytes).
    Removing stm32g0xx_hal_flash.o(i.FLASH_WaitForLastOperation), (100 bytes).
    Removing stm32g0xx_hal_flash.o(i.HAL_FLASH_EndOfOperationCallback), (2 bytes).
    Removing stm32g0xx_hal_flash.o(i.HAL_FLASH_GetError), (12 bytes).
    Removing stm32g0xx_hal_flash.o(i.HAL_FLASH_IRQHandler), (144 bytes).
    Removing stm32g0xx_hal_flash.o(i.HAL_FLASH_Lock), (28 bytes).
    Removing stm32g0xx_hal_flash.o(i.HAL_FLASH_OB_Launch), (20 bytes).
    Removing stm32g0xx_hal_flash.o(i.HAL_FLASH_OB_Lock), (28 bytes).
    Removing stm32g0xx_hal_flash.o(i.HAL_FLASH_OB_Unlock), (40 bytes).
    Removing stm32g0xx_hal_flash.o(i.HAL_FLASH_OperationErrorCallback), (2 bytes).
    Removing stm32g0xx_hal_flash.o(i.HAL_FLASH_Program), (96 bytes).
    Removing stm32g0xx_hal_flash.o(i.HAL_FLASH_Program_IT), (104 bytes).
    Removing stm32g0xx_hal_flash.o(i.HAL_FLASH_Unlock), (40 bytes).
    Removing stm32g0xx_hal_flash.o(.bss), (28 bytes).
    Removing stm32g0xx_hal_flash_ex.o(.rev16_text), (4 bytes).
    Removing stm32g0xx_hal_flash_ex.o(.revsh_text), (4 bytes).
    Removing stm32g0xx_hal_flash_ex.o(i.FLASH_FlushCaches), (44 bytes).
    Removing stm32g0xx_hal_flash_ex.o(i.FLASH_MassErase), (20 bytes).
    Removing stm32g0xx_hal_flash_ex.o(i.FLASH_OB_GetRDP), (24 bytes).
    Removing stm32g0xx_hal_flash_ex.o(i.FLASH_OB_GetUser), (20 bytes).
    Removing stm32g0xx_hal_flash_ex.o(i.FLASH_OB_OptrConfig), (24 bytes).
    Removing stm32g0xx_hal_flash_ex.o(i.FLASH_PageErase), (32 bytes).
    Removing stm32g0xx_hal_flash_ex.o(i.HAL_FLASHEx_DisableDebugger), (20 bytes).
    Removing stm32g0xx_hal_flash_ex.o(i.HAL_FLASHEx_EnableDebugger), (20 bytes).
    Removing stm32g0xx_hal_flash_ex.o(i.HAL_FLASHEx_EnableSecMemProtection), (16 bytes).
    Removing stm32g0xx_hal_flash_ex.o(i.HAL_FLASHEx_Erase), (136 bytes).
    Removing stm32g0xx_hal_flash_ex.o(i.HAL_FLASHEx_Erase_IT), (108 bytes).
    Removing stm32g0xx_hal_flash_ex.o(i.HAL_FLASHEx_FlashEmptyCheck), (16 bytes).
    Removing stm32g0xx_hal_flash_ex.o(i.HAL_FLASHEx_ForceFlashEmpty), (20 bytes).
    Removing stm32g0xx_hal_flash_ex.o(i.HAL_FLASHEx_OBGetConfig), (160 bytes).
    Removing stm32g0xx_hal_flash_ex.o(i.HAL_FLASHEx_OBProgram), (268 bytes).
    Removing stm32g0xx_hal_gpio.o(.rev16_text), (4 bytes).
    Removing stm32g0xx_hal_gpio.o(.revsh_text), (4 bytes).
    Removing stm32g0xx_hal_gpio.o(i.HAL_GPIO_DeInit), (212 bytes).
    Removing stm32g0xx_hal_gpio.o(i.HAL_GPIO_LockPin), (36 bytes).
    Removing stm32g0xx_hal_gpio.o(i.HAL_GPIO_TogglePin), (16 bytes).
    Removing stm32g0xx_hal_gpio.o(i.HAL_GPIO_WritePin), (12 bytes).
    Removing stm32g0xx_hal_dma.o(.rev16_text), (4 bytes).
    Removing stm32g0xx_hal_dma.o(.revsh_text), (4 bytes).
    Removing stm32g0xx_hal_dma.o(i.DMA_CalcDMAMUXChannelBaseAndMask), (48 bytes).
    Removing stm32g0xx_hal_dma.o(i.DMA_CalcDMAMUXRequestGenBaseAndMask), (40 bytes).
    Removing stm32g0xx_hal_dma.o(i.DMA_SetConfig), (72 bytes).
    Removing stm32g0xx_hal_dma.o(i.HAL_DMA_Abort), (116 bytes).
    Removing stm32g0xx_hal_dma.o(i.HAL_DMA_Abort_IT), (124 bytes).
    Removing stm32g0xx_hal_dma.o(i.HAL_DMA_DeInit), (132 bytes).
    Removing stm32g0xx_hal_dma.o(i.HAL_DMA_GetError), (4 bytes).
    Removing stm32g0xx_hal_dma.o(i.HAL_DMA_GetState), (6 bytes).
    Removing stm32g0xx_hal_dma.o(i.HAL_DMA_IRQHandler), (184 bytes).
    Removing stm32g0xx_hal_dma.o(i.HAL_DMA_Init), (164 bytes).
    Removing stm32g0xx_hal_dma.o(i.HAL_DMA_PollForTransfer), (272 bytes).
    Removing stm32g0xx_hal_dma.o(i.HAL_DMA_RegisterCallback), (72 bytes).
    Removing stm32g0xx_hal_dma.o(i.HAL_DMA_Start), (78 bytes).
    Removing stm32g0xx_hal_dma.o(i.HAL_DMA_Start_IT), (140 bytes).
    Removing stm32g0xx_hal_dma.o(i.HAL_DMA_UnRegisterCallback), (78 bytes).
    Removing stm32g0xx_hal_dma_ex.o(.rev16_text), (4 bytes).
    Removing stm32g0xx_hal_dma_ex.o(.revsh_text), (4 bytes).
    Removing stm32g0xx_hal_dma_ex.o(i.HAL_DMAEx_ConfigMuxRequestGenerator), (74 bytes).
    Removing stm32g0xx_hal_dma_ex.o(i.HAL_DMAEx_ConfigMuxSync), (80 bytes).
    Removing stm32g0xx_hal_dma_ex.o(i.HAL_DMAEx_DisableMuxRequestGenerator), (32 bytes).
    Removing stm32g0xx_hal_dma_ex.o(i.HAL_DMAEx_EnableMuxRequestGenerator), (32 bytes).
    Removing stm32g0xx_hal_dma_ex.o(i.HAL_DMAEx_MUX_IRQHandler), (104 bytes).
    Removing stm32g0xx_hal_pwr.o(.rev16_text), (4 bytes).
    Removing stm32g0xx_hal_pwr.o(.revsh_text), (4 bytes).
    Removing stm32g0xx_hal_pwr.o(i.HAL_PWR_DeInit), (24 bytes).
    Removing stm32g0xx_hal_pwr.o(i.HAL_PWR_DisableBkUpAccess), (16 bytes).
    Removing stm32g0xx_hal_pwr.o(i.HAL_PWR_DisableSEVOnPend), (16 bytes).
    Removing stm32g0xx_hal_pwr.o(i.HAL_PWR_DisableSleepOnExit), (16 bytes).
    Removing stm32g0xx_hal_pwr.o(i.HAL_PWR_DisableWakeUpPin), (20 bytes).
    Removing stm32g0xx_hal_pwr.o(i.HAL_PWR_EnableBkUpAccess), (16 bytes).
    Removing stm32g0xx_hal_pwr.o(i.HAL_PWR_EnableSEVOnPend), (16 bytes).
    Removing stm32g0xx_hal_pwr.o(i.HAL_PWR_EnableSleepOnExit), (16 bytes).
    Removing stm32g0xx_hal_pwr.o(i.HAL_PWR_EnableWakeUpPin), (28 bytes).
    Removing stm32g0xx_hal_pwr.o(i.HAL_PWR_EnterSLEEPMode), (68 bytes).
    Removing stm32g0xx_hal_pwr.o(i.HAL_PWR_EnterSTANDBYMode), (36 bytes).
    Removing stm32g0xx_hal_pwr.o(i.HAL_PWR_EnterSTOPMode), (64 bytes).
    Removing stm32g0xx_hal_pwr_ex.o(.rev16_text), (4 bytes).
    Removing stm32g0xx_hal_pwr_ex.o(.revsh_text), (4 bytes).
    Removing stm32g0xx_hal_pwr_ex.o(i.HAL_PWREx_ConfigPVD), (112 bytes).
    Removing stm32g0xx_hal_pwr_ex.o(i.HAL_PWREx_DisableBatteryCharging), (16 bytes).
    Removing stm32g0xx_hal_pwr_ex.o(i.HAL_PWREx_DisableFlashPowerDown), (16 bytes).
    Removing stm32g0xx_hal_pwr_ex.o(i.HAL_PWREx_DisableGPIOPullDown), (80 bytes).
    Removing stm32g0xx_hal_pwr_ex.o(i.HAL_PWREx_DisableGPIOPullUp), (80 bytes).
    Removing stm32g0xx_hal_pwr_ex.o(i.HAL_PWREx_DisableInternalWakeUpLine), (16 bytes).
    Removing stm32g0xx_hal_pwr_ex.o(i.HAL_PWREx_DisableLowPowerRunMode), (64 bytes).
    Removing stm32g0xx_hal_pwr_ex.o(i.HAL_PWREx_DisablePORMonitorSampling), (16 bytes).
    Removing stm32g0xx_hal_pwr_ex.o(i.HAL_PWREx_DisablePVD), (16 bytes).
    Removing stm32g0xx_hal_pwr_ex.o(i.HAL_PWREx_DisablePullUpPullDownConfig), (16 bytes).
    Removing stm32g0xx_hal_pwr_ex.o(i.HAL_PWREx_DisableSRAMRetention), (16 bytes).
    Removing stm32g0xx_hal_pwr_ex.o(i.HAL_PWREx_EnableBatteryCharging), (24 bytes).
    Removing stm32g0xx_hal_pwr_ex.o(i.HAL_PWREx_EnableFlashPowerDown), (16 bytes).
    Removing stm32g0xx_hal_pwr_ex.o(i.HAL_PWREx_EnableGPIOPullDown), (116 bytes).
    Removing stm32g0xx_hal_pwr_ex.o(i.HAL_PWREx_EnableGPIOPullUp), (116 bytes).
    Removing stm32g0xx_hal_pwr_ex.o(i.HAL_PWREx_EnableInternalWakeUpLine), (16 bytes).
    Removing stm32g0xx_hal_pwr_ex.o(i.HAL_PWREx_EnableLowPowerRunMode), (16 bytes).
    Removing stm32g0xx_hal_pwr_ex.o(i.HAL_PWREx_EnablePORMonitorSampling), (16 bytes).
    Removing stm32g0xx_hal_pwr_ex.o(i.HAL_PWREx_EnablePVD), (16 bytes).
    Removing stm32g0xx_hal_pwr_ex.o(i.HAL_PWREx_EnablePullUpPullDownConfig), (16 bytes).
    Removing stm32g0xx_hal_pwr_ex.o(i.HAL_PWREx_EnableSRAMRetention), (16 bytes).
    Removing stm32g0xx_hal_pwr_ex.o(i.HAL_PWREx_EnterSHUTDOWNMode), (36 bytes).
    Removing stm32g0xx_hal_pwr_ex.o(i.HAL_PWREx_GetVoltageRange), (16 bytes).
    Removing stm32g0xx_hal_pwr_ex.o(i.HAL_PWREx_PVD_Falling_Callback), (2 bytes).
    Removing stm32g0xx_hal_pwr_ex.o(i.HAL_PWREx_PVD_IRQHandler), (40 bytes).
    Removing stm32g0xx_hal_pwr_ex.o(i.HAL_PWREx_PVD_Rising_Callback), (2 bytes).
    Removing stm32g0xx_hal_cortex.o(.rev16_text), (4 bytes).
    Removing stm32g0xx_hal_cortex.o(.revsh_text), (4 bytes).
    Removing stm32g0xx_hal_cortex.o(i.HAL_MPU_ConfigRegion), (84 bytes).
    Removing stm32g0xx_hal_cortex.o(i.HAL_MPU_Disable), (16 bytes).
    Removing stm32g0xx_hal_cortex.o(i.HAL_MPU_Enable), (24 bytes).
    Removing stm32g0xx_hal_cortex.o(i.HAL_NVIC_ClearPendingIRQ), (24 bytes).
    Removing stm32g0xx_hal_cortex.o(i.HAL_NVIC_DisableIRQ), (32 bytes).
    Removing stm32g0xx_hal_cortex.o(i.HAL_NVIC_GetPendingIRQ), (32 bytes).
    Removing stm32g0xx_hal_cortex.o(i.HAL_NVIC_GetPriority), (52 bytes).
    Removing stm32g0xx_hal_cortex.o(i.HAL_NVIC_SetPendingIRQ), (24 bytes).
    Removing stm32g0xx_hal_cortex.o(i.HAL_NVIC_SystemReset), (28 bytes).
    Removing stm32g0xx_hal_cortex.o(i.HAL_SYSTICK_CLKSourceConfig), (24 bytes).
    Removing stm32g0xx_hal_cortex.o(i.HAL_SYSTICK_Callback), (2 bytes).
    Removing stm32g0xx_hal_cortex.o(i.HAL_SYSTICK_IRQHandler), (8 bytes).
    Removing stm32g0xx_hal.o(.rev16_text), (4 bytes).
    Removing stm32g0xx_hal.o(.revsh_text), (4 bytes).
    Removing stm32g0xx_hal.o(i.HAL_DBGMCU_DisableDBGStandbyMode), (16 bytes).
    Removing stm32g0xx_hal.o(i.HAL_DBGMCU_DisableDBGStopMode), (16 bytes).
    Removing stm32g0xx_hal.o(i.HAL_DBGMCU_EnableDBGStandbyMode), (16 bytes).
    Removing stm32g0xx_hal.o(i.HAL_DBGMCU_EnableDBGStopMode), (16 bytes).
    Removing stm32g0xx_hal.o(i.HAL_DeInit), (40 bytes).
    Removing stm32g0xx_hal.o(i.HAL_GetDEVID), (16 bytes).
    Removing stm32g0xx_hal.o(i.HAL_GetHalVersion), (8 bytes).
    Removing stm32g0xx_hal.o(i.HAL_GetREVID), (12 bytes).
    Removing stm32g0xx_hal.o(i.HAL_GetTickFreq), (12 bytes).
    Removing stm32g0xx_hal.o(i.HAL_GetTickPrio), (12 bytes).
    Removing stm32g0xx_hal.o(i.HAL_GetUIDw0), (12 bytes).
    Removing stm32g0xx_hal.o(i.HAL_GetUIDw1), (12 bytes).
    Removing stm32g0xx_hal.o(i.HAL_GetUIDw2), (12 bytes).
    Removing stm32g0xx_hal.o(i.HAL_MspDeInit), (2 bytes).
    Removing stm32g0xx_hal.o(i.HAL_MspInit), (2 bytes).
    Removing stm32g0xx_hal.o(i.HAL_ResumeTick), (16 bytes).
    Removing stm32g0xx_hal.o(i.HAL_SYSCFG_DisableIOAnalogSwitchBooster), (16 bytes).
    Removing stm32g0xx_hal.o(i.HAL_SYSCFG_DisableRemap), (16 bytes).
    Removing stm32g0xx_hal.o(i.HAL_SYSCFG_DisableVREFBUF), (16 bytes).
    Removing stm32g0xx_hal.o(i.HAL_SYSCFG_EnableIOAnalogSwitchBooster), (16 bytes).
    Removing stm32g0xx_hal.o(i.HAL_SYSCFG_EnableRemap), (16 bytes).
    Removing stm32g0xx_hal.o(i.HAL_SYSCFG_EnableVREFBUF), (48 bytes).
    Removing stm32g0xx_hal.o(i.HAL_SYSCFG_VREFBUF_HighImpedanceConfig), (20 bytes).
    Removing stm32g0xx_hal.o(i.HAL_SYSCFG_VREFBUF_TrimmingConfig), (20 bytes).
    Removing stm32g0xx_hal.o(i.HAL_SYSCFG_VREFBUF_VoltageScalingConfig), (20 bytes).
    Removing stm32g0xx_hal.o(i.HAL_SetTickFreq), (36 bytes).
    Removing stm32g0xx_hal.o(i.HAL_SuspendTick), (16 bytes).
    Removing stm32g0xx_hal_exti.o(.rev16_text), (4 bytes).
    Removing stm32g0xx_hal_exti.o(.revsh_text), (4 bytes).
    Removing stm32g0xx_hal_exti.o(i.HAL_EXTI_ClearConfigLine), (120 bytes).
    Removing stm32g0xx_hal_exti.o(i.HAL_EXTI_ClearPending), (40 bytes).
    Removing stm32g0xx_hal_exti.o(i.HAL_EXTI_GenerateSWI), (28 bytes).
    Removing stm32g0xx_hal_exti.o(i.HAL_EXTI_GetConfigLine), (168 bytes).
    Removing stm32g0xx_hal_exti.o(i.HAL_EXTI_GetHandle), (14 bytes).
    Removing stm32g0xx_hal_exti.o(i.HAL_EXTI_GetPending), (44 bytes).
    Removing stm32g0xx_hal_exti.o(i.HAL_EXTI_IRQHandler), (68 bytes).
    Removing stm32g0xx_hal_exti.o(i.HAL_EXTI_RegisterCallback), (30 bytes).
    Removing stm32g0xx_hal_exti.o(i.HAL_EXTI_SetConfigLine), (172 bytes).
    Removing stm32g0xx_hal_tim.o(.rev16_text), (4 bytes).
    Removing stm32g0xx_hal_tim.o(.revsh_text), (4 bytes).
    Removing stm32g0xx_hal_tim_ex.o(.rev16_text), (4 bytes).
    Removing stm32g0xx_hal_tim_ex.o(.revsh_text), (4 bytes).
    Removing stm32g0xx_hal_uart.o(.rev16_text), (4 bytes).
    Removing stm32g0xx_hal_uart.o(.revsh_text), (4 bytes).
    Removing stm32g0xx_hal_uart.o(i.HAL_HalfDuplex_EnableReceiver), (54 bytes).
    Removing stm32g0xx_hal_uart.o(i.HAL_HalfDuplex_EnableTransmitter), (54 bytes).
    Removing stm32g0xx_hal_uart.o(i.HAL_HalfDuplex_Init), (118 bytes).
    Removing stm32g0xx_hal_uart.o(i.HAL_LIN_Init), (146 bytes).
    Removing stm32g0xx_hal_uart.o(i.HAL_LIN_SendBreak), (42 bytes).
    Removing stm32g0xx_hal_uart.o(i.HAL_MultiProcessor_DisableMuteMode), (46 bytes).
    Removing stm32g0xx_hal_uart.o(i.HAL_MultiProcessor_EnableMuteMode), (46 bytes).
    Removing stm32g0xx_hal_uart.o(i.HAL_MultiProcessor_EnterMuteMode), (12 bytes).
    Removing stm32g0xx_hal_uart.o(i.HAL_MultiProcessor_Init), (144 bytes).
    Removing stm32g0xx_hal_uart.o(i.HAL_UARTEx_RxEventCallback), (2 bytes).
    Removing stm32g0xx_hal_uart.o(i.HAL_UART_Abort), (204 bytes).
    Removing stm32g0xx_hal_uart.o(i.HAL_UART_AbortCpltCallback), (2 bytes).
    Removing stm32g0xx_hal_uart.o(i.HAL_UART_AbortReceive), (136 bytes).
    Removing stm32g0xx_hal_uart.o(i.HAL_UART_AbortReceiveCpltCallback), (2 bytes).
    Removing stm32g0xx_hal_uart.o(i.HAL_UART_AbortReceive_IT), (152 bytes).
    Removing stm32g0xx_hal_uart.o(i.HAL_UART_AbortTransmit), (116 bytes).
    Removing stm32g0xx_hal_uart.o(i.HAL_UART_AbortTransmitCpltCallback), (2 bytes).
    Removing stm32g0xx_hal_uart.o(i.HAL_UART_AbortTransmit_IT), (128 bytes).
    Removing stm32g0xx_hal_uart.o(i.HAL_UART_Abort_IT), (248 bytes).
    Removing stm32g0xx_hal_uart.o(i.HAL_UART_DMAPause), (94 bytes).
    Removing stm32g0xx_hal_uart.o(i.HAL_UART_DMAResume), (86 bytes).
    Removing stm32g0xx_hal_uart.o(i.HAL_UART_DMAStop), (126 bytes).
    Removing stm32g0xx_hal_uart.o(i.HAL_UART_DeInit), (64 bytes).
    Removing stm32g0xx_hal_uart.o(i.HAL_UART_DisableReceiverTimeout), (64 bytes).
    Removing stm32g0xx_hal_uart.o(i.HAL_UART_EnableReceiverTimeout), (64 bytes).
    Removing stm32g0xx_hal_uart.o(i.HAL_UART_ErrorCallback), (2 bytes).
    Removing stm32g0xx_hal_uart.o(i.HAL_UART_GetError), (6 bytes).
    Removing stm32g0xx_hal_uart.o(i.HAL_UART_GetState), (12 bytes).
    Removing stm32g0xx_hal_uart.o(i.HAL_UART_IRQHandler), (612 bytes).
    Removing stm32g0xx_hal_uart.o(i.HAL_UART_MspDeInit), (2 bytes).
    Removing stm32g0xx_hal_uart.o(i.HAL_UART_MspInit), (2 bytes).
    Removing stm32g0xx_hal_uart.o(i.HAL_UART_Receive), (276 bytes).
    Removing stm32g0xx_hal_uart.o(i.HAL_UART_Receive_DMA), (68 bytes).
    Removing stm32g0xx_hal_uart.o(i.HAL_UART_Receive_IT), (68 bytes).
    Removing stm32g0xx_hal_uart.o(i.HAL_UART_ReceiverTimeout_Config), (24 bytes).
    Removing stm32g0xx_hal_uart.o(i.HAL_UART_RxCpltCallback), (2 bytes).
    Removing stm32g0xx_hal_uart.o(i.HAL_UART_RxHalfCpltCallback), (2 bytes).
    Removing stm32g0xx_hal_uart.o(i.HAL_UART_Transmit_DMA), (172 bytes).
    Removing stm32g0xx_hal_uart.o(i.HAL_UART_Transmit_IT), (168 bytes).
    Removing stm32g0xx_hal_uart.o(i.HAL_UART_TxCpltCallback), (2 bytes).
    Removing stm32g0xx_hal_uart.o(i.HAL_UART_TxHalfCpltCallback), (2 bytes).
    Removing stm32g0xx_hal_uart.o(i.UART_DMAAbortOnError), (20 bytes).
    Removing stm32g0xx_hal_uart.o(i.UART_DMAError), (78 bytes).
    Removing stm32g0xx_hal_uart.o(i.UART_DMAReceiveCplt), (96 bytes).
    Removing stm32g0xx_hal_uart.o(i.UART_DMARxAbortCallback), (64 bytes).
    Removing stm32g0xx_hal_uart.o(i.UART_DMARxHalfCplt), (28 bytes).
    Removing stm32g0xx_hal_uart.o(i.UART_DMARxOnlyAbortCallback), (40 bytes).
    Removing stm32g0xx_hal_uart.o(i.UART_DMATransmitCplt), (48 bytes).
    Removing stm32g0xx_hal_uart.o(i.UART_DMATxAbortCallback), (74 bytes).
    Removing stm32g0xx_hal_uart.o(i.UART_DMATxHalfCplt), (10 bytes).
    Removing stm32g0xx_hal_uart.o(i.UART_DMATxOnlyAbortCallback), (42 bytes).
    Removing stm32g0xx_hal_uart.o(i.UART_EndRxTransfer), (56 bytes).
    Removing stm32g0xx_hal_uart.o(i.UART_EndTxTransfer), (30 bytes).
    Removing stm32g0xx_hal_uart.o(i.UART_RxISR_16BIT), (122 bytes).
    Removing stm32g0xx_hal_uart.o(i.UART_RxISR_16BIT_FIFOEN), (316 bytes).
    Removing stm32g0xx_hal_uart.o(i.UART_RxISR_8BIT), (122 bytes).
    Removing stm32g0xx_hal_uart.o(i.UART_RxISR_8BIT_FIFOEN), (316 bytes).
    Removing stm32g0xx_hal_uart.o(i.UART_Start_Receive_DMA), (132 bytes).
    Removing stm32g0xx_hal_uart.o(i.UART_Start_Receive_IT), (224 bytes).
    Removing stm32g0xx_hal_uart.o(i.UART_TxISR_16BIT), (66 bytes).
    Removing stm32g0xx_hal_uart.o(i.UART_TxISR_16BIT_FIFOEN), (88 bytes).
    Removing stm32g0xx_hal_uart.o(i.UART_TxISR_8BIT), (62 bytes).
    Removing stm32g0xx_hal_uart.o(i.UART_TxISR_8BIT_FIFOEN), (84 bytes).
    Removing stm32g0xx_hal_uart_ex.o(.rev16_text), (4 bytes).
    Removing stm32g0xx_hal_uart_ex.o(.revsh_text), (4 bytes).
    Removing stm32g0xx_hal_uart_ex.o(i.HAL_MultiProcessorEx_AddressLength_Set), (54 bytes).
    Removing stm32g0xx_hal_uart_ex.o(i.HAL_RS485Ex_Init), (144 bytes).
    Removing stm32g0xx_hal_uart_ex.o(i.HAL_UARTEx_DisableStopMode), (34 bytes).
    Removing stm32g0xx_hal_uart_ex.o(i.HAL_UARTEx_EnableFifoMode), (62 bytes).
    Removing stm32g0xx_hal_uart_ex.o(i.HAL_UARTEx_EnableStopMode), (34 bytes).
    Removing stm32g0xx_hal_uart_ex.o(i.HAL_UARTEx_ReceiveToIdle), (340 bytes).
    Removing stm32g0xx_hal_uart_ex.o(i.HAL_UARTEx_ReceiveToIdle_DMA), (92 bytes).
    Removing stm32g0xx_hal_uart_ex.o(i.HAL_UARTEx_ReceiveToIdle_IT), (92 bytes).
    Removing stm32g0xx_hal_uart_ex.o(i.HAL_UARTEx_RxFifoFullCallback), (2 bytes).
    Removing stm32g0xx_hal_uart_ex.o(i.HAL_UARTEx_StopModeWakeUpSourceConfig), (152 bytes).
    Removing stm32g0xx_hal_uart_ex.o(i.HAL_UARTEx_TxFifoEmptyCallback), (2 bytes).
    Removing stm32g0xx_hal_uart_ex.o(i.HAL_UARTEx_WakeupCallback), (2 bytes).
    Removing system_stm32g0xx.o(.rev16_text), (4 bytes).
    Removing system_stm32g0xx.o(.revsh_text), (4 bytes).
    Removing system_stm32g0xx.o(i.SystemCoreClockUpdate), (144 bytes).
    Removing cdcmple.o(.text), (40 bytes).
    Removing stm32g0xx_hal_dma.o(i.__ARM_common_switch8), (26 bytes).

363 unused section(s) (total 25538 bytes) removed from the image.

==============================================================================

Image Symbol Table

    Local Symbols

    Symbol Name                              Value     Ov Type        Size  Object(Section)

    ../Core/Src/gpio.c                       0x00000000   Number         0  gpio.o ABSOLUTE
    ../Core/Src/i2c.c                        0x00000000   Number         0  i2c.o ABSOLUTE
    ../Core/Src/main.c                       0x00000000   Number         0  main.o ABSOLUTE
    ../Core/Src/stm32g0xx_hal_msp.c          0x00000000   Number         0  stm32g0xx_hal_msp.o ABSOLUTE
    ../Core/Src/stm32g0xx_it.c               0x00000000   Number         0  stm32g0xx_it.o ABSOLUTE
    ../Core/Src/system_stm32g0xx.c           0x00000000   Number         0  system_stm32g0xx.o ABSOLUTE
    ../Core/Src/usart.c                      0x00000000   Number         0  usart.o ABSOLUTE
    ../Drivers/STM32G0xx_HAL_Driver/Src/stm32g0xx_hal.c 0x00000000   Number         0  stm32g0xx_hal.o ABSOLUTE
    ../Drivers/STM32G0xx_HAL_Driver/Src/stm32g0xx_hal_cortex.c 0x00000000   Number         0  stm32g0xx_hal_cortex.o ABSOLUTE
    ../Drivers/STM32G0xx_HAL_Driver/Src/stm32g0xx_hal_dma.c 0x00000000   Number         0  stm32g0xx_hal_dma.o ABSOLUTE
    ../Drivers/STM32G0xx_HAL_Driver/Src/stm32g0xx_hal_dma_ex.c 0x00000000   Number         0  stm32g0xx_hal_dma_ex.o ABSOLUTE
    ../Drivers/STM32G0xx_HAL_Driver/Src/stm32g0xx_hal_exti.c 0x00000000   Number         0  stm32g0xx_hal_exti.o ABSOLUTE
    ../Drivers/STM32G0xx_HAL_Driver/Src/stm32g0xx_hal_flash.c 0x00000000   Number         0  stm32g0xx_hal_flash.o ABSOLUTE
    ../Drivers/STM32G0xx_HAL_Driver/Src/stm32g0xx_hal_flash_ex.c 0x00000000   Number         0  stm32g0xx_hal_flash_ex.o ABSOLUTE
    ../Drivers/STM32G0xx_HAL_Driver/Src/stm32g0xx_hal_gpio.c 0x00000000   Number         0  stm32g0xx_hal_gpio.o ABSOLUTE
    ../Drivers/STM32G0xx_HAL_Driver/Src/stm32g0xx_hal_i2c.c 0x00000000   Number         0  stm32g0xx_hal_i2c.o ABSOLUTE
    ../Drivers/STM32G0xx_HAL_Driver/Src/stm32g0xx_hal_i2c_ex.c 0x00000000   Number         0  stm32g0xx_hal_i2c_ex.o ABSOLUTE
    ../Drivers/STM32G0xx_HAL_Driver/Src/stm32g0xx_hal_pwr.c 0x00000000   Number         0  stm32g0xx_hal_pwr.o ABSOLUTE
    ../Drivers/STM32G0xx_HAL_Driver/Src/stm32g0xx_hal_pwr_ex.c 0x00000000   Number         0  stm32g0xx_hal_pwr_ex.o ABSOLUTE
    ../Drivers/STM32G0xx_HAL_Driver/Src/stm32g0xx_hal_rcc.c 0x00000000   Number         0  stm32g0xx_hal_rcc.o ABSOLUTE
    ../Drivers/STM32G0xx_HAL_Driver/Src/stm32g0xx_hal_rcc_ex.c 0x00000000   Number         0  stm32g0xx_hal_rcc_ex.o ABSOLUTE
    ../Drivers/STM32G0xx_HAL_Driver/Src/stm32g0xx_hal_tim.c 0x00000000   Number         0  stm32g0xx_hal_tim.o ABSOLUTE
    ../Drivers/STM32G0xx_HAL_Driver/Src/stm32g0xx_hal_tim_ex.c 0x00000000   Number         0  stm32g0xx_hal_tim_ex.o ABSOLUTE
    ../Drivers/STM32G0xx_HAL_Driver/Src/stm32g0xx_hal_uart.c 0x00000000   Number         0  stm32g0xx_hal_uart.o ABSOLUTE
    ../Drivers/STM32G0xx_HAL_Driver/Src/stm32g0xx_hal_uart_ex.c 0x00000000   Number         0  stm32g0xx_hal_uart_ex.o ABSOLUTE
    ../Drivers/STM32G0xx_HAL_Driver/Src/stm32g0xx_ll_dma.c 0x00000000   Number         0  stm32g0xx_ll_dma.o ABSOLUTE
    ../Drivers/STM32G0xx_HAL_Driver/Src/stm32g0xx_ll_rcc.c 0x00000000   Number         0  stm32g0xx_ll_rcc.o ABSOLUTE
    ../clib/microlib/division.c              0x00000000   Number         0  uldiv.o ABSOLUTE
    ../clib/microlib/division.c              0x00000000   Number         0  uidiv.o ABSOLUTE
    ../clib/microlib/errno.c                 0x00000000   Number         0  errno.o ABSOLUTE
    ../clib/microlib/init/entry.s            0x00000000   Number         0  entry10a.o ABSOLUTE
    ../clib/microlib/init/entry.s            0x00000000   Number         0  entry9b.o ABSOLUTE
    ../clib/microlib/init/entry.s            0x00000000   Number         0  entry.o ABSOLUTE
    ../clib/microlib/init/entry.s            0x00000000   Number         0  entry11b.o ABSOLUTE
    ../clib/microlib/init/entry.s            0x00000000   Number         0  entry11a.o ABSOLUTE
    ../clib/microlib/init/entry.s            0x00000000   Number         0  entry10b.o ABSOLUTE
    ../clib/microlib/init/entry.s            0x00000000   Number         0  entry9a.o ABSOLUTE
    ../clib/microlib/init/entry.s            0x00000000   Number         0  entry8b.o ABSOLUTE
    ../clib/microlib/init/entry.s            0x00000000   Number         0  entry8a.o ABSOLUTE
    ../clib/microlib/init/entry.s            0x00000000   Number         0  entry7b.o ABSOLUTE
    ../clib/microlib/init/entry.s            0x00000000   Number         0  entry7a.o ABSOLUTE
    ../clib/microlib/init/entry.s            0x00000000   Number         0  entry2.o ABSOLUTE
    ../clib/microlib/init/entry.s            0x00000000   Number         0  entry5.o ABSOLUTE
    ../clib/microlib/longlong.c              0x00000000   Number         0  llsshr.o ABSOLUTE
    ../clib/microlib/longlong.c              0x00000000   Number         0  llshl.o ABSOLUTE
    ../clib/microlib/longlong.c              0x00000000   Number         0  llushr.o ABSOLUTE
    ../clib/microlib/printf/printf.c         0x00000000   Number         0  printfb.o ABSOLUTE
    ../clib/microlib/printf/printf.c         0x00000000   Number         0  printf0.o ABSOLUTE
    ../clib/microlib/printf/printf.c         0x00000000   Number         0  printfa.o ABSOLUTE
    ../clib/microlib/printf/printf.c         0x00000000   Number         0  printf8.o ABSOLUTE
    ../clib/microlib/printf/printf.c         0x00000000   Number         0  printf7.o ABSOLUTE
    ../clib/microlib/printf/printf.c         0x00000000   Number         0  printf6.o ABSOLUTE
    ../clib/microlib/printf/printf.c         0x00000000   Number         0  printf5.o ABSOLUTE
    ../clib/microlib/printf/printf.c         0x00000000   Number         0  printf4.o ABSOLUTE
    ../clib/microlib/printf/printf.c         0x00000000   Number         0  printf3.o ABSOLUTE
    ../clib/microlib/printf/printf.c         0x00000000   Number         0  printf2.o ABSOLUTE
    ../clib/microlib/printf/printf.c         0x00000000   Number         0  printf1.o ABSOLUTE
    ../clib/microlib/printf/stubs.s          0x00000000   Number         0  stubs.o ABSOLUTE
    ../clib/microlib/stdio/streams.c         0x00000000   Number         0  stdout.o ABSOLUTE
    ../clib/microlib/string/memcpy.c         0x00000000   Number         0  memcpyb.o ABSOLUTE
    ../clib/microlib/string/memcpy.c         0x00000000   Number         0  memcpya.o ABSOLUTE
    ../clib/microlib/string/memset.c         0x00000000   Number         0  memseta.o ABSOLUTE
    ../clib/microlib/stubs.s                 0x00000000   Number         0  iusefp.o ABSOLUTE
    ../fplib/microlib/d2f.c                  0x00000000   Number         0  d2f.o ABSOLUTE
    ../fplib/microlib/f2d.c                  0x00000000   Number         0  f2d.o ABSOLUTE
    ../fplib/microlib/fpadd.c                0x00000000   Number         0  dadd.o ABSOLUTE
    ../fplib/microlib/fpdiv.c                0x00000000   Number         0  ddiv.o ABSOLUTE
    ../fplib/microlib/fpepilogue.c           0x00000000   Number         0  depilogue.o ABSOLUTE
    ../fplib/microlib/fpepilogue.c           0x00000000   Number         0  fepilogue.o ABSOLUTE
    ../fplib/microlib/fpfix.c                0x00000000   Number         0  dfixul.o ABSOLUTE
    ../fplib/microlib/fpfix.c                0x00000000   Number         0  dfixi.o ABSOLUTE
    ../fplib/microlib/fpflt.c                0x00000000   Number         0  dflti.o ABSOLUTE
    ../fplib/microlib/fpmul.c                0x00000000   Number         0  dmul.o ABSOLUTE
    ../fplib/microlib/fpscalb.c              0x00000000   Number         0  dscalb.o ABSOLUTE
    ../fplib/microlib/fpsqrt.c               0x00000000   Number         0  dsqrt.o ABSOLUTE
    ../mathlib/dunder.c                      0x00000000   Number         0  dunder.o ABSOLUTE
    ../mathlib/fpclassify.c                  0x00000000   Number         0  fpclassify.o ABSOLUTE
    ../mathlib/poly.c                        0x00000000   Number         0  poly.o ABSOLUTE
    ../mathlib/pow.c                         0x00000000   Number         0  pow.o ABSOLUTE
    ../mathlib/pow.c                         0x00000000   Number         0  pow_x.o ABSOLUTE
    ../mathlib/qnan.c                        0x00000000   Number         0  qnan.o ABSOLUTE
    ../mathlib/sqrt.c                        0x00000000   Number         0  sqrt.o ABSOLUTE
    ../mathlib/sqrt.c                        0x00000000   Number         0  sqrt_x.o ABSOLUTE
    ..\Core\Src\OPT3001.c                    0x00000000   Number         0  opt3001.o ABSOLUTE
    ..\Core\Src\gpio.c                       0x00000000   Number         0  gpio.o ABSOLUTE
    ..\Core\Src\i2c.c                        0x00000000   Number         0  i2c.o ABSOLUTE
    ..\Core\Src\main.c                       0x00000000   Number         0  main.o ABSOLUTE
    ..\Core\Src\stm32g0xx_hal_msp.c          0x00000000   Number         0  stm32g0xx_hal_msp.o ABSOLUTE
    ..\Core\Src\stm32g0xx_it.c               0x00000000   Number         0  stm32g0xx_it.o ABSOLUTE
    ..\Core\Src\system_stm32g0xx.c           0x00000000   Number         0  system_stm32g0xx.o ABSOLUTE
    ..\Core\Src\usart.c                      0x00000000   Number         0  usart.o ABSOLUTE
    ..\Drivers\STM32G0xx_HAL_Driver\Src\stm32g0xx_hal.c 0x00000000   Number         0  stm32g0xx_hal.o ABSOLUTE
    ..\Drivers\STM32G0xx_HAL_Driver\Src\stm32g0xx_hal_cortex.c 0x00000000   Number         0  stm32g0xx_hal_cortex.o ABSOLUTE
    ..\Drivers\STM32G0xx_HAL_Driver\Src\stm32g0xx_hal_dma.c 0x00000000   Number         0  stm32g0xx_hal_dma.o ABSOLUTE
    ..\Drivers\STM32G0xx_HAL_Driver\Src\stm32g0xx_hal_dma_ex.c 0x00000000   Number         0  stm32g0xx_hal_dma_ex.o ABSOLUTE
    ..\Drivers\STM32G0xx_HAL_Driver\Src\stm32g0xx_hal_exti.c 0x00000000   Number         0  stm32g0xx_hal_exti.o ABSOLUTE
    ..\Drivers\STM32G0xx_HAL_Driver\Src\stm32g0xx_hal_flash.c 0x00000000   Number         0  stm32g0xx_hal_flash.o ABSOLUTE
    ..\Drivers\STM32G0xx_HAL_Driver\Src\stm32g0xx_hal_flash_ex.c 0x00000000   Number         0  stm32g0xx_hal_flash_ex.o ABSOLUTE
    ..\Drivers\STM32G0xx_HAL_Driver\Src\stm32g0xx_hal_gpio.c 0x00000000   Number         0  stm32g0xx_hal_gpio.o ABSOLUTE
    ..\Drivers\STM32G0xx_HAL_Driver\Src\stm32g0xx_hal_i2c.c 0x00000000   Number         0  stm32g0xx_hal_i2c.o ABSOLUTE
    ..\Drivers\STM32G0xx_HAL_Driver\Src\stm32g0xx_hal_i2c_ex.c 0x00000000   Number         0  stm32g0xx_hal_i2c_ex.o ABSOLUTE
    ..\Drivers\STM32G0xx_HAL_Driver\Src\stm32g0xx_hal_pwr.c 0x00000000   Number         0  stm32g0xx_hal_pwr.o ABSOLUTE
    ..\Drivers\STM32G0xx_HAL_Driver\Src\stm32g0xx_hal_pwr_ex.c 0x00000000   Number         0  stm32g0xx_hal_pwr_ex.o ABSOLUTE
    ..\Drivers\STM32G0xx_HAL_Driver\Src\stm32g0xx_hal_rcc.c 0x00000000   Number         0  stm32g0xx_hal_rcc.o ABSOLUTE
    ..\Drivers\STM32G0xx_HAL_Driver\Src\stm32g0xx_hal_rcc_ex.c 0x00000000   Number         0  stm32g0xx_hal_rcc_ex.o ABSOLUTE
    ..\Drivers\STM32G0xx_HAL_Driver\Src\stm32g0xx_hal_tim.c 0x00000000   Number         0  stm32g0xx_hal_tim.o ABSOLUTE
    ..\Drivers\STM32G0xx_HAL_Driver\Src\stm32g0xx_hal_tim_ex.c 0x00000000   Number         0  stm32g0xx_hal_tim_ex.o ABSOLUTE
    ..\Drivers\STM32G0xx_HAL_Driver\Src\stm32g0xx_hal_uart.c 0x00000000   Number         0  stm32g0xx_hal_uart.o ABSOLUTE
    ..\Drivers\STM32G0xx_HAL_Driver\Src\stm32g0xx_hal_uart_ex.c 0x00000000   Number         0  stm32g0xx_hal_uart_ex.o ABSOLUTE
    ..\\Core\\Src\\OPT3001.c                 0x00000000   Number         0  opt3001.o ABSOLUTE
    cdcmple.s                                0x00000000   Number         0  cdcmple.o ABSOLUTE
    cdrcmple.s                               0x00000000   Number         0  cdrcmple.o ABSOLUTE
    dc.s                                     0x00000000   Number         0  dc.o ABSOLUTE
    handlers.s                               0x00000000   Number         0  handlers.o ABSOLUTE
    init.s                                   0x00000000   Number         0  init.o ABSOLUTE
    startup_stm32g071xx.s                    0x00000000   Number         0  startup_stm32g071xx.o ABSOLUTE
    RESET                                    0x08000000   Section      188  startup_stm32g071xx.o(RESET)
    .ARM.Collect$$$$00000000                 0x080000bc   Section        0  entry.o(.ARM.Collect$$$$00000000)
    .ARM.Collect$$$$00000001                 0x080000bc   Section        4  entry2.o(.ARM.Collect$$$$00000001)
    .ARM.Collect$$$$00000004                 0x080000c0   Section        4  entry5.o(.ARM.Collect$$$$00000004)
    .ARM.Collect$$$$00000008                 0x080000c4   Section        0  entry7b.o(.ARM.Collect$$$$00000008)
    .ARM.Collect$$$$0000000A                 0x080000c4   Section        0  entry8b.o(.ARM.Collect$$$$0000000A)
    .ARM.Collect$$$$0000000B                 0x080000c4   Section        8  entry9a.o(.ARM.Collect$$$$0000000B)
    .ARM.Collect$$$$0000000D                 0x080000cc   Section        0  entry10a.o(.ARM.Collect$$$$0000000D)
    .ARM.Collect$$$$0000000F                 0x080000cc   Section        0  entry11a.o(.ARM.Collect$$$$0000000F)
    .ARM.Collect$$$$00002712                 0x080000cc   Section        4  entry2.o(.ARM.Collect$$$$00002712)
    __lit__00000000                          0x080000cc   Data           4  entry2.o(.ARM.Collect$$$$00002712)
    .text                                    0x080000d0   Section       28  startup_stm32g071xx.o(.text)
    .text                                    0x080000ec   Section        0  uidiv.o(.text)
    .text                                    0x08000118   Section        0  uldiv.o(.text)
    .text                                    0x08000178   Section        0  memcpya.o(.text)
    .text                                    0x0800019c   Section        0  memseta.o(.text)
    .text                                    0x080001c0   Section        0  dadd.o(.text)
    .text                                    0x08000324   Section        0  dmul.o(.text)
    .text                                    0x080003f4   Section        0  dflti.o(.text)
    .text                                    0x0800041c   Section        0  dfixi.o(.text)
    .text                                    0x08000464   Section        0  f2d.o(.text)
    .text                                    0x0800048c   Section        0  d2f.o(.text)
    .text                                    0x080004c4   Section        0  llshl.o(.text)
    .text                                    0x080004e4   Section        0  llushr.o(.text)
    .text                                    0x08000506   Section        0  llsshr.o(.text)
    .text                                    0x0800052c   Section        0  fepilogue.o(.text)
    .text                                    0x0800052c   Section        0  iusefp.o(.text)
    .text                                    0x080005ae   Section        0  depilogue.o(.text)
    .text                                    0x0800066c   Section        0  ddiv.o(.text)
    .text                                    0x0800075c   Section        0  dscalb.o(.text)
    .text                                    0x08000788   Section        0  dfixul.o(.text)
    .text                                    0x080007c8   Section       40  cdrcmple.o(.text)
    .text                                    0x080007f0   Section       36  init.o(.text)
    .text                                    0x08000814   Section        0  dsqrt.o(.text)
    i.Binary_To_Decimal                      0x080008b8   Section        0  opt3001.o(i.Binary_To_Decimal)
    i.Bit_Modification                       0x08000960   Section        0  opt3001.o(i.Bit_Modification)
    i.EXTI0_1_IRQHandler                     0x08000988   Section        0  stm32g0xx_it.o(i.EXTI0_1_IRQHandler)
    i.Error_Handler                          0x080009ac   Section        0  main.o(i.Error_Handler)
    i.Extract_text                           0x080009b0   Section        0  opt3001.o(i.Extract_text)
    i.HAL_Delay                              0x080009dc   Section        0  stm32g0xx_hal.o(i.HAL_Delay)
    i.HAL_GPIO_EXTI_Falling_Callback         0x08000a00   Section        0  stm32g0xx_hal_gpio.o(i.HAL_GPIO_EXTI_Falling_Callback)
    i.HAL_GPIO_EXTI_IRQHandler               0x08000a04   Section        0  stm32g0xx_hal_gpio.o(i.HAL_GPIO_EXTI_IRQHandler)
    i.HAL_GPIO_EXTI_Rising_Callback          0x08000a2c   Section        0  stm32g0xx_hal_gpio.o(i.HAL_GPIO_EXTI_Rising_Callback)
    i.HAL_GPIO_Init                          0x08000a30   Section        0  stm32g0xx_hal_gpio.o(i.HAL_GPIO_Init)
    i.HAL_GPIO_ReadPin                       0x08000b8c   Section        0  stm32g0xx_hal_gpio.o(i.HAL_GPIO_ReadPin)
    i.HAL_GetTick                            0x08000b98   Section        0  stm32g0xx_hal.o(i.HAL_GetTick)
    i.HAL_I2CEx_ConfigAnalogFilter           0x08000ba4   Section        0  stm32g0xx_hal_i2c_ex.o(i.HAL_I2CEx_ConfigAnalogFilter)
    i.HAL_I2CEx_ConfigDigitalFilter          0x08000bee   Section        0  stm32g0xx_hal_i2c_ex.o(i.HAL_I2CEx_ConfigDigitalFilter)
    i.HAL_I2C_Init                           0x08000c38   Section        0  stm32g0xx_hal_i2c.o(i.HAL_I2C_Init)
    i.HAL_I2C_Master_Receive                 0x08000cec   Section        0  stm32g0xx_hal_i2c.o(i.HAL_I2C_Master_Receive)
    i.HAL_I2C_Master_Transmit                0x08000dfc   Section        0  stm32g0xx_hal_i2c.o(i.HAL_I2C_Master_Transmit)
    i.HAL_I2C_MspInit                        0x08000f0c   Section        0  i2c.o(i.HAL_I2C_MspInit)
    i.HAL_IncTick                            0x08000f6c   Section        0  stm32g0xx_hal.o(i.HAL_IncTick)
    i.HAL_Init                               0x08000f7c   Section        0  stm32g0xx_hal.o(i.HAL_Init)
    i.HAL_InitTick                           0x08000fa4   Section        0  stm32g0xx_hal.o(i.HAL_InitTick)
    i.HAL_MspInit                            0x08000fec   Section        0  stm32g0xx_hal_msp.o(i.HAL_MspInit)
    i.HAL_NVIC_EnableIRQ                     0x08001020   Section        0  stm32g0xx_hal_cortex.o(i.HAL_NVIC_EnableIRQ)
    i.HAL_NVIC_SetPriority                   0x08001038   Section        0  stm32g0xx_hal_cortex.o(i.HAL_NVIC_SetPriority)
    i.HAL_PWREx_ControlVoltageScaling        0x08001040   Section        0  stm32g0xx_hal_pwr_ex.o(i.HAL_PWREx_ControlVoltageScaling)
    i.HAL_RCCEx_PeriphCLKConfig              0x0800108c   Section        0  stm32g0xx_hal_rcc_ex.o(i.HAL_RCCEx_PeriphCLKConfig)
    i.HAL_RCC_ClockConfig                    0x0800126c   Section        0  stm32g0xx_hal_rcc.o(i.HAL_RCC_ClockConfig)
    i.HAL_RCC_GetPCLK1Freq                   0x080013c4   Section        0  stm32g0xx_hal_rcc.o(i.HAL_RCC_GetPCLK1Freq)
    i.HAL_RCC_GetSysClockFreq                0x080013ec   Section        0  stm32g0xx_hal_rcc.o(i.HAL_RCC_GetSysClockFreq)
    i.HAL_RCC_OscConfig                      0x08001478   Section        0  stm32g0xx_hal_rcc.o(i.HAL_RCC_OscConfig)
    i.HAL_SYSCFG_StrobeDBattpinsConfig       0x08001868   Section        0  stm32g0xx_hal.o(i.HAL_SYSCFG_StrobeDBattpinsConfig)
    i.HAL_SYSTICK_Config                     0x0800187c   Section        0  stm32g0xx_hal_cortex.o(i.HAL_SYSTICK_Config)
    i.HAL_UARTEx_DisableFifoMode             0x080018ac   Section        0  stm32g0xx_hal_uart_ex.o(i.HAL_UARTEx_DisableFifoMode)
    i.HAL_UARTEx_SetRxFifoThreshold          0x080018e8   Section        0  stm32g0xx_hal_uart_ex.o(i.HAL_UARTEx_SetRxFifoThreshold)
    i.HAL_UARTEx_SetTxFifoThreshold          0x08001930   Section        0  stm32g0xx_hal_uart_ex.o(i.HAL_UARTEx_SetTxFifoThreshold)
    i.HAL_UART_Init                          0x08001976   Section        0  stm32g0xx_hal_uart.o(i.HAL_UART_Init)
    i.HAL_UART_MspInit                       0x080019e4   Section        0  usart.o(i.HAL_UART_MspInit)
    i.HAL_UART_Transmit                      0x08001a44   Section        0  stm32g0xx_hal_uart.o(i.HAL_UART_Transmit)
    i.HardFault_Handler                      0x08001b1c   Section        0  stm32g0xx_it.o(i.HardFault_Handler)
    i.I2C_Flush_TXDR                         0x08001b1e   Section        0  stm32g0xx_hal_i2c.o(i.I2C_Flush_TXDR)
    I2C_Flush_TXDR                           0x08001b1f   Thumb Code    34  stm32g0xx_hal_i2c.o(i.I2C_Flush_TXDR)
    i.I2C_IsAcknowledgeFailed                0x08001b40   Section        0  stm32g0xx_hal_i2c.o(i.I2C_IsAcknowledgeFailed)
    I2C_IsAcknowledgeFailed                  0x08001b41   Thumb Code   108  stm32g0xx_hal_i2c.o(i.I2C_IsAcknowledgeFailed)
    i.I2C_TransferConfig                     0x08001bb0   Section        0  stm32g0xx_hal_i2c.o(i.I2C_TransferConfig)
    I2C_TransferConfig                       0x08001bb1   Thumb Code    34  stm32g0xx_hal_i2c.o(i.I2C_TransferConfig)
    i.I2C_WaitOnFlagUntilTimeout             0x08001bd8   Section        0  stm32g0xx_hal_i2c.o(i.I2C_WaitOnFlagUntilTimeout)
    I2C_WaitOnFlagUntilTimeout               0x08001bd9   Thumb Code    78  stm32g0xx_hal_i2c.o(i.I2C_WaitOnFlagUntilTimeout)
    i.I2C_WaitOnRXNEFlagUntilTimeout         0x08001c28   Section        0  stm32g0xx_hal_i2c.o(i.I2C_WaitOnRXNEFlagUntilTimeout)
    I2C_WaitOnRXNEFlagUntilTimeout           0x08001c29   Thumb Code   122  stm32g0xx_hal_i2c.o(i.I2C_WaitOnRXNEFlagUntilTimeout)
    i.I2C_WaitOnSTOPFlagUntilTimeout         0x08001ca8   Section        0  stm32g0xx_hal_i2c.o(i.I2C_WaitOnSTOPFlagUntilTimeout)
    I2C_WaitOnSTOPFlagUntilTimeout           0x08001ca9   Thumb Code    76  stm32g0xx_hal_i2c.o(i.I2C_WaitOnSTOPFlagUntilTimeout)
    i.I2C_WaitOnTXISFlagUntilTimeout         0x08001cf4   Section        0  stm32g0xx_hal_i2c.o(i.I2C_WaitOnTXISFlagUntilTimeout)
    I2C_WaitOnTXISFlagUntilTimeout           0x08001cf5   Thumb Code    80  stm32g0xx_hal_i2c.o(i.I2C_WaitOnTXISFlagUntilTimeout)
    i.MX_GPIO_Init                           0x08001d44   Section        0  gpio.o(i.MX_GPIO_Init)
    i.MX_I2C1_Init                           0x08001dbc   Section        0  i2c.o(i.MX_I2C1_Init)
    i.MX_USART2_UART_Init                    0x08001e14   Section        0  usart.o(i.MX_USART2_UART_Init)
    i.NMI_Handler                            0x08001e7c   Section        0  stm32g0xx_it.o(i.NMI_Handler)
    i.OPT3001_IIC_Read                       0x08001e7e   Section        0  opt3001.o(i.OPT3001_IIC_Read)
    i.OPT3001_IIC_Write                      0x08001ecc   Section        0  opt3001.o(i.OPT3001_IIC_Write)
    i.OPT3001_INT                            0x08001efc   Section        0  opt3001.o(i.OPT3001_INT)
    i.OPT3001_Init                           0x08001f40   Section        0  opt3001.o(i.OPT3001_Init)
    i.OPT3001_Read_Brightness                0x0800204c   Section        0  opt3001.o(i.OPT3001_Read_Brightness)
    i.OPT3001_Read_Configuration             0x080020b8   Section        0  opt3001.o(i.OPT3001_Read_Configuration)
    i.OPT3001_Read_Device_ID                 0x08002108   Section        0  opt3001.o(i.OPT3001_Read_Device_ID)
    i.OPT3001_Read_Manufacturer_ID           0x08002134   Section        0  opt3001.o(i.OPT3001_Read_Manufacturer_ID)
    i.OPT3001_Reset                          0x08002160   Section        0  opt3001.o(i.OPT3001_Reset)
    i.OPT3001_Write_Configuration            0x08002182   Section        0  opt3001.o(i.OPT3001_Write_Configuration)
    i.OPT3001_Write_High_Limit               0x08002284   Section        0  opt3001.o(i.OPT3001_Write_High_Limit)
    i.OPT3001_Write_Low_Limit                0x080022a2   Section        0  opt3001.o(i.OPT3001_Write_Low_Limit)
    i.PendSV_Handler                         0x080022c0   Section        0  stm32g0xx_it.o(i.PendSV_Handler)
    i.SVC_Handler                            0x080022c2   Section        0  stm32g0xx_it.o(i.SVC_Handler)
    i.SysTick_Handler                        0x080022c4   Section        0  stm32g0xx_it.o(i.SysTick_Handler)
    i.SystemClock_Config                     0x080022cc   Section        0  main.o(i.SystemClock_Config)
    i.SystemInit                             0x08002358   Section        0  system_stm32g0xx.o(i.SystemInit)
    i.UARTEx_SetNbDataToProcess              0x08002368   Section        0  stm32g0xx_hal_uart_ex.o(i.UARTEx_SetNbDataToProcess)
    UARTEx_SetNbDataToProcess                0x08002369   Thumb Code    80  stm32g0xx_hal_uart_ex.o(i.UARTEx_SetNbDataToProcess)
    i.UART_AdvFeatureConfig                  0x080023c8   Section        0  stm32g0xx_hal_uart.o(i.UART_AdvFeatureConfig)
    i.UART_CheckIdleState                    0x08002494   Section        0  stm32g0xx_hal_uart.o(i.UART_CheckIdleState)
    i.UART_SetConfig                         0x080024f8   Section        0  stm32g0xx_hal_uart.o(i.UART_SetConfig)
    i.UART_WaitOnFlagUntilTimeout            0x08002734   Section        0  stm32g0xx_hal_uart.o(i.UART_WaitOnFlagUntilTimeout)
    i.__0printf                              0x080027d0   Section        0  printfa.o(i.__0printf)
    i.__ARM_clz                              0x080027f0   Section        0  depilogue.o(i.__ARM_clz)
    i.__ARM_fpclassify                       0x08002820   Section        0  fpclassify.o(i.__ARM_fpclassify)
    i.__NVIC_SetPriority                     0x0800284c   Section        0  stm32g0xx_hal_cortex.o(i.__NVIC_SetPriority)
    __NVIC_SetPriority                       0x0800284d   Thumb Code    60  stm32g0xx_hal_cortex.o(i.__NVIC_SetPriority)
    i.__kernel_poly                          0x08002890   Section        0  poly.o(i.__kernel_poly)
    i.__mathlib_dbl_divzero                  0x0800293c   Section        0  dunder.o(i.__mathlib_dbl_divzero)
    i.__mathlib_dbl_infnan2                  0x08002950   Section        0  dunder.o(i.__mathlib_dbl_infnan2)
    i.__mathlib_dbl_invalid                  0x08002958   Section        0  dunder.o(i.__mathlib_dbl_invalid)
    i.__mathlib_dbl_overflow                 0x08002968   Section        0  dunder.o(i.__mathlib_dbl_overflow)
    i.__mathlib_dbl_underflow                0x0800297c   Section        0  dunder.o(i.__mathlib_dbl_underflow)
    i.__scatterload_copy                     0x08002990   Section       14  handlers.o(i.__scatterload_copy)
    i.__scatterload_null                     0x0800299e   Section        2  handlers.o(i.__scatterload_null)
    i.__scatterload_zeroinit                 0x080029a0   Section       14  handlers.o(i.__scatterload_zeroinit)
    i.__set_errno                            0x080029b0   Section        0  errno.o(i.__set_errno)
    i._fp_digits                             0x080029bc   Section        0  printfa.o(i._fp_digits)
    _fp_digits                               0x080029bd   Thumb Code   344  printfa.o(i._fp_digits)
    i._printf_core                           0x08002b30   Section        0  printfa.o(i._printf_core)
    _printf_core                             0x08002b31   Thumb Code  1754  printfa.o(i._printf_core)
    i._printf_post_padding                   0x0800321c   Section        0  printfa.o(i._printf_post_padding)
    _printf_post_padding                     0x0800321d   Thumb Code    32  printfa.o(i._printf_post_padding)
    i._printf_pre_padding                    0x0800323c   Section        0  printfa.o(i._printf_pre_padding)
    _printf_pre_padding                      0x0800323d   Thumb Code    44  printfa.o(i._printf_pre_padding)
    i.fputc                                  0x08003268   Section        0  usart.o(i.fputc)
    i.main                                   0x08003280   Section        0  main.o(i.main)
    i.pow                                    0x080032d4   Section        0  pow.o(i.pow)
    i.sqrt                                   0x08003cd0   Section        0  sqrt.o(i.sqrt)
    .constdata                               0x08003d18   Section       24  stm32g0xx_hal_uart.o(.constdata)
    .constdata                               0x08003d30   Section       64  system_stm32g0xx.o(.constdata)
    .constdata                               0x08003d70   Section       32  system_stm32g0xx.o(.constdata)
    .constdata                               0x08003d90   Section      136  pow.o(.constdata)
    bp                                       0x08003d90   Data          16  pow.o(.constdata)
    dp_h                                     0x08003da0   Data          16  pow.o(.constdata)
    dp_l                                     0x08003db0   Data          16  pow.o(.constdata)
    L                                        0x08003dc0   Data          48  pow.o(.constdata)
    P                                        0x08003df0   Data          40  pow.o(.constdata)
    .constdata                               0x08003e18   Section        8  qnan.o(.constdata)
    .data                                    0x20000000   Section       12  stm32g0xx_hal.o(.data)
    .data                                    0x2000000c   Section        4  system_stm32g0xx.o(.data)
    .data                                    0x20000010   Section        4  stdout.o(.data)
    .data                                    0x20000014   Section        4  errno.o(.data)
    _errno                                   0x20000014   Data           4  errno.o(.data)
    .bss                                     0x20000018   Section      152  opt3001.o(.bss)
    .bss                                     0x200000b0   Section       76  i2c.o(.bss)
    .bss                                     0x200000fc   Section      144  usart.o(.bss)
    STACK                                    0x20000190   Section     1024  startup_stm32g071xx.o(STACK)

    Global Symbols

    Symbol Name                              Value     Ov Type        Size  Object(Section)

    BuildAttributes$$THM_ISAv3M$S$PE$A:L22$X:L11$S22$IEEE1$IW$USESV6$~STKCKD$USESV7$~SHL$OTIME$ROPI$IEEEX$EBA8$MICROLIB$REQ8$PRES8$EABIv2 0x00000000   Number         0  anon$$obj.o ABSOLUTE
    __ARM_use_no_argv                        0x00000000   Number         0  main.o ABSOLUTE
    _printf_a                                0x00000000   Number         0  stubs.o ABSOLUTE
    _printf_c                                0x00000000   Number         0  stubs.o ABSOLUTE
    _printf_charcount                        0x00000000   Number         0  stubs.o ABSOLUTE
    _printf_d                                0x00000000   Number         0  stubs.o ABSOLUTE
    _printf_e                                0x00000000   Number         0  stubs.o ABSOLUTE
    _printf_f                                0x00000000   Number         0  stubs.o ABSOLUTE
    _printf_flags                            0x00000000   Number         0  stubs.o ABSOLUTE
    _printf_fp_dec                           0x00000000   Number         0  stubs.o ABSOLUTE
    _printf_fp_hex                           0x00000000   Number         0  stubs.o ABSOLUTE
    _printf_g                                0x00000000   Number         0  stubs.o ABSOLUTE
    _printf_i                                0x00000000   Number         0  stubs.o ABSOLUTE
    _printf_int_dec                          0x00000000   Number         0  stubs.o ABSOLUTE
    _printf_l                                0x00000000   Number         0  stubs.o ABSOLUTE
    _printf_lc                               0x00000000   Number         0  stubs.o ABSOLUTE
    _printf_ll                               0x00000000   Number         0  stubs.o ABSOLUTE
    _printf_lld                              0x00000000   Number         0  stubs.o ABSOLUTE
    _printf_lli                              0x00000000   Number         0  stubs.o ABSOLUTE
    _printf_llo                              0x00000000   Number         0  stubs.o ABSOLUTE
    _printf_llu                              0x00000000   Number         0  stubs.o ABSOLUTE
    _printf_llx                              0x00000000   Number         0  stubs.o ABSOLUTE
    _printf_longlong_dec                     0x00000000   Number         0  stubs.o ABSOLUTE
    _printf_longlong_hex                     0x00000000   Number         0  stubs.o ABSOLUTE
    _printf_longlong_oct                     0x00000000   Number         0  stubs.o ABSOLUTE
    _printf_ls                               0x00000000   Number         0  stubs.o ABSOLUTE
    _printf_mbtowc                           0x00000000   Number         0  stubs.o ABSOLUTE
    _printf_n                                0x00000000   Number         0  stubs.o ABSOLUTE
    _printf_o                                0x00000000   Number         0  stubs.o ABSOLUTE
    _printf_p                                0x00000000   Number         0  stubs.o ABSOLUTE
    _printf_percent                          0x00000000   Number         0  stubs.o ABSOLUTE
    _printf_pre_padding                      0x00000000   Number         0  stubs.o ABSOLUTE
    _printf_return_value                     0x00000000   Number         0  stubs.o ABSOLUTE
    _printf_s                                0x00000000   Number         0  stubs.o ABSOLUTE
    _printf_sizespec                         0x00000000   Number         0  stubs.o ABSOLUTE
    _printf_str                              0x00000000   Number         0  stubs.o ABSOLUTE
    _printf_truncate_signed                  0x00000000   Number         0  stubs.o ABSOLUTE
    _printf_truncate_unsigned                0x00000000   Number         0  stubs.o ABSOLUTE
    _printf_u                                0x00000000   Number         0  stubs.o ABSOLUTE
    _printf_wc                               0x00000000   Number         0  stubs.o ABSOLUTE
    _printf_wctomb                           0x00000000   Number         0  stubs.o ABSOLUTE
    _printf_widthprec                        0x00000000   Number         0  stubs.o ABSOLUTE
    _printf_x                                0x00000000   Number         0  stubs.o ABSOLUTE
    __cpp_initialize__aeabi_                  - Undefined Weak Reference
    __cxa_finalize                            - Undefined Weak Reference
    __decompress                              - Undefined Weak Reference
    _clock_init                               - Undefined Weak Reference
    _microlib_exit                            - Undefined Weak Reference
    __Vectors_Size                           0x000000bc   Number         0  startup_stm32g071xx.o ABSOLUTE
    __Vectors                                0x08000000   Data           4  startup_stm32g071xx.o(RESET)
    __Vectors_End                            0x080000bc   Data           0  startup_stm32g071xx.o(RESET)
    __main                                   0x080000bd   Thumb Code     0  entry.o(.ARM.Collect$$$$00000000)
    _main_stk                                0x080000bd   Thumb Code     0  entry2.o(.ARM.Collect$$$$00000001)
    _main_scatterload                        0x080000c1   Thumb Code     0  entry5.o(.ARM.Collect$$$$00000004)
    __main_after_scatterload                 0x080000c5   Thumb Code     0  entry5.o(.ARM.Collect$$$$00000004)
    _main_clock                              0x080000c5   Thumb Code     0  entry7b.o(.ARM.Collect$$$$00000008)
    _main_cpp_init                           0x080000c5   Thumb Code     0  entry8b.o(.ARM.Collect$$$$0000000A)
    _main_init                               0x080000c5   Thumb Code     0  entry9a.o(.ARM.Collect$$$$0000000B)
    __rt_final_cpp                           0x080000cd   Thumb Code     0  entry10a.o(.ARM.Collect$$$$0000000D)
    __rt_final_exit                          0x080000cd   Thumb Code     0  entry11a.o(.ARM.Collect$$$$0000000F)
    Reset_Handler                            0x080000d1   Thumb Code     8  startup_stm32g071xx.o(.text)
    ADC1_COMP_IRQHandler                     0x080000e3   Thumb Code     0  startup_stm32g071xx.o(.text)
    CEC_IRQHandler                           0x080000e3   Thumb Code     0  startup_stm32g071xx.o(.text)
    DMA1_Ch4_7_DMAMUX1_OVR_IRQHandler        0x080000e3   Thumb Code     0  startup_stm32g071xx.o(.text)
    DMA1_Channel1_IRQHandler                 0x080000e3   Thumb Code     0  startup_stm32g071xx.o(.text)
    DMA1_Channel2_3_IRQHandler               0x080000e3   Thumb Code     0  startup_stm32g071xx.o(.text)
    EXTI2_3_IRQHandler                       0x080000e3   Thumb Code     0  startup_stm32g071xx.o(.text)
    EXTI4_15_IRQHandler                      0x080000e3   Thumb Code     0  startup_stm32g071xx.o(.text)
    FLASH_IRQHandler                         0x080000e3   Thumb Code     0  startup_stm32g071xx.o(.text)
    I2C1_IRQHandler                          0x080000e3   Thumb Code     0  startup_stm32g071xx.o(.text)
    I2C2_IRQHandler                          0x080000e3   Thumb Code     0  startup_stm32g071xx.o(.text)
    PVD_IRQHandler                           0x080000e3   Thumb Code     0  startup_stm32g071xx.o(.text)
    RCC_IRQHandler                           0x080000e3   Thumb Code     0  startup_stm32g071xx.o(.text)
    RTC_TAMP_IRQHandler                      0x080000e3   Thumb Code     0  startup_stm32g071xx.o(.text)
    SPI1_IRQHandler                          0x080000e3   Thumb Code     0  startup_stm32g071xx.o(.text)
    SPI2_IRQHandler                          0x080000e3   Thumb Code     0  startup_stm32g071xx.o(.text)
    TIM14_IRQHandler                         0x080000e3   Thumb Code     0  startup_stm32g071xx.o(.text)
    TIM15_IRQHandler                         0x080000e3   Thumb Code     0  startup_stm32g071xx.o(.text)
    TIM16_IRQHandler                         0x080000e3   Thumb Code     0  startup_stm32g071xx.o(.text)
    TIM17_IRQHandler                         0x080000e3   Thumb Code     0  startup_stm32g071xx.o(.text)
    TIM1_BRK_UP_TRG_COM_IRQHandler           0x080000e3   Thumb Code     0  startup_stm32g071xx.o(.text)
    TIM1_CC_IRQHandler                       0x080000e3   Thumb Code     0  startup_stm32g071xx.o(.text)
    TIM2_IRQHandler                          0x080000e3   Thumb Code     0  startup_stm32g071xx.o(.text)
    TIM3_IRQHandler                          0x080000e3   Thumb Code     0  startup_stm32g071xx.o(.text)
    TIM6_DAC_LPTIM1_IRQHandler               0x080000e3   Thumb Code     0  startup_stm32g071xx.o(.text)
    TIM7_LPTIM2_IRQHandler                   0x080000e3   Thumb Code     0  startup_stm32g071xx.o(.text)
    UCPD1_2_IRQHandler                       0x080000e3   Thumb Code     0  startup_stm32g071xx.o(.text)
    USART1_IRQHandler                        0x080000e3   Thumb Code     0  startup_stm32g071xx.o(.text)
    USART2_IRQHandler                        0x080000e3   Thumb Code     0  startup_stm32g071xx.o(.text)
    USART3_4_LPUART1_IRQHandler              0x080000e3   Thumb Code     0  startup_stm32g071xx.o(.text)
    WWDG_IRQHandler                          0x080000e3   Thumb Code     0  startup_stm32g071xx.o(.text)
    __aeabi_uidiv                            0x080000ed   Thumb Code     0  uidiv.o(.text)
    __aeabi_uidivmod                         0x080000ed   Thumb Code    44  uidiv.o(.text)
    __aeabi_uldivmod                         0x08000119   Thumb Code    96  uldiv.o(.text)
    __aeabi_memcpy                           0x08000179   Thumb Code    36  memcpya.o(.text)
    __aeabi_memcpy4                          0x08000179   Thumb Code     0  memcpya.o(.text)
    __aeabi_memcpy8                          0x08000179   Thumb Code     0  memcpya.o(.text)
    __aeabi_memset                           0x0800019d   Thumb Code    14  memseta.o(.text)
    __aeabi_memset4                          0x0800019d   Thumb Code     0  memseta.o(.text)
    __aeabi_memset8                          0x0800019d   Thumb Code     0  memseta.o(.text)
    __aeabi_memclr                           0x080001ab   Thumb Code     4  memseta.o(.text)
    __aeabi_memclr4                          0x080001ab   Thumb Code     0  memseta.o(.text)
    __aeabi_memclr8                          0x080001ab   Thumb Code     0  memseta.o(.text)
    _memset$wrapper                          0x080001af   Thumb Code    18  memseta.o(.text)
    __aeabi_dadd                             0x080001c1   Thumb Code   328  dadd.o(.text)
    __aeabi_dsub                             0x08000309   Thumb Code    12  dadd.o(.text)
    __aeabi_drsub                            0x08000315   Thumb Code    12  dadd.o(.text)
    __aeabi_dmul                             0x08000325   Thumb Code   202  dmul.o(.text)
    __aeabi_i2d                              0x080003f5   Thumb Code    34  dflti.o(.text)
    __aeabi_d2iz                             0x0800041d   Thumb Code    62  dfixi.o(.text)
    __aeabi_f2d                              0x08000465   Thumb Code    40  f2d.o(.text)
    __aeabi_d2f                              0x0800048d   Thumb Code    56  d2f.o(.text)
    __aeabi_llsl                             0x080004c5   Thumb Code    32  llshl.o(.text)
    _ll_shift_l                              0x080004c5   Thumb Code     0  llshl.o(.text)
    __aeabi_llsr                             0x080004e5   Thumb Code    34  llushr.o(.text)
    _ll_ushift_r                             0x080004e5   Thumb Code     0  llushr.o(.text)
    __aeabi_lasr                             0x08000507   Thumb Code    38  llsshr.o(.text)
    _ll_sshift_r                             0x08000507   Thumb Code     0  llsshr.o(.text)
    __I$use$fp                               0x0800052d   Thumb Code     0  iusefp.o(.text)
    _float_round                             0x0800052d   Thumb Code    16  fepilogue.o(.text)
    _float_epilogue                          0x0800053d   Thumb Code   114  fepilogue.o(.text)
    _double_round                            0x080005af   Thumb Code    26  depilogue.o(.text)
    _double_epilogue                         0x080005c9   Thumb Code   164  depilogue.o(.text)
    __aeabi_ddiv                             0x0800066d   Thumb Code   234  ddiv.o(.text)
    __ARM_scalbn                             0x0800075d   Thumb Code    44  dscalb.o(.text)
    scalbn                                   0x0800075d   Thumb Code     0  dscalb.o(.text)
    __aeabi_d2ulz                            0x08000789   Thumb Code    54  dfixul.o(.text)
    __aeabi_cdrcmple                         0x080007c9   Thumb Code    38  cdrcmple.o(.text)
    __scatterload                            0x080007f1   Thumb Code    28  init.o(.text)
    __scatterload_rt2                        0x080007f1   Thumb Code     0  init.o(.text)
    _dsqrt                                   0x08000815   Thumb Code   162  dsqrt.o(.text)
    Binary_To_Decimal                        0x080008b9   Thumb Code   150  opt3001.o(i.Binary_To_Decimal)
    Bit_Modification                         0x08000961   Thumb Code    34  opt3001.o(i.Bit_Modification)
    EXTI0_1_IRQHandler                       0x08000989   Thumb Code    30  stm32g0xx_it.o(i.EXTI0_1_IRQHandler)
    Error_Handler                            0x080009ad   Thumb Code     4  main.o(i.Error_Handler)
    Extract_text                             0x080009b1   Thumb Code    28  opt3001.o(i.Extract_text)
    HAL_Delay                                0x080009dd   Thumb Code    32  stm32g0xx_hal.o(i.HAL_Delay)
    HAL_GPIO_EXTI_Falling_Callback           0x08000a01   Thumb Code     2  stm32g0xx_hal_gpio.o(i.HAL_GPIO_EXTI_Falling_Callback)
    HAL_GPIO_EXTI_IRQHandler                 0x08000a05   Thumb Code    36  stm32g0xx_hal_gpio.o(i.HAL_GPIO_EXTI_IRQHandler)
    HAL_GPIO_EXTI_Rising_Callback            0x08000a2d   Thumb Code     2  stm32g0xx_hal_gpio.o(i.HAL_GPIO_EXTI_Rising_Callback)
    HAL_GPIO_Init                            0x08000a31   Thumb Code   330  stm32g0xx_hal_gpio.o(i.HAL_GPIO_Init)
    HAL_GPIO_ReadPin                         0x08000b8d   Thumb Code    10  stm32g0xx_hal_gpio.o(i.HAL_GPIO_ReadPin)
    HAL_GetTick                              0x08000b99   Thumb Code     6  stm32g0xx_hal.o(i.HAL_GetTick)
    HAL_I2CEx_ConfigAnalogFilter             0x08000ba5   Thumb Code    74  stm32g0xx_hal_i2c_ex.o(i.HAL_I2CEx_ConfigAnalogFilter)
    HAL_I2CEx_ConfigDigitalFilter            0x08000bef   Thumb Code    72  stm32g0xx_hal_i2c_ex.o(i.HAL_I2CEx_ConfigDigitalFilter)
    HAL_I2C_Init                             0x08000c39   Thumb Code   176  stm32g0xx_hal_i2c.o(i.HAL_I2C_Init)
    HAL_I2C_Master_Receive                   0x08000ced   Thumb Code   262  stm32g0xx_hal_i2c.o(i.HAL_I2C_Master_Receive)
    HAL_I2C_Master_Transmit                  0x08000dfd   Thumb Code   262  stm32g0xx_hal_i2c.o(i.HAL_I2C_Master_Transmit)
    HAL_I2C_MspInit                          0x08000f0d   Thumb Code    88  i2c.o(i.HAL_I2C_MspInit)
    HAL_IncTick                              0x08000f6d   Thumb Code    12  stm32g0xx_hal.o(i.HAL_IncTick)
    HAL_Init                                 0x08000f7d   Thumb Code    36  stm32g0xx_hal.o(i.HAL_Init)
    HAL_InitTick                             0x08000fa5   Thumb Code    64  stm32g0xx_hal.o(i.HAL_InitTick)
    HAL_MspInit                              0x08000fed   Thumb Code    46  stm32g0xx_hal_msp.o(i.HAL_MspInit)
    HAL_NVIC_EnableIRQ                       0x08001021   Thumb Code    18  stm32g0xx_hal_cortex.o(i.HAL_NVIC_EnableIRQ)
    HAL_NVIC_SetPriority                     0x08001039   Thumb Code     8  stm32g0xx_hal_cortex.o(i.HAL_NVIC_SetPriority)
    HAL_PWREx_ControlVoltageScaling          0x08001041   Thumb Code    62  stm32g0xx_hal_pwr_ex.o(i.HAL_PWREx_ControlVoltageScaling)
    HAL_RCCEx_PeriphCLKConfig                0x0800108d   Thumb Code   460  stm32g0xx_hal_rcc_ex.o(i.HAL_RCCEx_PeriphCLKConfig)
    HAL_RCC_ClockConfig                      0x0800126d   Thumb Code   318  stm32g0xx_hal_rcc.o(i.HAL_RCC_ClockConfig)
    HAL_RCC_GetPCLK1Freq                     0x080013c5   Thumb Code    26  stm32g0xx_hal_rcc.o(i.HAL_RCC_GetPCLK1Freq)
    HAL_RCC_GetSysClockFreq                  0x080013ed   Thumb Code   130  stm32g0xx_hal_rcc.o(i.HAL_RCC_GetSysClockFreq)
    HAL_RCC_OscConfig                        0x08001479   Thumb Code   970  stm32g0xx_hal_rcc.o(i.HAL_RCC_OscConfig)
    HAL_SYSCFG_StrobeDBattpinsConfig         0x08001869   Thumb Code    16  stm32g0xx_hal.o(i.HAL_SYSCFG_StrobeDBattpinsConfig)
    HAL_SYSTICK_Config                       0x0800187d   Thumb Code    38  stm32g0xx_hal_cortex.o(i.HAL_SYSTICK_Config)
    HAL_UARTEx_DisableFifoMode               0x080018ad   Thumb Code    60  stm32g0xx_hal_uart_ex.o(i.HAL_UARTEx_DisableFifoMode)
    HAL_UARTEx_SetRxFifoThreshold            0x080018e9   Thumb Code    72  stm32g0xx_hal_uart_ex.o(i.HAL_UARTEx_SetRxFifoThreshold)
    HAL_UARTEx_SetTxFifoThreshold            0x08001931   Thumb Code    70  stm32g0xx_hal_uart_ex.o(i.HAL_UARTEx_SetTxFifoThreshold)
    HAL_UART_Init                            0x08001977   Thumb Code   108  stm32g0xx_hal_uart.o(i.HAL_UART_Init)
    HAL_UART_MspInit                         0x080019e5   Thumb Code    84  usart.o(i.HAL_UART_MspInit)
    HAL_UART_Transmit                        0x08001a45   Thumb Code   216  stm32g0xx_hal_uart.o(i.HAL_UART_Transmit)
    HardFault_Handler                        0x08001b1d   Thumb Code     2  stm32g0xx_it.o(i.HardFault_Handler)
    MX_GPIO_Init                             0x08001d45   Thumb Code   110  gpio.o(i.MX_GPIO_Init)
    MX_I2C1_Init                             0x08001dbd   Thumb Code    76  i2c.o(i.MX_I2C1_Init)
    MX_USART2_UART_Init                      0x08001e15   Thumb Code    96  usart.o(i.MX_USART2_UART_Init)
    NMI_Handler                              0x08001e7d   Thumb Code     2  stm32g0xx_it.o(i.NMI_Handler)
    OPT3001_IIC_Read                         0x08001e7f   Thumb Code    78  opt3001.o(i.OPT3001_IIC_Read)
    OPT3001_IIC_Write                        0x08001ecd   Thumb Code    46  opt3001.o(i.OPT3001_IIC_Write)
    OPT3001_INT                              0x08001efd   Thumb Code    44  opt3001.o(i.OPT3001_INT)
    OPT3001_Init                             0x08001f41   Thumb Code   210  opt3001.o(i.OPT3001_Init)
    OPT3001_Read_Brightness                  0x0800204d   Thumb Code   100  opt3001.o(i.OPT3001_Read_Brightness)
    OPT3001_Read_Configuration               0x080020b9   Thumb Code    78  opt3001.o(i.OPT3001_Read_Configuration)
    OPT3001_Read_Device_ID                   0x08002109   Thumb Code    40  opt3001.o(i.OPT3001_Read_Device_ID)
    OPT3001_Read_Manufacturer_ID             0x08002135   Thumb Code    40  opt3001.o(i.OPT3001_Read_Manufacturer_ID)
    OPT3001_Reset                            0x08002161   Thumb Code    34  opt3001.o(i.OPT3001_Reset)
    OPT3001_Write_Configuration              0x08002183   Thumb Code   258  opt3001.o(i.OPT3001_Write_Configuration)
    OPT3001_Write_High_Limit                 0x08002285   Thumb Code    30  opt3001.o(i.OPT3001_Write_High_Limit)
    OPT3001_Write_Low_Limit                  0x080022a3   Thumb Code    30  opt3001.o(i.OPT3001_Write_Low_Limit)
    PendSV_Handler                           0x080022c1   Thumb Code     2  stm32g0xx_it.o(i.PendSV_Handler)
    SVC_Handler                              0x080022c3   Thumb Code     2  stm32g0xx_it.o(i.SVC_Handler)
    SysTick_Handler                          0x080022c5   Thumb Code     8  stm32g0xx_it.o(i.SysTick_Handler)
    SystemClock_Config                       0x080022cd   Thumb Code   140  main.o(i.SystemClock_Config)
    SystemInit                               0x08002359   Thumb Code    10  system_stm32g0xx.o(i.SystemInit)
    UART_AdvFeatureConfig                    0x080023c9   Thumb Code   202  stm32g0xx_hal_uart.o(i.UART_AdvFeatureConfig)
    UART_CheckIdleState                      0x08002495   Thumb Code    94  stm32g0xx_hal_uart.o(i.UART_CheckIdleState)
    UART_SetConfig                           0x080024f9   Thumb Code   522  stm32g0xx_hal_uart.o(i.UART_SetConfig)
    UART_WaitOnFlagUntilTimeout              0x08002735   Thumb Code   156  stm32g0xx_hal_uart.o(i.UART_WaitOnFlagUntilTimeout)
    __0printf                                0x080027d1   Thumb Code    24  printfa.o(i.__0printf)
    __1printf                                0x080027d1   Thumb Code     0  printfa.o(i.__0printf)
    __2printf                                0x080027d1   Thumb Code     0  printfa.o(i.__0printf)
    __c89printf                              0x080027d1   Thumb Code     0  printfa.o(i.__0printf)
    printf                                   0x080027d1   Thumb Code     0  printfa.o(i.__0printf)
    __ARM_clz                                0x080027f1   Thumb Code    46  depilogue.o(i.__ARM_clz)
    __ARM_fpclassify                         0x08002821   Thumb Code    40  fpclassify.o(i.__ARM_fpclassify)
    __kernel_poly                            0x08002891   Thumb Code   172  poly.o(i.__kernel_poly)
    __mathlib_dbl_divzero                    0x0800293d   Thumb Code    16  dunder.o(i.__mathlib_dbl_divzero)
    __mathlib_dbl_infnan2                    0x08002951   Thumb Code     8  dunder.o(i.__mathlib_dbl_infnan2)
    __mathlib_dbl_invalid                    0x08002959   Thumb Code    16  dunder.o(i.__mathlib_dbl_invalid)
    __mathlib_dbl_overflow                   0x08002969   Thumb Code    16  dunder.o(i.__mathlib_dbl_overflow)
    __mathlib_dbl_underflow                  0x0800297d   Thumb Code    14  dunder.o(i.__mathlib_dbl_underflow)
    __scatterload_copy                       0x08002991   Thumb Code    14  handlers.o(i.__scatterload_copy)
    __scatterload_null                       0x0800299f   Thumb Code     2  handlers.o(i.__scatterload_null)
    __scatterload_zeroinit                   0x080029a1   Thumb Code    14  handlers.o(i.__scatterload_zeroinit)
    __set_errno                              0x080029b1   Thumb Code     6  errno.o(i.__set_errno)
    fputc                                    0x08003269   Thumb Code    20  usart.o(i.fputc)
    main                                     0x08003281   Thumb Code    64  main.o(i.main)
    pow                                      0x080032d5   Thumb Code  2548  pow.o(i.pow)
    sqrt                                     0x08003cd1   Thumb Code    66  sqrt.o(i.sqrt)
    UARTPrescTable                           0x08003d18   Data          24  stm32g0xx_hal_uart.o(.constdata)
    AHBPrescTable                            0x08003d30   Data          64  system_stm32g0xx.o(.constdata)
    APBPrescTable                            0x08003d70   Data          32  system_stm32g0xx.o(.constdata)
    __mathlib_zero                           0x08003e18   Data           8  qnan.o(.constdata)
    Region$$Table$$Base                      0x08003e20   Number         0  anon$$obj.o(Region$$Table)
    Region$$Table$$Limit                     0x08003e40   Number         0  anon$$obj.o(Region$$Table)
    uwTickFreq                               0x20000000   Data           1  stm32g0xx_hal.o(.data)
    uwTickPrio                               0x20000004   Data           4  stm32g0xx_hal.o(.data)
    uwTick                                   0x20000008   Data           4  stm32g0xx_hal.o(.data)
    SystemCoreClock                          0x2000000c   Data           4  system_stm32g0xx.o(.data)
    __stdout                                 0x20000010   Data           4  stdout.o(.data)
    Eye_1                                    0x20000018   Data         152  opt3001.o(.bss)
    hi2c1                                    0x200000b0   Data          76  i2c.o(.bss)
    huart2                                   0x200000fc   Data         144  usart.o(.bss)
    __initial_sp                             0x20000590   Data           0  startup_stm32g071xx.o(STACK)



==============================================================================

Memory Map of the image

  Image Entry point : 0x080000bd

  Load Region LR_IROM1 (Base: 0x08000000, Size: 0x00003e58, Max: 0x00020000, ABSOLUTE)

    Execution Region ER_IROM1 (Exec base: 0x08000000, Load base: 0x08000000, Size: 0x00003e40, Max: 0x00020000, ABSOLUTE)

    Exec Addr    Load Addr    Size         Type   Attr      Idx    E Section Name        Object

    0x08000000   0x08000000   0x000000bc   Data   RO            3    RESET               startup_stm32g071xx.o
    0x080000bc   0x080000bc   0x00000000   Code   RO         2803  * .ARM.Collect$$$$00000000  mc_p.l(entry.o)
    0x080000bc   0x080000bc   0x00000004   Code   RO         3116    .ARM.Collect$$$$00000001  mc_p.l(entry2.o)
    0x080000c0   0x080000c0   0x00000004   Code   RO         3119    .ARM.Collect$$$$00000004  mc_p.l(entry5.o)
    0x080000c4   0x080000c4   0x00000000   Code   RO         3121    .ARM.Collect$$$$00000008  mc_p.l(entry7b.o)
    0x080000c4   0x080000c4   0x00000000   Code   RO         3123    .ARM.Collect$$$$0000000A  mc_p.l(entry8b.o)
    0x080000c4   0x080000c4   0x00000008   Code   RO         3124    .ARM.Collect$$$$0000000B  mc_p.l(entry9a.o)
    0x080000cc   0x080000cc   0x00000000   Code   RO         3126    .ARM.Collect$$$$0000000D  mc_p.l(entry10a.o)
    0x080000cc   0x080000cc   0x00000000   Code   RO         3128    .ARM.Collect$$$$0000000F  mc_p.l(entry11a.o)
    0x080000cc   0x080000cc   0x00000004   Code   RO         3117    .ARM.Collect$$$$00002712  mc_p.l(entry2.o)
    0x080000d0   0x080000d0   0x0000001c   Code   RO            4    .text               startup_stm32g071xx.o
    0x080000ec   0x080000ec   0x0000002c   Code   RO         2806    .text               mc_p.l(uidiv.o)
    0x08000118   0x08000118   0x00000060   Code   RO         2808    .text               mc_p.l(uldiv.o)
    0x08000178   0x08000178   0x00000024   Code   RO         2810    .text               mc_p.l(memcpya.o)
    0x0800019c   0x0800019c   0x00000024   Code   RO         2812    .text               mc_p.l(memseta.o)
    0x080001c0   0x080001c0   0x00000164   Code   RO         3077    .text               mf_p.l(dadd.o)
    0x08000324   0x08000324   0x000000d0   Code   RO         3079    .text               mf_p.l(dmul.o)
    0x080003f4   0x080003f4   0x00000028   Code   RO         3081    .text               mf_p.l(dflti.o)
    0x0800041c   0x0800041c   0x00000048   Code   RO         3083    .text               mf_p.l(dfixi.o)
    0x08000464   0x08000464   0x00000028   Code   RO         3085    .text               mf_p.l(f2d.o)
    0x0800048c   0x0800048c   0x00000038   Code   RO         3087    .text               mf_p.l(d2f.o)
    0x080004c4   0x080004c4   0x00000020   Code   RO         3131    .text               mc_p.l(llshl.o)
    0x080004e4   0x080004e4   0x00000022   Code   RO         3133    .text               mc_p.l(llushr.o)
    0x08000506   0x08000506   0x00000026   Code   RO         3135    .text               mc_p.l(llsshr.o)
    0x0800052c   0x0800052c   0x00000000   Code   RO         3144    .text               mc_p.l(iusefp.o)
    0x0800052c   0x0800052c   0x00000082   Code   RO         3145    .text               mf_p.l(fepilogue.o)
    0x080005ae   0x080005ae   0x000000be   Code   RO         3147    .text               mf_p.l(depilogue.o)
    0x0800066c   0x0800066c   0x000000f0   Code   RO         3151    .text               mf_p.l(ddiv.o)
    0x0800075c   0x0800075c   0x0000002c   Code   RO         3153    .text               mf_p.l(dscalb.o)
    0x08000788   0x08000788   0x00000040   Code   RO         3155    .text               mf_p.l(dfixul.o)
    0x080007c8   0x080007c8   0x00000028   Code   RO         3157    .text               mf_p.l(cdrcmple.o)
    0x080007f0   0x080007f0   0x00000024   Code   RO         3159    .text               mc_p.l(init.o)
    0x08000814   0x08000814   0x000000a2   Code   RO         3161    .text               mf_p.l(dsqrt.o)
    0x080008b6   0x080008b6   0x00000002   PAD
    0x080008b8   0x080008b8   0x000000a8   Code   RO           12    i.Binary_To_Decimal  opt3001.o
    0x08000960   0x08000960   0x00000028   Code   RO           13    i.Bit_Modification  opt3001.o
    0x08000988   0x08000988   0x00000024   Code   RO          392    i.EXTI0_1_IRQHandler  stm32g0xx_it.o
    0x080009ac   0x080009ac   0x00000004   Code   RO          239    i.Error_Handler     main.o
    0x080009b0   0x080009b0   0x0000002c   Code   RO           14    i.Extract_text      opt3001.o
    0x080009dc   0x080009dc   0x00000024   Code   RO         1929    i.HAL_Delay         stm32g0xx_hal.o
    0x08000a00   0x08000a00   0x00000002   Code   RO         1333    i.HAL_GPIO_EXTI_Falling_Callback  stm32g0xx_hal_gpio.o
    0x08000a02   0x08000a02   0x00000002   PAD
    0x08000a04   0x08000a04   0x00000028   Code   RO         1334    i.HAL_GPIO_EXTI_IRQHandler  stm32g0xx_hal_gpio.o
    0x08000a2c   0x08000a2c   0x00000002   Code   RO         1335    i.HAL_GPIO_EXTI_Rising_Callback  stm32g0xx_hal_gpio.o
    0x08000a2e   0x08000a2e   0x00000002   PAD
    0x08000a30   0x08000a30   0x0000015c   Code   RO         1336    i.HAL_GPIO_Init     stm32g0xx_hal_gpio.o
    0x08000b8c   0x08000b8c   0x0000000a   Code   RO         1338    i.HAL_GPIO_ReadPin  stm32g0xx_hal_gpio.o
    0x08000b96   0x08000b96   0x00000002   PAD
    0x08000b98   0x08000b98   0x0000000c   Code   RO         1933    i.HAL_GetTick       stm32g0xx_hal.o
    0x08000ba4   0x08000ba4   0x0000004a   Code   RO          923    i.HAL_I2CEx_ConfigAnalogFilter  stm32g0xx_hal_i2c_ex.o
    0x08000bee   0x08000bee   0x00000048   Code   RO          924    i.HAL_I2CEx_ConfigDigitalFilter  stm32g0xx_hal_i2c_ex.o
    0x08000c36   0x08000c36   0x00000002   PAD
    0x08000c38   0x08000c38   0x000000b4   Code   RO          476    i.HAL_I2C_Init      stm32g0xx_hal_i2c.o
    0x08000cec   0x08000cec   0x00000110   Code   RO          482    i.HAL_I2C_Master_Receive  stm32g0xx_hal_i2c.o
    0x08000dfc   0x08000dfc   0x00000110   Code   RO          489    i.HAL_I2C_Master_Transmit  stm32g0xx_hal_i2c.o
    0x08000f0c   0x08000f0c   0x00000060   Code   RO          299    i.HAL_I2C_MspInit   i2c.o
    0x08000f6c   0x08000f6c   0x00000010   Code   RO         1939    i.HAL_IncTick       stm32g0xx_hal.o
    0x08000f7c   0x08000f7c   0x00000028   Code   RO         1940    i.HAL_Init          stm32g0xx_hal.o
    0x08000fa4   0x08000fa4   0x00000048   Code   RO         1941    i.HAL_InitTick      stm32g0xx_hal.o
    0x08000fec   0x08000fec   0x00000034   Code   RO          445    i.HAL_MspInit       stm32g0xx_hal_msp.o
    0x08001020   0x08001020   0x00000018   Code   RO         1817    i.HAL_NVIC_EnableIRQ  stm32g0xx_hal_cortex.o
    0x08001038   0x08001038   0x00000008   Code   RO         1821    i.HAL_NVIC_SetPriority  stm32g0xx_hal_cortex.o
    0x08001040   0x08001040   0x0000004c   Code   RO         1637    i.HAL_PWREx_ControlVoltageScaling  stm32g0xx_hal_pwr_ex.o
    0x0800108c   0x0800108c   0x000001e0   Code   RO         1084    i.HAL_RCCEx_PeriphCLKConfig  stm32g0xx_hal_rcc_ex.o
    0x0800126c   0x0800126c   0x00000158   Code   RO          974    i.HAL_RCC_ClockConfig  stm32g0xx_hal_rcc.o
    0x080013c4   0x080013c4   0x00000028   Code   RO          982    i.HAL_RCC_GetPCLK1Freq  stm32g0xx_hal_rcc.o
    0x080013ec   0x080013ec   0x0000008c   Code   RO          983    i.HAL_RCC_GetSysClockFreq  stm32g0xx_hal_rcc.o
    0x08001478   0x08001478   0x000003f0   Code   RO          987    i.HAL_RCC_OscConfig  stm32g0xx_hal_rcc.o
    0x08001868   0x08001868   0x00000014   Code   RO         1951    i.HAL_SYSCFG_StrobeDBattpinsConfig  stm32g0xx_hal.o
    0x0800187c   0x0800187c   0x00000030   Code   RO         1825    i.HAL_SYSTICK_Config  stm32g0xx_hal_cortex.o
    0x080018ac   0x080018ac   0x0000003c   Code   RO         2654    i.HAL_UARTEx_DisableFifoMode  stm32g0xx_hal_uart_ex.o
    0x080018e8   0x080018e8   0x00000048   Code   RO         2662    i.HAL_UARTEx_SetRxFifoThreshold  stm32g0xx_hal_uart_ex.o
    0x08001930   0x08001930   0x00000046   Code   RO         2663    i.HAL_UARTEx_SetTxFifoThreshold  stm32g0xx_hal_uart_ex.o
    0x08001976   0x08001976   0x0000006c   Code   RO         2267    i.HAL_UART_Init     stm32g0xx_hal_uart.o
    0x080019e2   0x080019e2   0x00000002   PAD
    0x080019e4   0x080019e4   0x00000060   Code   RO          337    i.HAL_UART_MspInit  usart.o
    0x08001a44   0x08001a44   0x000000d8   Code   RO         2276    i.HAL_UART_Transmit  stm32g0xx_hal_uart.o
    0x08001b1c   0x08001b1c   0x00000002   Code   RO          393    i.HardFault_Handler  stm32g0xx_it.o
    0x08001b1e   0x08001b1e   0x00000022   Code   RO          523    i.I2C_Flush_TXDR    stm32g0xx_hal_i2c.o
    0x08001b40   0x08001b40   0x00000070   Code   RO          531    i.I2C_IsAcknowledgeFailed  stm32g0xx_hal_i2c.o
    0x08001bb0   0x08001bb0   0x00000028   Code   RO          538    i.I2C_TransferConfig  stm32g0xx_hal_i2c.o
    0x08001bd8   0x08001bd8   0x0000004e   Code   RO          540    i.I2C_WaitOnFlagUntilTimeout  stm32g0xx_hal_i2c.o
    0x08001c26   0x08001c26   0x00000002   PAD
    0x08001c28   0x08001c28   0x00000080   Code   RO          541    i.I2C_WaitOnRXNEFlagUntilTimeout  stm32g0xx_hal_i2c.o
    0x08001ca8   0x08001ca8   0x0000004c   Code   RO          542    i.I2C_WaitOnSTOPFlagUntilTimeout  stm32g0xx_hal_i2c.o
    0x08001cf4   0x08001cf4   0x00000050   Code   RO          543    i.I2C_WaitOnTXISFlagUntilTimeout  stm32g0xx_hal_i2c.o
    0x08001d44   0x08001d44   0x00000078   Code   RO          278    i.MX_GPIO_Init      gpio.o
    0x08001dbc   0x08001dbc   0x00000058   Code   RO          300    i.MX_I2C1_Init      i2c.o
    0x08001e14   0x08001e14   0x00000068   Code   RO          338    i.MX_USART2_UART_Init  usart.o
    0x08001e7c   0x08001e7c   0x00000002   Code   RO          394    i.NMI_Handler       stm32g0xx_it.o
    0x08001e7e   0x08001e7e   0x0000004e   Code   RO           15    i.OPT3001_IIC_Read  opt3001.o
    0x08001ecc   0x08001ecc   0x0000002e   Code   RO           16    i.OPT3001_IIC_Write  opt3001.o
    0x08001efa   0x08001efa   0x00000002   PAD
    0x08001efc   0x08001efc   0x00000044   Code   RO           17    i.OPT3001_INT       opt3001.o
    0x08001f40   0x08001f40   0x0000010c   Code   RO           18    i.OPT3001_Init      opt3001.o
    0x0800204c   0x0800204c   0x0000006c   Code   RO           19    i.OPT3001_Read_Brightness  opt3001.o
    0x080020b8   0x080020b8   0x0000004e   Code   RO           20    i.OPT3001_Read_Configuration  opt3001.o
    0x08002106   0x08002106   0x00000002   PAD
    0x08002108   0x08002108   0x0000002c   Code   RO           21    i.OPT3001_Read_Device_ID  opt3001.o
    0x08002134   0x08002134   0x0000002c   Code   RO           22    i.OPT3001_Read_Manufacturer_ID  opt3001.o
    0x08002160   0x08002160   0x00000022   Code   RO           23    i.OPT3001_Reset     opt3001.o
    0x08002182   0x08002182   0x00000102   Code   RO           24    i.OPT3001_Write_Configuration  opt3001.o
    0x08002284   0x08002284   0x0000001e   Code   RO           25    i.OPT3001_Write_High_Limit  opt3001.o
    0x080022a2   0x080022a2   0x0000001e   Code   RO           26    i.OPT3001_Write_Low_Limit  opt3001.o
    0x080022c0   0x080022c0   0x00000002   Code   RO          395    i.PendSV_Handler    stm32g0xx_it.o
    0x080022c2   0x080022c2   0x00000002   Code   RO          396    i.SVC_Handler       stm32g0xx_it.o
    0x080022c4   0x080022c4   0x00000008   Code   RO          397    i.SysTick_Handler   stm32g0xx_it.o
    0x080022cc   0x080022cc   0x0000008c   Code   RO          240    i.SystemClock_Config  main.o
    0x08002358   0x08002358   0x00000010   Code   RO         2762    i.SystemInit        system_stm32g0xx.o
    0x08002368   0x08002368   0x00000060   Code   RO         2667    i.UARTEx_SetNbDataToProcess  stm32g0xx_hal_uart_ex.o
    0x080023c8   0x080023c8   0x000000ca   Code   RO         2281    i.UART_AdvFeatureConfig  stm32g0xx_hal_uart.o
    0x08002492   0x08002492   0x00000002   PAD
    0x08002494   0x08002494   0x00000064   Code   RO         2282    i.UART_CheckIdleState  stm32g0xx_hal_uart.o
    0x080024f8   0x080024f8   0x0000023c   Code   RO         2299    i.UART_SetConfig    stm32g0xx_hal_uart.o
    0x08002734   0x08002734   0x0000009c   Code   RO         2306    i.UART_WaitOnFlagUntilTimeout  stm32g0xx_hal_uart.o
    0x080027d0   0x080027d0   0x00000020   Code   RO         3049    i.__0printf         mc_p.l(printfa.o)
    0x080027f0   0x080027f0   0x0000002e   Code   RO         3149    i.__ARM_clz         mf_p.l(depilogue.o)
    0x0800281e   0x0800281e   0x00000002   PAD
    0x08002820   0x08002820   0x0000002c   Code   RO         3103    i.__ARM_fpclassify  m_ps.l(fpclassify.o)
    0x0800284c   0x0800284c   0x00000044   Code   RO         1827    i.__NVIC_SetPriority  stm32g0xx_hal_cortex.o
    0x08002890   0x08002890   0x000000ac   Code   RO         3105    i.__kernel_poly     m_ps.l(poly.o)
    0x0800293c   0x0800293c   0x00000014   Code   RO         3089    i.__mathlib_dbl_divzero  m_ps.l(dunder.o)
    0x08002950   0x08002950   0x00000008   Code   RO         3091    i.__mathlib_dbl_infnan2  m_ps.l(dunder.o)
    0x08002958   0x08002958   0x00000010   Code   RO         3092    i.__mathlib_dbl_invalid  m_ps.l(dunder.o)
    0x08002968   0x08002968   0x00000014   Code   RO         3093    i.__mathlib_dbl_overflow  m_ps.l(dunder.o)
    0x0800297c   0x0800297c   0x00000014   Code   RO         3095    i.__mathlib_dbl_underflow  m_ps.l(dunder.o)
    0x08002990   0x08002990   0x0000000e   Code   RO         3167    i.__scatterload_copy  mc_p.l(handlers.o)
    0x0800299e   0x0800299e   0x00000002   Code   RO         3168    i.__scatterload_null  mc_p.l(handlers.o)
    0x080029a0   0x080029a0   0x0000000e   Code   RO         3169    i.__scatterload_zeroinit  mc_p.l(handlers.o)
    0x080029ae   0x080029ae   0x00000002   PAD
    0x080029b0   0x080029b0   0x0000000c   Code   RO         3139    i.__set_errno       mc_p.l(errno.o)
    0x080029bc   0x080029bc   0x00000174   Code   RO         3056    i._fp_digits        mc_p.l(printfa.o)
    0x08002b30   0x08002b30   0x000006ec   Code   RO         3057    i._printf_core      mc_p.l(printfa.o)
    0x0800321c   0x0800321c   0x00000020   Code   RO         3058    i._printf_post_padding  mc_p.l(printfa.o)
    0x0800323c   0x0800323c   0x0000002c   Code   RO         3059    i._printf_pre_padding  mc_p.l(printfa.o)
    0x08003268   0x08003268   0x00000018   Code   RO          341    i.fputc             usart.o
    0x08003280   0x08003280   0x00000054   Code   RO          241    i.main              main.o
    0x080032d4   0x080032d4   0x000009fc   Code   RO         2794    i.pow               m_ps.l(pow.o)
    0x08003cd0   0x08003cd0   0x00000048   Code   RO         3109    i.sqrt              m_ps.l(sqrt.o)
    0x08003d18   0x08003d18   0x00000018   Data   RO         2307    .constdata          stm32g0xx_hal_uart.o
    0x08003d30   0x08003d30   0x00000040   Data   RO         2763    .constdata          system_stm32g0xx.o
    0x08003d70   0x08003d70   0x00000020   Data   RO         2764    .constdata          system_stm32g0xx.o
    0x08003d90   0x08003d90   0x00000088   Data   RO         2795    .constdata          m_ps.l(pow.o)
    0x08003e18   0x08003e18   0x00000008   Data   RO         3107    .constdata          m_ps.l(qnan.o)
    0x08003e20   0x08003e20   0x00000020   Data   RO         3165    Region$$Table       anon$$obj.o


    Execution Region RW_IRAM1 (Exec base: 0x20000000, Load base: 0x08003e40, Size: 0x00000590, Max: 0x00009000, ABSOLUTE)

    Exec Addr    Load Addr    Size         Type   Attr      Idx    E Section Name        Object

    0x20000000   0x08003e40   0x0000000c   Data   RW         1957    .data               stm32g0xx_hal.o
    0x2000000c   0x08003e4c   0x00000004   Data   RW         2765    .data               system_stm32g0xx.o
    0x20000010   0x08003e50   0x00000004   Data   RW         3130    .data               mc_p.l(stdout.o)
    0x20000014   0x08003e54   0x00000004   Data   RW         3140    .data               mc_p.l(errno.o)
    0x20000018        -       0x00000098   Zero   RW           27    .bss                opt3001.o
    0x200000b0        -       0x0000004c   Zero   RW          301    .bss                i2c.o
    0x200000fc        -       0x00000090   Zero   RW          342    .bss                usart.o
    0x2000018c   0x08003e58   0x00000004   PAD
    0x20000190        -       0x00000400   Zero   RW            1    STACK               startup_stm32g071xx.o


==============================================================================

Image component sizes


      Code (inc. data)   RO Data    RW Data    ZI Data      Debug   Object Name

       120         10          0          0          0        939   gpio.o
       184         20          0          0         76       1657   i2c.o
       228         20          0          0          0       2032   main.o
      1338        138          0          0        152     450437   opt3001.o
        28          8        188          0       1024        636   startup_stm32g071xx.o
       196         30          0         12          0      19088   stm32g0xx_hal.o
       148         24          0          0          0      12121   stm32g0xx_hal_cortex.o
       402         22          0          0          0       3967   stm32g0xx_hal_gpio.o
      1272         40          0          0          0      10402   stm32g0xx_hal_i2c.o
       146          0          0          0          0       1919   stm32g0xx_hal_i2c_ex.o
        52          6          0          0          0        842   stm32g0xx_hal_msp.o
        76         14          0          0          0        746   stm32g0xx_hal_pwr_ex.o
      1532         88          0          0          0      23529   stm32g0xx_hal_rcc.o
       480         20          0          0          0       1756   stm32g0xx_hal_rcc_ex.o
      1354         56         24          0          0      25430   stm32g0xx_hal_uart.o
       298         16          0          0          0       3653   stm32g0xx_hal_uart_ex.o
        52          6          0          0          0       2636   stm32g0xx_it.o
        16          6         96          4          0       1155   system_stm32g0xx.o
       224         24          0          0        144       2194   usart.o

    ----------------------------------------------------------------------
      8164        548        340         16       1400     565139   Object Totals
         0          0         32          0          0          0   (incl. Generated)
        18          0          0          0          4          0   (incl. Padding)

    ----------------------------------------------------------------------

      Code (inc. data)   RO Data    RW Data    ZI Data      Debug   Library Member Name

        84         14          0          0          0        340   dunder.o
        44          4          0          0          0         60   fpclassify.o
       172          0          0          0          0         76   poly.o
      2556        196        136          0          0        240   pow.o
         0          0          8          0          0          0   qnan.o
        72          6          0          0          0         76   sqrt.o
         0          0          0          0          0          0   entry.o
         0          0          0          0          0          0   entry10a.o
         0          0          0          0          0          0   entry11a.o
         8          4          0          0          0          0   entry2.o
         4          0          0          0          0          0   entry5.o
         0          0          0          0          0          0   entry7b.o
         0          0          0          0          0          0   entry8b.o
         8          4          0          0          0          0   entry9a.o
        12          6          0          4          0         60   errno.o
        30          0          0          0          0          0   handlers.o
        36          8          0          0          0         68   init.o
         0          0          0          0          0          0   iusefp.o
        32          0          0          0          0         68   llshl.o
        38          0          0          0          0         68   llsshr.o
        34          0          0          0          0         68   llushr.o
        36          0          0          0          0         60   memcpya.o
        36          0          0          0          0        100   memseta.o
      2252         98          0          0          0        412   printfa.o
         0          0          0          4          0          0   stdout.o
        44          0          0          0          0         72   uidiv.o
        96          0          0          0          0         84   uldiv.o
        40          2          0          0          0         68   cdrcmple.o
        56          0          0          0          0         68   d2f.o
       356          4          0          0          0        140   dadd.o
       240          6          0          0          0         84   ddiv.o
       236          0          0          0          0        216   depilogue.o
        72         10          0          0          0         72   dfixi.o
        64         10          0          0          0         68   dfixul.o
        40          6          0          0          0         68   dflti.o
       208          6          0          0          0         88   dmul.o
        44          0          0          0          0         72   dscalb.o
       162          0          0          0          0         80   dsqrt.o
        40          0          0          0          0         60   f2d.o
       130          0          0          0          0        144   fepilogue.o

    ----------------------------------------------------------------------
      7288        384        144          8          0       3080   Library Totals
         6          0          0          0          0          0   (incl. Padding)

    ----------------------------------------------------------------------

      Code (inc. data)   RO Data    RW Data    ZI Data      Debug   Library Name

      2928        220        144          0          0        792   m_ps.l
      2666        120          0          8          0       1060   mc_p.l
      1688         44          0          0          0       1228   mf_p.l

    ----------------------------------------------------------------------
      7288        384        144          8          0       3080   Library Totals

    ----------------------------------------------------------------------

==============================================================================


      Code (inc. data)   RO Data    RW Data    ZI Data      Debug   

     15452        932        484         24       1400     563611   Grand Totals
     15452        932        484         24       1400     563611   ELF Image Totals
     15452        932        484         24          0          0   ROM Totals

==============================================================================

    Total RO  Size (Code + RO Data)                15936 (  15.56kB)
    Total RW  Size (RW Data + ZI Data)              1424 (   1.39kB)
    Total ROM Size (Code + RO Data + RW Data)      15960 (  15.59kB)

==============================================================================

